==27870==    by 0xA6C241E: POA_Components::CCMObject::configuration_complete_skel(TAO_ServerRequest&, TAO::Portable_Server::Servant_Upcall*, TAO_ServantBase*) (in /home/johnny/ACE/trunk/CIAO/ccm/libCCM_svnt.so.1.1.9)
==27869==    by 0x7E2A041: ACE_Thread_Manager::spawn_n(unsigned long, void* (*)(void*), void*, long, long, int, ACE_Task_Base*, unsigned long*, void**, unsigned long*, char const**) (in /home/johnny/ACE/trunk/ACE/ace/libACE.so.6.1.9)
==27870==    by 0x6DFD63E: TAO_ServantBase::synchronous_upcall_dispatch(TAO_ServerRequest&, TAO::Portable_Server::Servant_Upcall*, TAO_ServantBase*) (in /home/johnny/ACE/trunk/TAO/tao/PortableServer/libTAO_PortableServer.so.2.1.9)
==27869==    by 0x7E224DC: ACE_Task_Base::activate(long, int, int, long, int, ACE_Task_Base*, unsigned long*, void**, unsigned long*, unsigned long*, char const**) (in /home/johnny/ACE/trunk/ACE/ace/libACE.so.6.1.9)
==27870==    by 0x6DD2FFD: TAO_Object_Adapter::dispatch_servant(TAO::ObjectKey const&, TAO_ServerRequest&, TAO_Pseudo_Out_T<CORBA::Object>) (in /home/johnny/ACE/trunk/TAO/tao/PortableServer/libTAO_PortableServer.so.2.1.9)
==27869==    by 0xE50B8BA: OpenDDS::DCPS::TransportReactorTask::open(void*) (in /home/johnny/ACE/OpenDDS/dds/libOpenDDS_Dcps.so.3.4.1)
==27870==    by 0x6DD3193: TAO_Object_Adapter::dispatch(TAO::ObjectKey&, TAO_ServerRequest&, TAO_Pseudo_Out_T<CORBA::Object>) (in /home/johnny/ACE/trunk/TAO/tao/PortableServer/libTAO_PortableServer.so.2.1.9)
==27869==    by 0xE4DEED6: OpenDDS::DCPS::TransportImpl::create_reactor_task(bool) (in /home/johnny/ACE/OpenDDS/dds/libOpenDDS_Dcps.so.3.4.1)
==27870==    by 0x7A008F9: TAO_Adapter_Registry::dispatch(TAO::ObjectKey&, TAO_ServerRequest&, TAO_Pseudo_Out_T<CORBA::Object>) (in /home/johnny/ACE/trunk/TAO/tao/libTAO.so.2.1.9)
==27869==    by 0x11033B3F: OpenDDS::DCPS::RtpsUdpTransport::configure_i(OpenDDS::DCPS::TransportInst*) (in /home/johnny/ACE/OpenDDS/dds/DCPS/transport/rtps_udp/libOpenDDS_Rtps_Udp.so.3.4.1)
==27870==    by 0x7A6D263: TAO_Request_Dispatcher::dispatch(TAO_ORB_Core*, TAO_ServerRequest&, TAO_Pseudo_Out_T<CORBA::Object>) (in /home/johnny/ACE/trunk/TAO/tao/libTAO.so.2.1.9)
==27869==    by 0xE4E07C6: OpenDDS::DCPS::TransportImpl::configure(OpenDDS::DCPS::TransportInst*) (in /home/johnny/ACE/OpenDDS/dds/libOpenDDS_Dcps.so.3.4.1)
==27870==    by 0x7A04414: TAO::Collocated_Invocation::invoke(TAO::Collocation_Strategy) (in /home/johnny/ACE/trunk/TAO/tao/libTAO.so.2.1.9)
==27870==    by 0x7A33CCB: TAO::Invocation_Adapter::invoke_collocated_i(TAO_Stub*, TAO_Operation_Details&, TAO_Pseudo_Var_T<CORBA::Object>&, TAO::Collocation_Strategy) (in /home/johnny/ACE/trunk/TAO/tao/libTAO.so.2.1.9)
==27869==    by 0x110336DC: OpenDDS::DCPS::RtpsUdpTransport::RtpsUdpTransport(OpenDDS::DCPS::RcHandle<OpenDDS::DCPS::TransportInst> const&) (in /home/johnny/ACE/OpenDDS/dds/DCPS/transport/rtps_udp/libOpenDDS_Rtps_Udp.so.3.4.1)
==27870==    by 0x7A343CD: TAO::Invocation_Adapter::invoke_i(TAO_Stub*, TAO_Operation_Details&) (in /home/johnny/ACE/trunk/TAO/tao/libTAO.so.2.1.9)
==27870==    by 0x7A33420: TAO::Invocation_Adapter::invoke(TAO::Exception_Data*, unsigned long) (in /home/johnny/ACE/trunk/TAO/tao/libTAO.so.2.1.9)
==27869==    by 0x1103D0E8: OpenDDS::DCPS::RtpsUdpInst::new_impl(OpenDDS::DCPS::RcHandle<OpenDDS::DCPS::TransportInst> const&) (in /home/johnny/ACE/OpenDDS/dds/DCPS/transport/rtps_udp/libOpenDDS_Rtps_Udp.so.3.4.1)
==27870==    by 0xB7537AF: Components::CCMObject::configuration_complete() (in /home/johnny/ACE/trunk/CIAO/ccm/libCCM_stub.so.1.1.9)
==27869==    by 0xE4E98CA: OpenDDS::DCPS::TransportInst::impl() (in /home/johnny/ACE/OpenDDS/dds/libOpenDDS_Dcps.so.3.4.1)
==27870==    by 0x9C32FB4: CIAO::Component_Handler_i::instance_configured(Deployment::DeploymentPlan const&, unsigned int) (in /home/johnny/ACE/trunk/CIAO/ciao/Deployment/Handlers/libCIAO_Deployment_Handlers.so.1.1.9)
==27869==    by 0xE4D7807: OpenDDS::DCPS::TransportClient::enable_transport_using_config(bool, bool, OpenDDS::DCPS::RcHandle<OpenDDS::DCPS::TransportConfig> const&) (in /home/johnny/ACE/OpenDDS/dds/libOpenDDS_Dcps.so.3.4.1)
==27870==    by 0x59044E4: DAnCE::Instance_Configured::invoke(DAnCE::InstanceDeploymentHandler*) (in /home/johnny/ACE/trunk/DAnCE/dance/LocalityManager/Scheduler/libDAnCE_Deployment_Scheduler.so.1.1.9)
==27869==    by 0xDFD6844: OpenDDS::RTPS::Sedp::init(OpenDDS::DCPS::GUID_t const&, OpenDDS::RTPS::RtpsDiscovery const&, int) (in /home/johnny/ACE/OpenDDS/dds/DCPS/RTPS/libOpenDDS_Rtps.so.3.4.1)
==27870==    by 0x58FF845: DAnCE::Action_Base::call() (in /home/johnny/ACE/trunk/DAnCE/dance/LocalityManager/Scheduler/libDAnCE_Deployment_Scheduler.so.1.1.9)
==27869==    by 0xDFA437B: OpenDDS::RTPS::Spdp::Spdp(int, OpenDDS::DCPS::GUID_t const&, DDS::DomainParticipantQos const&, OpenDDS::RTPS::RtpsDiscovery*) (in /home/johnny/ACE/OpenDDS/dds/DCPS/RTPS/libOpenDDS_Rtps.so.3.4.1)
==27870==    by 0x58FC63D: DAnCE::Deployment_Scheduler::perform_work() (in /home/johnny/ACE/trunk/DAnCE/dance/LocalityManager/Scheduler/libDAnCE_Deployment_Scheduler.so.1.1.9)
==27870== 
==27869==    by 0xDFF800E: OpenDDS::RTPS::RtpsDiscovery::add_domain_participant(int, DDS::DomainParticipantQos const&) (in /home/johnny/ACE/OpenDDS/dds/DCPS/RTPS/libOpenDDS_Rtps.so.3.4.1)
==27869==    by 0xE418E84: OpenDDS::DCPS::DomainParticipantFactoryImpl::create_participant(int, DDS::DomainParticipantQos const&, DDS::DomainParticipantListener*, unsigned int) (in /home/johnny/ACE/OpenDDS/dds/libOpenDDS_Dcps.so.3.4.1)
==27869==    by 0xBDF68D6: DDS_Base_Connector_T<CIAO_PSL_DeadlineTest_PSLDeadlineConnector_DDS_Event_Impl::CCM_PSL_DeadlineTest_PSLDeadlineConnector_DDS_Event_Traits>::init_domain(DDS::DomainParticipant*&) (in /home/johnny/ACE/trunk/CIAO/connectors/dds4ccm/tests/PSLDeadline/Connector/libDDS_PSL_DeadlineTest_Connector_exec.so.3.4.1)
==27869==    by 0xBDF6FE0: DDS_TopicBase_Connector_T<CIAO_PSL_DeadlineTest_PSLDeadlineConnector_DDS_Event_Impl::CCM_PSL_DeadlineTest_PSLDeadlineConnector_DDS_Event_Traits, CIAO_PSL_DeadlineTest_PSLDeadlineConnector_DDS_Event_Impl::TestTopic_DDS_Traits, TAO::DCPS::ZeroCopyDataSeq<TestTopic, 20ul> >::configuration_complete() (in /home/johnny/ACE/trunk/CIAO/connectors/dds4ccm/tests/PSLDeadline/Connector/libDDS_PSL_DeadlineTest_Connector_exec.so.3.4.1)
==27870== 320 bytes in 1 blocks are indirectly lost in loss record 53 of 85
==27870==    at 0x4C2B25D: operator new[](unsigned long, std::nothrow_t const&) (in /usr/lib64/valgrind/vgpreload_memcheck-amd64-linux.so)
==27869==    by 0xBDF72C3: DDS_Event_Connector_T<CIAO_PSL_DeadlineTest_PSLDeadlineConnector_DDS_Event_Impl::CCM_PSL_DeadlineTest_PSLDeadlineConnector_DDS_Event_Traits, CIAO_PSL_DeadlineTest_PSLDeadlineConnector_DDS_Event_Impl::TestTopic_DDS_Traits, false, TAO::DCPS::ZeroCopyDataSeq<TestTopic, 20ul> >::do_configuration_complete() (in /home/johnny/ACE/trunk/CIAO/connectors/dds4ccm/tests/PSLDeadline/Connector/libDDS_PSL_DeadlineTest_Connector_exec.so.3.4.1)
==27870==    by 0xC40FD9B: OpenDDS::DCPS::Cached_Allocator_With_Overflow<TestTopic, ACE_Null_Mutex>::Cached_Allocator_With_Overflow(unsigned long) (in /home/johnny/ACE/trunk/CIAO/connectors/dds4ccm/tests/PSLDeadline/Base/libDDS_PSL_DeadlineTest_Base_stub.so.3.4.1)
==27870==    by 0xC405D1F: TestTopicDataReaderImpl::enable_specific() (in /home/johnny/ACE/trunk/CIAO/connectors/dds4ccm/tests/PSLDeadline/Base/libDDS_PSL_DeadlineTest_Base_stub.so.3.4.1)
==27869==    by 0xBDF7697: DDS_Event_Connector_T<CIAO_PSL_DeadlineTest_PSLDeadlineConnector_DDS_Event_Impl::CCM_PSL_DeadlineTest_PSLDeadlineConnector_DDS_Event_Traits, CIAO_PSL_DeadlineTest_PSLDeadlineConnector_DDS_Event_Impl::TestTopic_DDS_Traits, false, TAO::DCPS::ZeroCopyDataSeq<TestTopic, 20ul> >::configuration_complete() (in /home/johnny/ACE/trunk/CIAO/connectors/dds4ccm/tests/PSLDeadline/Connector/libDDS_PSL_DeadlineTest_Connector_exec.so.3.4.1)
==27870==    by 0xDEDF059: OpenDDS::DCPS::DataReaderImpl::enable() (in /home/johnny/ACE/OpenDDS/dds/libOpenDDS_Dcps.so.3.4.1)
==27870==    by 0xDF5AE07: OpenDDS::DCPS::SubscriberImpl::create_datareader(DDS::TopicDescription*, DDS::DataReaderQos const&, DDS::DataReaderListener*, unsigned int) (in /home/johnny/ACE/OpenDDS/dds/libOpenDDS_Dcps.so.3.4.1)
==27869==    by 0xF181004: CIAO::Session_Servant_Impl_T<POA_PSL_DeadlineTest::PSLDeadlineConnector::DDS_Event, PSL_DeadlineTest::PSLDeadlineConnector::CCM_DDS_Event, CIAO_PSL_DeadlineTest_PSLDeadlineConnector_DDS_Event_Impl::DDS_Event_Context_T<CIAO::Session_Container, CIAO::Session_Context_Impl_T<PSL_DeadlineTest::PSLDeadlineConnector::CCM_DDS_Event_Context, PSL_DeadlineTest::PSLDeadlineConnector::DDS_Event> > >::configuration_complete() (in /home/johnny/ACE/trunk/CIAO/connectors/dds4ccm/tests/PSLDeadline/Connector/libDDS_PSL_DeadlineTest_Connector_svnt.so.3.4.1)
==27870==    by 0xF58AAD0: DDS_Subscriber_Base_T<CIAO_PSL_DeadlineTest_PSLDeadlineConnector_DDS_Event_Impl::CCM_PSL_DeadlineTest_PSLDeadlineConnector_DDS_Event_Traits::push_consumer_traits, TestTopicDataReader, TestTopic, TAO::DCPS::ZeroCopyDataSeq<TestTopic, 20ul> >::configuration_complete(DDS::Topic*, DDS::Subscriber*, char const*, OpenDDS::DCPS::QOS_XML_Loader*) (in /home/johnny/ACE/trunk/CIAO/connectors/dds4ccm/tests/PSLDeadline/Connector/libDDS_PSL_DeadlineTest_Connector_exec.so.3.4.1)
==27869==    by 0x6E05AAD: TAO::Upcall_Wrapper::upcall(TAO_ServerRequest&, TAO::Argument* const*, unsigned long, TAO::Upcall_Command&, TAO::Portable_Server::Servant_Upcall*, CORBA::TypeCode* const*, unsigned int) (in /home/johnny/ACE/trunk/TAO/tao/PortableServer/libTAO_PortableServer.so.2.1.9)
==27870==    by 0xF58E353: DDS_Event_Connector_T<CIAO_PSL_DeadlineTest_PSLDeadlineConnector_DDS_Event_Impl::CCM_PSL_DeadlineTest_PSLDeadlineConnector_DDS_Event_Traits, CIAO_PSL_DeadlineTest_PSLDeadlineConnector_DDS_Event_Impl::TestTopic_DDS_Traits, false, TAO::DCPS::ZeroCopyDataSeq<TestTopic, 20ul> >::do_configuration_complete() (in /home/johnny/ACE/trunk/CIAO/connectors/dds4ccm/tests/PSLDeadline/Connector/libDDS_PSL_DeadlineTest_Connector_exec.so.3.4.1)
==27869==    by 0xA6C241E: POA_Components::CCMObject::configuration_complete_skel(TAO_ServerRequest&, TAO::Portable_Server::Servant_Upcall*, TAO_ServantBase*) (in /home/johnny/ACE/trunk/CIAO/ccm/libCCM_svnt.so.1.1.9)
==27870==    by 0xF58E697: DDS_Event_Connector_T<CIAO_PSL_DeadlineTest_PSLDeadlineConnector_DDS_Event_Impl::CCM_PSL_DeadlineTest_PSLDeadlineConnector_DDS_Event_Traits, CIAO_PSL_DeadlineTest_PSLDeadlineConnector_DDS_Event_Impl::TestTopic_DDS_Traits, false, TAO::DCPS::ZeroCopyDataSeq<TestTopic, 20ul> >::configuration_complete() (in /home/johnny/ACE/trunk/CIAO/connectors/dds4ccm/tests/PSLDeadline/Connector/libDDS_PSL_DeadlineTest_Connector_exec.so.3.4.1)
==27869==    by 0x6DFD63E: TAO_ServantBase::synchronous_upcall_dispatch(TAO_ServerRequest&, TAO::Portable_Server::Servant_Upcall*, TAO_ServantBase*) (in /home/johnny/ACE/trunk/TAO/tao/PortableServer/libTAO_PortableServer.so.2.1.9)
==27870==    by 0xF09F004: CIAO::Session_Servant_Impl_T<POA_PSL_DeadlineTest::PSLDeadlineConnector::DDS_Event, PSL_DeadlineTest::PSLDeadlineConnector::CCM_DDS_Event, CIAO_PSL_DeadlineTest_PSLDeadlineConnector_DDS_Event_Impl::DDS_Event_Context_T<CIAO::Session_Container, CIAO::Session_Context_Impl_T<PSL_DeadlineTest::PSLDeadlineConnector::CCM_DDS_Event_Context, PSL_DeadlineTest::PSLDeadlineConnector::DDS_Event> > >::configuration_complete() (in /home/johnny/ACE/trunk/CIAO/connectors/dds4ccm/tests/PSLDeadline/Connector/libDDS_PSL_DeadlineTest_Connector_svnt.so.3.4.1)
==27869== 
==27870==    by 0x6E05AAD: TAO::Upcall_Wrapper::upcall(TAO_ServerRequest&, TAO::Argument* const*, unsigned long, TAO::Upcall_Command&, TAO::Portable_Server::Servant_Upcall*, CORBA::TypeCode* const*, unsigned int) (in /home/johnny/ACE/trunk/TAO/tao/PortableServer/libTAO_PortableServer.so.2.1.9)
==27870==    by 0xA6C241E: POA_Components::CCMObject::configuration_complete_skel(TAO_ServerRequest&, TAO::Portable_Server::Servant_Upcall*, TAO_ServantBase*) (in /home/johnny/ACE/trunk/CIAO/ccm/libCCM_svnt.so.1.1.9)
==27870==    by 0x6DFD63E: TAO_ServantBase::synchronous_upcall_dispatch(TAO_ServerRequest&, TAO::Portable_Server::Servant_Upcall*, TAO_ServantBase*) (in /home/johnny/ACE/trunk/TAO/tao/PortableServer/libTAO_PortableServer.so.2.1.9)
==27870==    by 0x6DD2FFD: TAO_Object_Adapter::dispatch_servant(TAO::ObjectKey const&, TAO_ServerRequest&, TAO_Pseudo_Out_T<CORBA::Object>) (in /home/johnny/ACE/trunk/TAO/tao/PortableServer/libTAO_PortableServer.so.2.1.9)
==27870==    by 0x6DD3193: TAO_Object_Adapter::dispatch(TAO::ObjectKey&, TAO_ServerRequest&, TAO_Pseudo_Out_T<CORBA::Object>) (in /home/johnny/ACE/trunk/TAO/tao/PortableServer/libTAO_PortableServer.so.2.1.9)
==27870==    by 0x7A008F9: TAO_Adapter_Registry::dispatch(TAO::ObjectKey&, TAO_ServerRequest&, TAO_Pseudo_Out_T<CORBA::Object>) (in /home/johnny/ACE/trunk/TAO/tao/libTAO.so.2.1.9)
==27870==    by 0x7A6D263: TAO_Request_Dispatcher::dispatch(TAO_ORB_Core*, TAO_ServerRequest&, TAO_Pseudo_Out_T<CORBA::Object>) (in /home/johnny/ACE/trunk/TAO/tao/libTAO.so.2.1.9)
==27870==    by 0x7A04414: TAO::Collocated_Invocation::invoke(TAO::Collocation_Strategy) (in /home/johnny/ACE/trunk/TAO/tao/libTAO.so.2.1.9)
==27870==    by 0x7A33CCB: TAO::Invocation_Adapter::invoke_collocated_i(TAO_Stub*, TAO_Operation_Details&, TAO_Pseudo_Var_T<CORBA::Object>&, TAO::Collocation_Strategy) (in /home/johnny/ACE/trunk/TAO/tao/libTAO.so.2.1.9)
==27870==    by 0x7A343CD: TAO::Invocation_Adapter::invoke_i(TAO_Stub*, TAO_Operation_Details&) (in /home/johnny/ACE/trunk/TAO/tao/libTAO.so.2.1.9)
==27870==    by 0x7A33420: TAO::Invocation_Adapter::invoke(TAO::Exception_Data*, unsigned long) (in /home/johnny/ACE/trunk/TAO/tao/libTAO.so.2.1.9)
==27870==    by 0xB7537AF: Components::CCMObject::configuration_complete() (in /home/johnny/ACE/trunk/CIAO/ccm/libCCM_stub.so.1.1.9)
==27870==    by 0x9C32FB4: CIAO::Component_Handler_i::instance_configured(Deployment::DeploymentPlan const&, unsigned int) (in /home/johnny/ACE/trunk/CIAO/ciao/Deployment/Handlers/libCIAO_Deployment_Handlers.so.1.1.9)
==27870==    by 0x59044E4: DAnCE::Instance_Configured::invoke(DAnCE::InstanceDeploymentHandler*) (in /home/johnny/ACE/trunk/DAnCE/dance/LocalityManager/Scheduler/libDAnCE_Deployment_Scheduler.so.1.1.9)
==27870==    by 0x58FF845: DAnCE::Action_Base::call() (in /home/johnny/ACE/trunk/DAnCE/dance/LocalityManager/Scheduler/libDAnCE_Deployment_Scheduler.so.1.1.9)
==27869== 104 bytes in 1 blocks are still reachable in loss record 65 of 147
==27870==    by 0x58FC63D: DAnCE::Deployment_Scheduler::perform_work() (in /home/johnny/ACE/trunk/DAnCE/dance/LocalityManager/Scheduler/libDAnCE_Deployment_Scheduler.so.1.1.9)
==27870== 
==27869==    at 0x4C2B9CB: operator new(unsigned long, std::nothrow_t const&) (in /usr/lib64/valgrind/vgpreload_memcheck-amd64-linux.so)
==27869==    by 0x7E2A56C: ACE_Locked_Free_List<ACE_Thread_Descriptor, ACE_Thread_Mutex>::alloc(unsigned long) (in /home/johnny/ACE/trunk/ACE/ace/libACE.so.6.1.9)
==27869==    by 0x7E284B3: ACE_Thread_Manager::spawn_i(void* (*)(void*), void*, long, unsigned long*, unsigned long*, long, int, void*, unsigned long, ACE_Task_Base*, char const**) (in /home/johnny/ACE/trunk/ACE/ace/libACE.so.6.1.9)
==27869==    by 0x7E2A041: ACE_Thread_Manager::spawn_n(unsigned long, void* (*)(void*), void*, long, long, int, ACE_Task_Base*, unsigned long*, void**, unsigned long*, char const**) (in /home/johnny/ACE/trunk/ACE/ace/libACE.so.6.1.9)
==27869==    by 0x7E224DC: ACE_Task_Base::activate(long, int, int, long, int, ACE_Task_Base*, unsigned long*, void**, unsigned long*, unsigned long*, char const**) (in /home/johnny/ACE/trunk/ACE/ace/libACE.so.6.1.9)
==27869==    by 0xE4E09E1: OpenDDS::DCPS::TransportImpl::configure(OpenDDS::DCPS::TransportInst*) (in /home/johnny/ACE/OpenDDS/dds/libOpenDDS_Dcps.so.3.4.1)
==27869==    by 0x110336DC: OpenDDS::DCPS::RtpsUdpTransport::RtpsUdpTransport(OpenDDS::DCPS::RcHandle<OpenDDS::DCPS::TransportInst> const&) (in /home/johnny/ACE/OpenDDS/dds/DCPS/transport/rtps_udp/libOpenDDS_Rtps_Udp.so.3.4.1)
==27870== 320 bytes in 1 blocks are indirectly lost in loss record 54 of 85
==27870==    at 0x4C2B25D: operator new[](unsigned long, std::nothrow_t const&) (in /usr/lib64/valgrind/vgpreload_memcheck-amd64-linux.so)
==27869==    by 0x1103D0E8: OpenDDS::DCPS::RtpsUdpInst::new_impl(OpenDDS::DCPS::RcHandle<OpenDDS::DCPS::TransportInst> const&) (in /home/johnny/ACE/OpenDDS/dds/DCPS/transport/rtps_udp/libOpenDDS_Rtps_Udp.so.3.4.1)
==27870==    by 0xC40FD9B: OpenDDS::DCPS::Cached_Allocator_With_Overflow<TestTopic, ACE_Null_Mutex>::Cached_Allocator_With_Overflow(unsigned long) (in /home/johnny/ACE/trunk/CIAO/connectors/dds4ccm/tests/PSLDeadline/Base/libDDS_PSL_DeadlineTest_Base_stub.so.3.4.1)
==27869==    by 0xE4E98CA: OpenDDS::DCPS::TransportInst::impl() (in /home/johnny/ACE/OpenDDS/dds/libOpenDDS_Dcps.so.3.4.1)
==27870==    by 0xC405D1F: TestTopicDataReaderImpl::enable_specific() (in /home/johnny/ACE/trunk/CIAO/connectors/dds4ccm/tests/PSLDeadline/Base/libDDS_PSL_DeadlineTest_Base_stub.so.3.4.1)
==27870==    by 0xDEDF059: OpenDDS::DCPS::DataReaderImpl::enable() (in /home/johnny/ACE/OpenDDS/dds/libOpenDDS_Dcps.so.3.4.1)
==27869==    by 0xE4D7807: OpenDDS::DCPS::TransportClient::enable_transport_using_config(bool, bool, OpenDDS::DCPS::RcHandle<OpenDDS::DCPS::TransportConfig> const&) (in /home/johnny/ACE/OpenDDS/dds/libOpenDDS_Dcps.so.3.4.1)
==27870==    by 0xDF5AE07: OpenDDS::DCPS::SubscriberImpl::create_datareader(DDS::TopicDescription*, DDS::DataReaderQos const&, DDS::DataReaderListener*, unsigned int) (in /home/johnny/ACE/OpenDDS/dds/libOpenDDS_Dcps.so.3.4.1)
==27869==    by 0xDFD6844: OpenDDS::RTPS::Sedp::init(OpenDDS::DCPS::GUID_t const&, OpenDDS::RTPS::RtpsDiscovery const&, int) (in /home/johnny/ACE/OpenDDS/dds/DCPS/RTPS/libOpenDDS_Rtps.so.3.4.1)
==27870==    by 0xF58B1D0: DDS_Subscriber_Base_T<CIAO_PSL_DeadlineTest_PSLDeadlineConnector_DDS_Event_Impl::CCM_PSL_DeadlineTest_PSLDeadlineConnector_DDS_Event_Traits::pull_consumer_traits, TestTopicDataReader, TestTopic, TAO::DCPS::ZeroCopyDataSeq<TestTopic, 20ul> >::configuration_complete(DDS::Topic*, DDS::Subscriber*, char const*, OpenDDS::DCPS::QOS_XML_Loader*) (in /home/johnny/ACE/trunk/CIAO/connectors/dds4ccm/tests/PSLDeadline/Connector/libDDS_PSL_DeadlineTest_Connector_exec.so.3.4.1)
==27869==    by 0xDFA437B: OpenDDS::RTPS::Spdp::Spdp(int, OpenDDS::DCPS::GUID_t const&, DDS::DomainParticipantQos const&, OpenDDS::RTPS::RtpsDiscovery*) (in /home/johnny/ACE/OpenDDS/dds/DCPS/RTPS/libOpenDDS_Rtps.so.3.4.1)
==27870==    by 0xF58E46C: DDS_Event_Connector_T<CIAO_PSL_DeadlineTest_PSLDeadlineConnector_DDS_Event_Impl::CCM_PSL_DeadlineTest_PSLDeadlineConnector_DDS_Event_Traits, CIAO_PSL_DeadlineTest_PSLDeadlineConnector_DDS_Event_Impl::TestTopic_DDS_Traits, false, TAO::DCPS::ZeroCopyDataSeq<TestTopic, 20ul> >::do_configuration_complete() (in /home/johnny/ACE/trunk/CIAO/connectors/dds4ccm/tests/PSLDeadline/Connector/libDDS_PSL_DeadlineTest_Connector_exec.so.3.4.1)
==27869==    by 0xDFF800E: OpenDDS::RTPS::RtpsDiscovery::add_domain_participant(int, DDS::DomainParticipantQos const&) (in /home/johnny/ACE/OpenDDS/dds/DCPS/RTPS/libOpenDDS_Rtps.so.3.4.1)
==27870==    by 0xF58E697: DDS_Event_Connector_T<CIAO_PSL_DeadlineTest_PSLDeadlineConnector_DDS_Event_Impl::CCM_PSL_DeadlineTest_PSLDeadlineConnector_DDS_Event_Traits, CIAO_PSL_DeadlineTest_PSLDeadlineConnector_DDS_Event_Impl::TestTopic_DDS_Traits, false, TAO::DCPS::ZeroCopyDataSeq<TestTopic, 20ul> >::configuration_complete() (in /home/johnny/ACE/trunk/CIAO/connectors/dds4ccm/tests/PSLDeadline/Connector/libDDS_PSL_DeadlineTest_Connector_exec.so.3.4.1)
==27869==    by 0xE418E84: OpenDDS::DCPS::DomainParticipantFactoryImpl::create_participant(int, DDS::DomainParticipantQos const&, DDS::DomainParticipantListener*, unsigned int) (in /home/johnny/ACE/OpenDDS/dds/libOpenDDS_Dcps.so.3.4.1)
==27870==    by 0xF09F004: CIAO::Session_Servant_Impl_T<POA_PSL_DeadlineTest::PSLDeadlineConnector::DDS_Event, PSL_DeadlineTest::PSLDeadlineConnector::CCM_DDS_Event, CIAO_PSL_DeadlineTest_PSLDeadlineConnector_DDS_Event_Impl::DDS_Event_Context_T<CIAO::Session_Container, CIAO::Session_Context_Impl_T<PSL_DeadlineTest::PSLDeadlineConnector::CCM_DDS_Event_Context, PSL_DeadlineTest::PSLDeadlineConnector::DDS_Event> > >::configuration_complete() (in /home/johnny/ACE/trunk/CIAO/connectors/dds4ccm/tests/PSLDeadline/Connector/libDDS_PSL_DeadlineTest_Connector_svnt.so.3.4.1)
==27869==    by 0xBDF68D6: DDS_Base_Connector_T<CIAO_PSL_DeadlineTest_PSLDeadlineConnector_DDS_Event_Impl::CCM_PSL_DeadlineTest_PSLDeadlineConnector_DDS_Event_Traits>::init_domain(DDS::DomainParticipant*&) (in /home/johnny/ACE/trunk/CIAO/connectors/dds4ccm/tests/PSLDeadline/Connector/libDDS_PSL_DeadlineTest_Connector_exec.so.3.4.1)
==27870==    by 0x6E05AAD: TAO::Upcall_Wrapper::upcall(TAO_ServerRequest&, TAO::Argument* const*, unsigned long, TAO::Upcall_Command&, TAO::Portable_Server::Servant_Upcall*, CORBA::TypeCode* const*, unsigned int) (in /home/johnny/ACE/trunk/TAO/tao/PortableServer/libTAO_PortableServer.so.2.1.9)
==27870==    by 0xA6C241E: POA_Components::CCMObject::configuration_complete_skel(TAO_ServerRequest&, TAO::Portable_Server::Servant_Upcall*, TAO_ServantBase*) (in /home/johnny/ACE/trunk/CIAO/ccm/libCCM_svnt.so.1.1.9)
==27869==    by 0xBDF6FE0: DDS_TopicBase_Connector_T<CIAO_PSL_DeadlineTest_PSLDeadlineConnector_DDS_Event_Impl::CCM_PSL_DeadlineTest_PSLDeadlineConnector_DDS_Event_Traits, CIAO_PSL_DeadlineTest_PSLDeadlineConnector_DDS_Event_Impl::TestTopic_DDS_Traits, TAO::DCPS::ZeroCopyDataSeq<TestTopic, 20ul> >::configuration_complete() (in /home/johnny/ACE/trunk/CIAO/connectors/dds4ccm/tests/PSLDeadline/Connector/libDDS_PSL_DeadlineTest_Connector_exec.so.3.4.1)
==27870==    by 0x6DFD63E: TAO_ServantBase::synchronous_upcall_dispatch(TAO_ServerRequest&, TAO::Portable_Server::Servant_Upcall*, TAO_ServantBase*) (in /home/johnny/ACE/trunk/TAO/tao/PortableServer/libTAO_PortableServer.so.2.1.9)
==27870==    by 0x6DD2FFD: TAO_Object_Adapter::dispatch_servant(TAO::ObjectKey const&, TAO_ServerRequest&, TAO_Pseudo_Out_T<CORBA::Object>) (in /home/johnny/ACE/trunk/TAO/tao/PortableServer/libTAO_PortableServer.so.2.1.9)
==27869==    by 0xBDF72C3: DDS_Event_Connector_T<CIAO_PSL_DeadlineTest_PSLDeadlineConnector_DDS_Event_Impl::CCM_PSL_DeadlineTest_PSLDeadlineConnector_DDS_Event_Traits, CIAO_PSL_DeadlineTest_PSLDeadlineConnector_DDS_Event_Impl::TestTopic_DDS_Traits, false, TAO::DCPS::ZeroCopyDataSeq<TestTopic, 20ul> >::do_configuration_complete() (in /home/johnny/ACE/trunk/CIAO/connectors/dds4ccm/tests/PSLDeadline/Connector/libDDS_PSL_DeadlineTest_Connector_exec.so.3.4.1)
==27870==    by 0x6DD3193: TAO_Object_Adapter::dispatch(TAO::ObjectKey&, TAO_ServerRequest&, TAO_Pseudo_Out_T<CORBA::Object>) (in /home/johnny/ACE/trunk/TAO/tao/PortableServer/libTAO_PortableServer.so.2.1.9)
==27869==    by 0xBDF7697: DDS_Event_Connector_T<CIAO_PSL_DeadlineTest_PSLDeadlineConnector_DDS_Event_Impl::CCM_PSL_DeadlineTest_PSLDeadlineConnector_DDS_Event_Traits, CIAO_PSL_DeadlineTest_PSLDeadlineConnector_DDS_Event_Impl::TestTopic_DDS_Traits, false, TAO::DCPS::ZeroCopyDataSeq<TestTopic, 20ul> >::configuration_complete() (in /home/johnny/ACE/trunk/CIAO/connectors/dds4ccm/tests/PSLDeadline/Connector/libDDS_PSL_DeadlineTest_Connector_exec.so.3.4.1)
==27870==    by 0x7A008F9: TAO_Adapter_Registry::dispatch(TAO::ObjectKey&, TAO_ServerRequest&, TAO_Pseudo_Out_T<CORBA::Object>) (in /home/johnny/ACE/trunk/TAO/tao/libTAO.so.2.1.9)
==27870==    by 0x7A6D263: TAO_Request_Dispatcher::dispatch(TAO_ORB_Core*, TAO_ServerRequest&, TAO_Pseudo_Out_T<CORBA::Object>) (in /home/johnny/ACE/trunk/TAO/tao/libTAO.so.2.1.9)
==27870==    by 0x7A04414: TAO::Collocated_Invocation::invoke(TAO::Collocation_Strategy) (in /home/johnny/ACE/trunk/TAO/tao/libTAO.so.2.1.9)
==27869==    by 0xF181004: CIAO::Session_Servant_Impl_T<POA_PSL_DeadlineTest::PSLDeadlineConnector::DDS_Event, PSL_DeadlineTest::PSLDeadlineConnector::CCM_DDS_Event, CIAO_PSL_DeadlineTest_PSLDeadlineConnector_DDS_Event_Impl::DDS_Event_Context_T<CIAO::Session_Container, CIAO::Session_Context_Impl_T<PSL_DeadlineTest::PSLDeadlineConnector::CCM_DDS_Event_Context, PSL_DeadlineTest::PSLDeadlineConnector::DDS_Event> > >::configuration_complete() (in /home/johnny/ACE/trunk/CIAO/connectors/dds4ccm/tests/PSLDeadline/==27870==    by 0x7A33CCB: TAO::Invocation_Adapter::invoke_collocated_i(TAO_Stub*, TAO_Operation_Details&, TAO_Pseudo_Var_T<CORBA::Object>&, TAO::Collocation_Strategy) (in /home/johnny/ACE/trunk/TAO/tao/libTAO.so.2.1.9)
Connector/libDDS_PSL_DeadlineTest_Connector_svnt.so.3.4.1)
==27870==    by 0x7A343CD: TAO::Invocation_Adapter::invoke_i(TAO_Stub*, TAO_Operation_Details&) (in /home/johnny/ACE/trunk/TAO/tao/libTAO.so.2.1.9)
==27870==    by 0x7A33420: TAO::Invocation_Adapter::invoke(TAO::Exception_Data*, unsigned long) (in /home/johnny/ACE/trunk/TAO/tao/libTAO.so.2.1.9)
==27869==    by 0x6E05AAD: TAO::Upcall_Wrapper::upcall(TAO_ServerRequest&, TAO::Argument* const*, unsigned long, TAO::Upcall_Command&, TAO::Portable_Server::Servant_Upcall*, CORBA::TypeCode* const*, unsigned int) (in /home/johnny/ACE/trunk/TAO/tao/PortableServer/libTAO_PortableServer.so.2.1.9)
==27870==    by 0xB7537AF: Components::CCMObject::configuration_complete() (in /home/johnny/ACE/trunk/CIAO/ccm/libCCM_stub.so.1.1.9)
==27870==    by 0x9C32FB4: CIAO::Component_Handler_i::instance_configured(Deployment::DeploymentPlan const&, unsigned int) (in /home/johnny/ACE/trunk/CIAO/ciao/Deployment/Handlers/libCIAO_Deployment_Handlers.so.1.1.9)
==27869==    by 0xA6C241E: POA_Components::CCMObject::configuration_complete_skel(TAO_ServerRequest&, TAO::Portable_Server::Servant_Upcall*, TAO_ServantBase*) (in /home/johnny/ACE/trunk/CIAO/ccm/libCCM_svnt.so.1.1.9)
==27870==    by 0x59044E4: DAnCE::Instance_Configured::invoke(DAnCE::InstanceDeploymentHandler*) (in /home/johnny/ACE/trunk/DAnCE/dance/LocalityManager/Scheduler/libDAnCE_Deployment_Scheduler.so.1.1.9)
==27869==    by 0x6DFD63E: TAO_ServantBase::synchronous_upcall_dispatch(TAO_ServerRequest&, TAO::Portable_Server::Servant_Upcall*, TAO_ServantBase*) (in /home/johnny/ACE/trunk/TAO/tao/PortableServer/libTAO_PortableServer.so.2.1.9)
==27870==    by 0x58FF845: DAnCE::Action_Base::call() (in /home/johnny/ACE/trunk/DAnCE/dance/LocalityManager/Scheduler/libDAnCE_Deployment_Scheduler.so.1.1.9)
==27869==    by 0x6DD2FFD: TAO_Object_Adapter::dispatch_servant(TAO::ObjectKey const&, TAO_ServerRequest&, TAO_Pseudo_Out_T<CORBA::Object>) (in /home/johnny/ACE/trunk/TAO/tao/PortableServer/libTAO_PortableServer.so.2.1.9)
==27870==    by 0x58FC63D: DAnCE::Deployment_Scheduler::perform_work() (in /home/johnny/ACE/trunk/DAnCE/dance/LocalityManager/Scheduler/libDAnCE_Deployment_Scheduler.so.1.1.9)
==27870== 
==27869==    by 0x6DD3193: TAO_Object_Adapter::dispatch(TAO::ObjectKey&, TAO_ServerRequest&, TAO_Pseudo_Out_T<CORBA::Object>) (in /home/johnny/ACE/trunk/TAO/tao/PortableServer/libTAO_PortableServer.so.2.1.9)
==27869==    by 0x7A008F9: TAO_Adapter_Registry::dispatch(TAO::ObjectKey&, TAO_ServerRequest&, TAO_Pseudo_Out_T<CORBA::Object>) (in /home/johnny/ACE/trunk/TAO/tao/libTAO.so.2.1.9)
==27869== 
==27870== 384 bytes in 2 blocks are indirectly lost in loss record 56 of 85
==27870==    at 0x4C2BC97: operator new(unsigned long) (in /usr/lib64/valgrind/vgpreload_memcheck-amd64-linux.so)
==27870==    by 0xDEEE6F2: std::_Rb_tree_node<std::pair<OpenDDS::DCPS::GUID_t const, OpenDDS::DCPS::WriterStats> >* std::_Rb_tree<OpenDDS::DCPS::GUID_t, std::pair<OpenDDS::DCPS::GUID_t const, OpenDDS::DCPS::WriterStats>, std::_Select1st<std::pair<OpenDDS::DCPS::GUID_t const, OpenDDS::DCPS::WriterStats> >, OpenDDS::DCPS::GUID_tKeyLessThan, std::allocator<std::pair<OpenDDS::DCPS::GUID_t const, OpenDDS::DCPS::WriterStats> > >::_M_create_node<std::pair<OpenDDS::DCPS::GUID_t const, OpenDDS::DCPS::WriterStats> >(std::pair<OpenDDS::DCPS::GUID_t const, OpenDDS::DCPS::WriterStats>&&) (in /home/johnny/ACE/OpenDDS/dds/libOpenDDS_Dcps.so.3.4.1)
==27870==    by 0xDEEE81C: std::_Rb_tree_iterator<std::pair<OpenDDS::DCPS::GUID_t const, OpenDDS::DCPS::WriterStats> > std::_Rb_tree<OpenDDS::DCPS::GUID_t, std::pair<OpenDDS::DCPS::GUID_t const, OpenDDS::DCPS::WriterStats>, std::_Select1st<std::pair<OpenDDS::DCPS::GUID_t const, OpenDDS::DCPS::WriterStats> >, OpenDDS::DCPS::GUID_tKeyLessThan, std::allocator<std::pair<OpenDDS::DCPS::GUID_t const, OpenDDS::DCPS::WriterStats> > >::_M_insert_<std::pair<OpenDDS::DCPS::GUID_t const, OpenDDS::DCPS::WriterStats> >(std::_Rb_tree_node_base const*, std::_Rb_tree_node_base const*, std::pair<OpenDDS::DCPS::GUID_t const, OpenDDS::DCPS::WriterStats>&&) (in /home/johnny/ACE/OpenDDS/dds/libOpenDDS_Dcps.so.3.4.1)
==27870==    by 0xDEEEAFA: std::pair<std::_Rb_tree_iterator<std::pair<OpenDDS::DCPS::GUID_t const, OpenDDS::DCPS::WriterStats> >, bool> std::_Rb_tree<OpenDDS::DCPS::GUID_t, std::pair<OpenDDS::DCPS::GUID_t const, OpenDDS::DCPS::WriterStats>, std::_Select1st<std::pair<OpenDDS::DCPS::GUID_t const, OpenDDS::DCPS::WriterStats> >, OpenDDS::DCPS::GUID_tKeyLessThan, std::allocator<std::pair<OpenDDS::DCPS::GUID_t const, OpenDDS::DCPS::WriterStats> > >::_M_insert_unique<std::pair<OpenDDS::DCPS::GUID_t const, OpenDDS::DCPS::WriterStats> >(std::pair<OpenDDS::DCPS::GUID_t const, OpenDDS::DCPS::WriterStats>&&) (in /home/johnny/ACE/OpenDDS/dds/libOpenDDS_Dcps.so.3.4.1)
==27870==    by 0xDEE7FD4: OpenDDS::DCPS::DataReaderImpl::add_association(OpenDDS::DCPS::GUID_t const&, OpenDDS::DCPS::WriterAssociation const&, bool) (in /home/johnny/ACE/OpenDDS/dds/libOpenDDS_Dcps.so.3.4.1)
==27870==    by 0xDA79B27: OpenDDS::RTPS::Sedp::match(OpenDDS::DCPS::GUID_t const&, OpenDDS::DCPS::GUID_t const&) (in /home/johnny/ACE/OpenDDS/dds/DCPS/RTPS/libOpenDDS_Rtps.so.3.4.1)
==27870==    by 0xDA7B69C: OpenDDS::RTPS::Sedp::match_endpoints(OpenDDS::DCPS::GUID_t, OpenDDS::RTPS::Sedp::TopicDetailsEx const&, bool) [clone .constprop.314] (in /home/johnny/ACE/OpenDDS/dds/DCPS/RTPS/libOpenDDS_Rtps.so.3.4.1)
==27870==    by 0xDA7C584: OpenDDS::RTPS::Sedp::data_received(OpenDDS::DCPS::MessageId, OpenDDS::RTPS::DiscoveredWriterData const&) (in /home/johnny/ACE/OpenDDS/dds/DCPS/RTPS/libOpenDDS_Rtps.so.3.4.1)
==27870==    by 0xDA7C66D: OpenDDS::RTPS::Sedp::Task::svc_i(OpenDDS::DCPS::MessageId, OpenDDS::RTPS::DiscoveredWriterData const*) (in /home/johnny/ACE/OpenDDS/dds/DCPS/RTPS/libOpenDDS_Rtps.so.3.4.1)
==27870==    by 0xDA7E99E: OpenDDS::RTPS::Sedp::Task::svc() (in /home/johnny/ACE/OpenDDS/dds/DCPS/RTPS/libOpenDDS_Rtps.so.3.4.1)
==27870==    by 0x7E22246: ACE_Task_Base::svc_run(void*) (in /home/johnny/ACE/trunk/ACE/ace/libACE.so.6.1.9)
==27870==    by 0x7E23B54: ACE_Thread_Adapter::invoke_i() (in /home/johnny/ACE/trunk/ACE/ace/libACE.so.6.1.9)
==27870==    by 0x7E23C64: ACE_Thread_Adapter::invoke() (in /home/johnny/ACE/trunk/ACE/ace/libACE.so.6.1.9)
==27869== 104 bytes in 1 blocks are still reachable in loss record 66 of 147
==27870==    by 0x8CB4E0D: start_thread (pthread_create.c:305)
==27870==    by 0x8FAD2BC: clone (clone.S:115)
==27870== 
==27869==    at 0x4C2B9CB: operator new(unsigned long, std::nothrow_t const&) (in /usr/lib64/valgrind/vgpreload_memcheck-amd64-linux.so)
==27869==    by 0x7E2A56C: ACE_Locked_Free_List<ACE_Thread_Descriptor, ACE_Thread_Mutex>::alloc(unsigned long) (in /home/johnny/ACE/trunk/ACE/ace/libACE.so.6.1.9)
==27869==    by 0x7E284B3: ACE_Thread_Manager::spawn_i(void* (*)(void*), void*, long, unsigned long*, unsigned long*, long, int, void*, unsigned long, ACE_Task_Base*, char const**) (in /home/johnny/ACE/trunk/ACE/ace/libACE.so.6.1.9)
==27869==    by 0x7E2A041: ACE_Thread_Manager::spawn_n(unsigned long, void* (*)(void*), void*, long, long, int, ACE_Task_Base*, unsigned long*, void**, unsigned long*, char const**) (in /home/johnny/ACE/trunk/ACE/ace/libACE.so.6.1.9)
==27869==    by 0x7E224DC: ACE_Task_Base::activate(long, int, int, long, int, ACE_Task_Base*, unsigned long*, void**, unsigned long*, unsigned long*, char const**) (in /home/johnny/ACE/trunk/ACE/ace/libACE.so.6.1.9)
==27870== 480 bytes in 4 blocks are indirectly lost in loss record 57 of 85
==27869==    by 0xDFF7CBD: OpenDDS::RTPS::RtpsDiscovery::reactor() (in /home/johnny/ACE/OpenDDS/dds/DCPS/RTPS/libOpenDDS_Rtps.so.3.4.1)
==27870==    at 0x4C2B527: operator new[](unsigned long) (in /usr/lib64/valgrind/vgpreload_memcheck-amd64-linux.so)
==27869==    by 0xDFA21F7: OpenDDS::RTPS::Spdp::SpdpTransport::open() (in /home/johnny/ACE/OpenDDS/dds/DCPS/RTPS/libOpenDDS_Rtps.so.3.4.1)
==27870==    by 0xDEE9A3E: OpenDDS::DCPS::Cached_Allocator_With_Overflow<OpenDDS::DCPS::ReceivedDataElement, ACE_Null_Mutex>::malloc(unsigned long) (in /home/johnny/ACE/OpenDDS/dds/libOpenDDS_Dcps.so.3.4.1)
==27869==    by 0xDFF6253: OpenDDS::RTPS::RtpsDiscovery::set_part_bit_subscriber(int, OpenDDS::DCPS::GUID_t const&, TAO_Objref_Var_T<DDS::Subscriber> const&) (in /home/johnny/ACE/OpenDDS/dds/DCPS/RTPS/libOpenDDS_Rtps.so.3.4.1)
==27870==    by 0xC4083DE: TestTopicDataReaderImpl::store_instance_data(TestTopic*, OpenDDS::DCPS::DataSampleHeader const&, OpenDDS::DCPS::SubscriptionInstance*&, bool&, bool&) (in /home/johnny/ACE/trunk/CIAO/connectors/dds4ccm/tests/PSLDeadline/Base/libDDS_PSL_DeadlineTest_Base_stub.so.3.4.1)
==27869==    by 0xDFF6456: OpenDDS::RTPS::RtpsDiscovery::init_bit(OpenDDS::DCPS::DomainParticipantImpl*) (in /home/johnny/ACE/OpenDDS/dds/DCPS/RTPS/libOpenDDS_Rtps.so.3.4.1)
==27870==    by 0xC408FDC: TestTopicDataReaderImpl::dds_demarshal(OpenDDS::DCPS::ReceivedDataSample const&, OpenDDS::DCPS::SubscriptionInstance*&, bool&, bool&, OpenDDS::DCPS::MarshalingType) (in /home/johnny/ACE/trunk/CIAO/connectors/dds4ccm/tests/PSLDeadline/Base/libDDS_PSL_DeadlineTest_Base_stub.so.3.4.1)
==27869==    by 0xE48AE2F: OpenDDS::DCPS::DomainParticipantImpl::enable() (in /home/johnny/ACE/OpenDDS/dds/libOpenDDS_Dcps.so.3.4.1)
==27870==    by 0xDEE703D: OpenDDS::DCPS::DataReaderImpl::data_received(OpenDDS::DCPS::ReceivedDataSample const&) (in /home/johnny/ACE/OpenDDS/dds/libOpenDDS_Dcps.so.3.4.1)
==27869==    by 0xE41917F: OpenDDS::DCPS::DomainParticipantFactoryImpl::create_participant(int, DDS::DomainParticipantQos const&, DDS::DomainParticipantListener*, unsigned int) (in /home/johnny/ACE/OpenDDS/dds/libOpenDDS_Dcps.so.3.4.1)
==27870==    by 0xDFA2432: OpenDDS::DCPS::ReceiveListenerSet::data_received(OpenDDS::DCPS::ReceivedDataSample const&, std::set<OpenDDS::DCPS::GUID_t, OpenDDS::DCPS::GUID_tKeyLessThan, std::allocator<OpenDDS::DCPS::GUID_t> > const&) (in /home/johnny/ACE/OpenDDS/dds/libOpenDDS_Dcps.so.3.4.1)
==27869==    by 0xBDF68D6: DDS_Base_Connector_T<CIAO_PSL_DeadlineTest_PSLDeadlineConnector_DDS_Event_Impl::CCM_PSL_DeadlineTest_PSLDeadlineConnector_DDS_Event_Traits>::init_domain(DDS::DomainParticipant*&) (in /home/johnny/ACE/trunk/CIAO/connectors/dds4ccm/tests/PSLDeadline/Connector/libDDS_PSL_DeadlineTest_Connector_exec.so.3.4.1)
==27870==    by 0xDFA014F: OpenDDS::DCPS::DataLink::data_received_i(OpenDDS::DCPS::ReceivedDataSample&, OpenDDS::DCPS::GUID_t const&, std::set<OpenDDS::DCPS::GUID_t, OpenDDS::DCPS::GUID_tKeyLessThan, std::allocator<OpenDDS::DCPS::GUID_t> > const&) (in /home/johnny/ACE/OpenDDS/dds/libOpenDDS_Dcps.so.3.4.1)
==27869==    by 0xBDF6FE0: DDS_TopicBase_Connector_T<CIAO_PSL_DeadlineTest_PSLDeadlineConnector_DDS_Event_Impl::CCM_PSL_DeadlineTest_PSLDeadlineConnector_DDS_Event_Traits, CIAO_PSL_DeadlineTest_PSLDeadlineConnector_DDS_Event_Impl::TestTopic_DDS_Traits, TAO::DCPS::ZeroCopyDataSeq<TestTopic, 20ul> >::configuration_complete() (in /home/johnny/ACE/trunk/CIAO/connectors/dds4ccm/tests/PSLDeadline/Connector/libDDS_PSL_DeadlineTest_Connector_exec.so.3.4.1)
==27870==    by 0x1103533C: OpenDDS::DCPS::RtpsUdpReceiveStrategy::deliver_sample(OpenDDS::DCPS::ReceivedDataSample&, ACE_INET_Addr const&) (in /home/johnny/ACE/OpenDDS/dds/DCPS/transport/rtps_udp/libOpenDDS_Rtps_Udp.so.3.4.1)
==27870==    by 0x1103A19E: OpenDDS::DCPS::TransportReceiveStrategy<OpenDDS::DCPS::RtpsTransportHeader, OpenDDS::DCPS::RtpsSampleHeader>::handle_dds_input(int) (in /home/johnny/ACE/OpenDDS/dds/DCPS/transport/rtps_udp/libOpenDDS_Rtps_Udp.so.3.4.1)
==27869==    by 0xBDF72C3: DDS_Event_Connector_T<CIAO_PSL_DeadlineTest_PSLDeadlineConnector_DDS_Event_Impl::CCM_PSL_DeadlineTest_PSLDeadlineConnector_DDS_Event_Traits, CIAO_PSL_DeadlineTest_PSLDeadlineConnector_DDS_Event_Impl::TestTopic_DDS_Traits, false, TAO::DCPS::ZeroCopyDataSeq<TestTopic, 20ul> >::do_configuration_complete() (in /home/johnny/ACE/trunk/CIAO/connectors/dds4ccm/tests/PSLDeadline/Connector/libDDS_PSL_DeadlineTest_Connector_exec.so.3.4.1)
==27870==    by 0xDF0948C: ACE_Select_Reactor_T<ACE_Reactor_Token_T<ACE_Token> >::notify_handle(int, unsigned long, ACE_Handle_Set&, ACE_Event_Handler*, int (ACE_Event_Handler::*)(int)) (in /home/johnny/ACE/OpenDDS/dds/libOpenDDS_Dcps.so.3.4.1)
==27870==    by 0xDF073AC: ACE_Select_Reactor_T<ACE_Reactor_Token_T<ACE_Token> >::dispatch_io_set(int, int&, int, ACE_Handle_Set&, ACE_Handle_Set&, int (ACE_Event_Handler::*)(int)) (in /home/johnny/ACE/OpenDDS/dds/libOpenDDS_Dcps.so.3.4.1)
==27869==    by 0xBDF7697: DDS_Event_Connector_T<CIAO_PSL_DeadlineTest_PSLDeadlineConnector_DDS_Event_Impl::CCM_PSL_DeadlineTest_PSLDeadlineConnector_DDS_Event_Traits, CIAO_PSL_DeadlineTest_PSLDeadlineConnector_DDS_Event_Impl::TestTopic_DDS_Traits, false, TAO::DCPS::ZeroCopyDataSeq<TestTopic, 20ul> >::configuration_complete() (in /home/johnny/ACE/trunk/CIAO/connectors/dds4ccm/tests/PSLDeadline/Connector/libDDS_PSL_DeadlineTest_Connector_exec.so.3.4.1)
==27870==    by 0xDF069C9: ACE_Select_Reactor_T<ACE_Reactor_Token_T<ACE_Token> >::dispatch_io_handlers(ACE_Select_Reactor_Handle_Set&, int&, int&) (in /home/johnny/ACE/OpenDDS/dds/libOpenDDS_Dcps.so.3.4.1)
==27870==    by 0xDF06F90: ACE_Select_Reactor_T<ACE_Reactor_Token_T<ACE_Token> >::dispatch(int, ACE_Select_Reactor_Handle_Set&) (in /home/johnny/ACE/OpenDDS/dds/libOpenDDS_Dcps.so.3.4.1)
==27869==    by 0xF181004: CIAO::Session_Servant_Impl_T<POA_PSL_DeadlineTest::PSLDeadlineConnector::DDS_Event, PSL_DeadlineTest::PSLDeadlineConnector::CCM_DDS_Event, CIAO_PSL_DeadlineTest_PSLDeadlineConnector_DDS_Event_Impl::DDS_Event_Context_T<CIAO::Session_Container, CIAO::Session_Context_Impl_T<PSL_DeadlineTest::PSLDeadlineConnector::CCM_DDS_Event_Context, PSL_DeadlineTest::PSLDeadlineConnector::DDS_Event> > >::configuration_complete() (in /home/johnny/ACE/trunk/CIAO/connectors/dds4ccm/tests/PSLDeadline/==27870==    by 0xDF10C4F: ACE_Select_Reactor_T<ACE_Reactor_Token_T<ACE_Token> >::handle_events(ACE_Time_Value*) (in /home/johnny/ACE/OpenDDS/dds/libOpenDDS_Dcps.so.3.4.1)
Connector/libDDS_PSL_DeadlineTest_Connector_svnt.so.3.4.1)
==27870==    by 0x7E129BB: ACE_Reactor::run_reactor_event_loop(int (*)(ACE_Reactor*)) (in /home/johnny/ACE/trunk/ACE/ace/libACE.so.6.1.9)
==27870==    by 0xDFAD6AD: OpenDDS::DCPS::TransportReactorTask::svc() (in /home/johnny/ACE/OpenDDS/dds/libOpenDDS_Dcps.so.3.4.1)
==27869==    by 0x6E05AAD: TAO::Upcall_Wrapper::upcall(TAO_ServerRequest&, TAO::Argument* const*, unsigned long, TAO::Upcall_Command&, TAO::Portable_Server::Servant_Upcall*, CORBA::TypeCode* const*, unsigned int) (in /home/johnny/ACE/trunk/TAO/tao/PortableServer/libTAO_PortableServer.so.2.1.9)
==27870==    by 0x7E22246: ACE_Task_Base::svc_run(void*) (in /home/johnny/ACE/trunk/ACE/ace/libACE.so.6.1.9)
==27870==    by 0x7E23B54: ACE_Thread_Adapter::invoke_i() (in /home/johnny/ACE/trunk/ACE/ace/libACE.so.6.1.9)
==27869==    by 0xA6C241E: POA_Components::CCMObject::configuration_complete_skel(TAO_ServerRequest&, TAO::Portable_Server::Servant_Upcall*, TAO_ServantBase*) (in /home/johnny/ACE/trunk/CIAO/ccm/libCCM_svnt.so.1.1.9)
==27870==    by 0x7E23C64: ACE_Thread_Adapter::invoke() (in /home/johnny/ACE/trunk/ACE/ace/libACE.so.6.1.9)
==27869==    by 0x6DFD63E: TAO_ServantBase::synchronous_upcall_dispatch(TAO_ServerRequest&, TAO::Portable_Server::Servant_Upcall*, TAO_ServantBase*) (in /home/johnny/ACE/trunk/TAO/tao/PortableServer/libTAO_PortableServer.so.2.1.9)
==27870==    by 0x8CB4E0D: start_thread (pthread_create.c:305)
==27870==    by 0x8FAD2BC: clone (clone.S:115)
==27870== 
==27869==    by 0x6DD2FFD: TAO_Object_Adapter::dispatch_servant(TAO::ObjectKey const&, TAO_ServerRequest&, TAO_Pseudo_Out_T<CORBA::Object>) (in /home/johnny/ACE/trunk/TAO/tao/PortableServer/libTAO_PortableServer.so.2.1.9)
==27869==    by 0x6DD3193: TAO_Object_Adapter::dispatch(TAO::ObjectKey&, TAO_ServerRequest&, TAO_Pseudo_Out_T<CORBA::Object>) (in /home/johnny/ACE/trunk/TAO/tao/PortableServer/libTAO_PortableServer.so.2.1.9)
==27869==    by 0x7A008F9: TAO_Adapter_Registry::dispatch(TAO::ObjectKey&, TAO_ServerRequest&, TAO_Pseudo_Out_T<CORBA::Object>) (in /home/johnny/ACE/trunk/TAO/tao/libTAO.so.2.1.9)
==27869==    by 0x7A6D263: TAO_Request_Dispatcher::dispatch(TAO_ORB_Core*, TAO_ServerRequest&, TAO_Pseudo_Out_T<CORBA::Object>) (in /home/johnny/ACE/trunk/TAO/tao/libTAO.so.2.1.9)
==27869==    by 0x7A04414: TAO::Collocated_Invocation::invoke(TAO::Collocation_Strategy) (in /home/johnny/ACE/trunk/TAO/tao/libTAO.so.2.1.9)
==27869==    by 0x7A33CCB: TAO::Invocation_Adapter::invoke_collocated_i(TAO_Stub*, TAO_Operation_Details&, TAO_Pseudo_Var_T<CORBA::Object>&, TAO::Collocation_Strategy) (in /home/johnny/ACE/trunk/TAO/tao/libTAO.so.2.1.9)
==27869== 
==27870== 512 bytes in 1 blocks are indirectly lost in loss record 59 of 85
==27870==    at 0x4C2B9CB: operator new(unsigned long, std::nothrow_t const&) (in /usr/lib64/valgrind/vgpreload_memcheck-amd64-linux.so)
==27870==    by 0xDF33F5F: OpenDDS::DCPS::DomainParticipantImpl::create_new_topic(OpenDDS::DCPS::GUID_t, char const*, char const*, DDS::TopicQos const&, DDS::TopicListener*, unsigned int const&, OpenDDS::DCPS::TypeSupport*) (in /home/johnny/ACE/OpenDDS/dds/libOpenDDS_Dcps.so.3.4.1)
==27870==    by 0xDF34FF5: OpenDDS::DCPS::DomainParticipantImpl::create_topic_i(char const*, char const*, DDS::TopicQos const&, DDS::TopicListener*, unsigned int, int) (in /home/johnny/ACE/OpenDDS/dds/libOpenDDS_Dcps.so.3.4.1)
==27870==    by 0xDF3538F: OpenDDS::DCPS::DomainParticipantImpl::create_topic(char const*, char const*, DDS::TopicQos const&, DDS::TopicListener*, unsigned int) (in /home/johnny/ACE/OpenDDS/dds/libOpenDDS_Dcps.so.3.4.1)
==27870==    by 0xF57B992: DDS_Base_Connector_T<CIAO_PSL_DeadlineTest_PSLDeadlineConnector_DDS_Event_Impl::CCM_PSL_DeadlineTest_PSLDeadlineConnector_DDS_Event_Traits>::init_topic(DDS::DomainParticipant*, DDS::Topic*&, char const*, char const*) (in /home/johnny/ACE/trunk/CIAO/connectors/dds4ccm/tests/PSLDeadline/Connector/libDDS_PSL_DeadlineTest_Connector_exec.so.3.4.1)
==27870==    by 0xF58E1CF: DDS_TopicBase_Connector_T<CIAO_PSL_DeadlineTest_PSLDeadlineConnector_DDS_Event_Impl::CCM_PSL_DeadlineTest_PSLDeadlineConnector_DDS_Event_Traits, CIAO_PSL_DeadlineTest_PSLDeadlineConnector_DDS_Event_Impl::TestTopic_DDS_Traits, TAO::DCPS::ZeroCopyDataSeq<TestTopic, 20ul> >::configuration_complete() (in /home/johnny/ACE/trunk/CIAO/connectors/dds4ccm/tests/PSLDeadline/Connector/libDDS_PSL_DeadlineTest_Connector_exec.so.3.4.1)
==27869== 104 bytes in 1 blocks are still reachable in loss record 67 of 147
==27870==    by 0xF58E2C3: DDS_Event_Connector_T<CIAO_PSL_DeadlineTest_PSLDeadlineConnector_DDS_Event_Impl::CCM_PSL_DeadlineTest_PSLDeadlineConnector_DDS_Event_Traits, CIAO_PSL_DeadlineTest_PSLDeadlineConnector_DDS_Event_Impl::TestTopic_DDS_Traits, false, TAO::DCPS::ZeroCopyDataSeq<TestTopic, 20ul> >::do_configuration_complete() (in /home/johnny/ACE/trunk/CIAO/connectors/dds4ccm/tests/PSLDeadline/Connector/libDDS_PSL_DeadlineTest_Connector_exec.so.3.4.1)
==27869==    at 0x4C2B9CB: operator new(unsigned long, std::nothrow_t const&) (in /usr/lib64/valgrind/vgpreload_memcheck-amd64-linux.so)
==27870==    by 0xF58E697: DDS_Event_Connector_T<CIAO_PSL_DeadlineTest_PSLDeadlineConnector_DDS_Event_Impl::CCM_PSL_DeadlineTest_PSLDeadlineConnector_DDS_Event_Traits, CIAO_PSL_DeadlineTest_PSLDeadlineConnector_DDS_Event_Impl::TestTopic_DDS_Traits, false, TAO::DCPS::ZeroCopyDataSeq<TestTopic, 20ul> >::configuration_complete() (in /home/johnny/ACE/trunk/CIAO/connectors/dds4ccm/tests/PSLDeadline/Connector/libDDS_PSL_DeadlineTest_Connector_exec.so.3.4.1)
==27869==    by 0x7E2A56C: ACE_Locked_Free_List<ACE_Thread_Descriptor, ACE_Thread_Mutex>::alloc(unsigned long) (in /home/johnny/ACE/trunk/ACE/ace/libACE.so.6.1.9)
==27870==    by 0xF09F004: CIAO::Session_Servant_Impl_T<POA_PSL_DeadlineTest::PSLDeadlineConnector::DDS_Event, PSL_DeadlineTest::PSLDeadlineConnector::CCM_DDS_Event, CIAO_PSL_DeadlineTest_PSLDeadlineConnector_DDS_Event_Impl::DDS_Event_Context_T<CIAO::Session_Container, CIAO::Session_Context_Impl_T<PSL_DeadlineTest::PSLDeadlineConnector::CCM_DDS_Event_Context, PSL_DeadlineTest::PSLDeadlineConnector::DDS_Event> > >::configuration_complete() (in /home/johnny/ACE/trunk/CIAO/connectors/dds4ccm/tests/PSLDeadline/Connector/libDDS_PSL_DeadlineTest_Connector_svnt.so.3.4.1)
==27869==    by 0x7E284B3: ACE_Thread_Manager::spawn_i(void* (*)(void*), void*, long, unsigned long*, unsigned long*, long, int, void*, unsigned long, ACE_Task_Base*, char const**) (in /home/johnny/ACE/trunk/ACE/ace/libACE.so.6.1.9)
==27870==    by 0x6E05AAD: TAO::Upcall_Wrapper::upcall(TAO_ServerRequest&, TAO::Argument* const*, unsigned long, TAO::Upcall_Command&, TAO::Portable_Server::Servant_Upcall*, CORBA::TypeCode* const*, unsigned int) (in /home/johnny/ACE/trunk/TAO/tao/PortableServer/libTAO_PortableServer.so.2.1.9)
==27869==    by 0x7E2A041: ACE_Thread_Manager::spawn_n(unsigned long, void* (*)(void*), void*, long, long, int, ACE_Task_Base*, unsigned long*, void**, unsigned long*, char const**) (in /home/johnny/ACE/trunk/ACE/ace/libACE.so.6.1.9)
==27870==    by 0xA6C241E: POA_Components::CCMObject::configuration_complete_skel(TAO_ServerRequest&, TAO::Portable_Server::Servant_Upcall*, TAO_ServantBase*) (in /home/johnny/ACE/trunk/CIAO/ccm/libCCM_svnt.so.1.1.9)
==27869==    by 0x7E224DC: ACE_Task_Base::activate(long, int, int, long, int, ACE_Task_Base*, unsigned long*, void**, unsigned long*, unsigned long*, char const**) (in /home/johnny/ACE/trunk/ACE/ace/libACE.so.6.1.9)
==27870==    by 0x6DFD63E: TAO_ServantBase::synchronous_upcall_dispatch(TAO_ServerRequest&, TAO::Portable_Server::Servant_Upcall*, TAO_ServantBase*) (in /home/johnny/ACE/trunk/TAO/tao/PortableServer/libTAO_PortableServer.so.2.1.9)
==27869==    by 0xE50B8BA: OpenDDS::DCPS::TransportReactorTask::open(void*) (in /home/johnny/ACE/OpenDDS/dds/libOpenDDS_Dcps.so.3.4.1)
==27870==    by 0x6DD2FFD: TAO_Object_Adapter::dispatch_servant(TAO::ObjectKey const&, TAO_ServerRequest&, TAO_Pseudo_Out_T<CORBA::Object>) (in /home/johnny/ACE/trunk/TAO/tao/PortableServer/libTAO_PortableServer.so.2.1.9)
==27869==    by 0xE4DEED6: OpenDDS::DCPS::TransportImpl::create_reactor_task(bool) (in /home/johnny/ACE/OpenDDS/dds/libOpenDDS_Dcps.so.3.4.1)
==27870==    by 0x6DD3193: TAO_Object_Adapter::dispatch(TAO::ObjectKey&, TAO_ServerRequest&, TAO_Pseudo_Out_T<CORBA::Object>) (in /home/johnny/ACE/trunk/TAO/tao/PortableServer/libTAO_PortableServer.so.2.1.9)
==27869==    by 0x11033B3F: OpenDDS::DCPS::RtpsUdpTransport::configure_i(OpenDDS::DCPS::TransportInst*) (in /home/johnny/ACE/OpenDDS/dds/DCPS/transport/rtps_udp/libOpenDDS_Rtps_Udp.so.3.4.1)
==27870==    by 0x7A008F9: TAO_Adapter_Registry::dispatch(TAO::ObjectKey&, TAO_ServerRequest&, TAO_Pseudo_Out_T<CORBA::Object>) (in /home/johnny/ACE/trunk/TAO/tao/libTAO.so.2.1.9)
==27870==    by 0x7A6D263: TAO_Request_Dispatcher::dispatch(TAO_ORB_Core*, TAO_ServerRequest&, TAO_Pseudo_Out_T<CORBA::Object>) (in /home/johnny/ACE/trunk/TAO/tao/libTAO.so.2.1.9)
==27869==    by 0xE4E07C6: OpenDDS::DCPS::TransportImpl::configure(OpenDDS::DCPS::TransportInst*) (in /home/johnny/ACE/OpenDDS/dds/libOpenDDS_Dcps.so.3.4.1)
==27870==    by 0x7A04414: TAO::Collocated_Invocation::invoke(TAO::Collocation_Strategy) (in /home/johnny/ACE/trunk/TAO/tao/libTAO.so.2.1.9)
==27870==    by 0x7A33CCB: TAO::Invocation_Adapter::invoke_collocated_i(TAO_Stub*, TAO_Operation_Details&, TAO_Pseudo_Var_T<CORBA::Object>&, TAO::Collocation_Strategy) (in /home/johnny/ACE/trunk/TAO/tao/libTAO.so.2.1.9)
==27869==    by 0x110336DC: OpenDDS::DCPS::RtpsUdpTransport::RtpsUdpTransport(OpenDDS::DCPS::RcHandle<OpenDDS::DCPS::TransportInst> const&) (in /home/johnny/ACE/OpenDDS/dds/DCPS/transport/rtps_udp/libOpenDDS_Rtps_Udp.so.3.4.1)
==27870==    by 0x7A343CD: TAO::Invocation_Adapter::invoke_i(TAO_Stub*, TAO_Operation_Details&) (in /home/johnny/ACE/trunk/TAO/tao/libTAO.so.2.1.9)
==27870==    by 0x7A33420: TAO::Invocation_Adapter::invoke(TAO::Exception_Data*, unsigned long) (in /home/johnny/ACE/trunk/TAO/tao/libTAO.so.2.1.9)
==27869==    by 0x1103D0E8: OpenDDS::DCPS::RtpsUdpInst::new_impl(OpenDDS::DCPS::RcHandle<OpenDDS::DCPS::TransportInst> const&) (in /home/johnny/ACE/OpenDDS/dds/DCPS/transport/rtps_udp/libOpenDDS_Rtps_Udp.so.3.4.1)
==27870==    by 0xB7537AF: Components::CCMObject::configuration_complete() (in /home/johnny/ACE/trunk/CIAO/ccm/libCCM_stub.so.1.1.9)
==27869==    by 0xE4E98CA: OpenDDS::DCPS::TransportInst::impl() (in /home/johnny/ACE/OpenDDS/dds/libOpenDDS_Dcps.so.3.4.1)
==27870==    by 0x9C32FB4: CIAO::Component_Handler_i::instance_configured(Deployment::DeploymentPlan const&, unsigned int) (in /home/johnny/ACE/trunk/CIAO/ciao/Deployment/Handlers/libCIAO_Deployment_Handlers.so.1.1.9)
==27869==    by 0xE4D7807: OpenDDS::DCPS::TransportClient::enable_transport_using_config(bool, bool, OpenDDS::DCPS::RcHandle<OpenDDS::DCPS::TransportConfig> const&) (in /home/johnny/ACE/OpenDDS/dds/libOpenDDS_Dcps.so.3.4.1)
==27870==    by 0x59044E4: DAnCE::Instance_Configured::invoke(DAnCE::InstanceDeploymentHandler*) (in /home/johnny/ACE/trunk/DAnCE/dance/LocalityManager/Scheduler/libDAnCE_Deployment_Scheduler.so.1.1.9)
==27869==    by 0xE4D82EE: OpenDDS::DCPS::TransportClient::enable_transport(bool, bool) (in /home/johnny/ACE/OpenDDS/dds/libOpenDDS_Dcps.so.3.4.1)
