Connector/libDDS_PSL_DeadlineTest_Connector_svnt.so.3.4.1)
==27870==    by 0xDFA014F: OpenDDS::DCPS::DataLink::data_received_i(OpenDDS::DCPS::ReceivedDataSample&, OpenDDS::DCPS::GUID_t const&, std::set<OpenDDS::DCPS::GUID_t, OpenDDS::DCPS::GUID_tKeyLessThan, std::allocator<OpenDDS::DCPS::GUID_t> > const&) (in /home/johnny/ACE/OpenDDS/dds/libOpenDDS_Dcps.so.3.4.1)
==27870==    by 0x1103533C: OpenDDS::DCPS::RtpsUdpReceiveStrategy::deliver_sample(OpenDDS::DCPS::ReceivedDataSample&, ACE_INET_Addr const&) (in /home/johnny/ACE/OpenDDS/dds/DCPS/transport/rtps_udp/libOpenDDS_Rtps_Udp.so.3.4.1)
==27869==    by 0x6E05AAD: TAO::Upcall_Wrapper::upcall(TAO_ServerRequest&, TAO::Argument* const*, unsigned long, TAO::Upcall_Command&, TAO::Portable_Server::Servant_Upcall*, CORBA::TypeCode* const*, unsigned int) (in /home/johnny/ACE/trunk/TAO/tao/PortableServer/libTAO_PortableServer.so.2.1.9)
==27870==    by 0x1103A19E: OpenDDS::DCPS::TransportReceiveStrategy<OpenDDS::DCPS::RtpsTransportHeader, OpenDDS::DCPS::RtpsSampleHeader>::handle_dds_input(int) (in /home/johnny/ACE/OpenDDS/dds/DCPS/transport/rtps_udp/libOpenDDS_Rtps_Udp.so.3.4.1)
==27870==    by 0xDF0948C: ACE_Select_Reactor_T<ACE_Reactor_Token_T<ACE_Token> >::notify_handle(int, unsigned long, ACE_Handle_Set&, ACE_Event_Handler*, int (ACE_Event_Handler::*)(int)) (in /home/johnny/ACE/OpenDDS/dds/libOpenDDS_Dcps.so.3.4.1)
==27869==    by 0xA6C241E: POA_Components::CCMObject::configuration_complete_skel(TAO_ServerRequest&, TAO::Portable_Server::Servant_Upcall*, TAO_ServantBase*) (in /home/johnny/ACE/trunk/CIAO/ccm/libCCM_svnt.so.1.1.9)
==27870==    by 0xDF073AC: ACE_Select_Reactor_T<ACE_Reactor_Token_T<ACE_Token> >::dispatch_io_set(int, int&, int, ACE_Handle_Set&, ACE_Handle_Set&, int (ACE_Event_Handler::*)(int)) (in /home/johnny/ACE/OpenDDS/dds/libOpenDDS_Dcps.so.3.4.1)
==27869==    by 0x6DFD63E: TAO_ServantBase::synchronous_upcall_dispatch(TAO_ServerRequest&, TAO::Portable_Server::Servant_Upcall*, TAO_ServantBase*) (in /home/johnny/ACE/trunk/TAO/tao/PortableServer/libTAO_PortableServer.so.2.1.9)
==27870==    by 0xDF069C9: ACE_Select_Reactor_T<ACE_Reactor_Token_T<ACE_Token> >::dispatch_io_handlers(ACE_Select_Reactor_Handle_Set&, int&, int&) (in /home/johnny/ACE/OpenDDS/dds/libOpenDDS_Dcps.so.3.4.1)
==27869==    by 0x6DD2FFD: TAO_Object_Adapter::dispatch_servant(TAO::ObjectKey const&, TAO_ServerRequest&, TAO_Pseudo_Out_T<CORBA::Object>) (in /home/johnny/ACE/trunk/TAO/tao/PortableServer/libTAO_PortableServer.so.2.1.9)
==27870==    by 0xDF06F90: ACE_Select_Reactor_T<ACE_Reactor_Token_T<ACE_Token> >::dispatch(int, ACE_Select_Reactor_Handle_Set&) (in /home/johnny/ACE/OpenDDS/dds/libOpenDDS_Dcps.so.3.4.1)
==27869==    by 0x6DD3193: TAO_Object_Adapter::dispatch(TAO::ObjectKey&, TAO_ServerRequest&, TAO_Pseudo_Out_T<CORBA::Object>) (in /home/johnny/ACE/trunk/TAO/tao/PortableServer/libTAO_PortableServer.so.2.1.9)
==27870==    by 0xDF10C4F: ACE_Select_Reactor_T<ACE_Reactor_Token_T<ACE_Token> >::handle_events(ACE_Time_Value*) (in /home/johnny/ACE/OpenDDS/dds/libOpenDDS_Dcps.so.3.4.1)
==27869==    by 0x7A008F9: TAO_Adapter_Registry::dispatch(TAO::ObjectKey&, TAO_ServerRequest&, TAO_Pseudo_Out_T<CORBA::Object>) (in /home/johnny/ACE/trunk/TAO/tao/libTAO.so.2.1.9)
==27870==    by 0x7E129BB: ACE_Reactor::run_reactor_event_loop(int (*)(ACE_Reactor*)) (in /home/johnny/ACE/trunk/ACE/ace/libACE.so.6.1.9)
==27869==    by 0x7A6D263: TAO_Request_Dispatcher::dispatch(TAO_ORB_Core*, TAO_ServerRequest&, TAO_Pseudo_Out_T<CORBA::Object>) (in /home/johnny/ACE/trunk/TAO/tao/libTAO.so.2.1.9)
==27870==    by 0xDFAD6AD: OpenDDS::DCPS::TransportReactorTask::svc() (in /home/johnny/ACE/OpenDDS/dds/libOpenDDS_Dcps.so.3.4.1)
==27870==    by 0x7E22246: ACE_Task_Base::svc_run(void*) (in /home/johnny/ACE/trunk/ACE/ace/libACE.so.6.1.9)
==27869==    by 0x7A04414: TAO::Collocated_Invocation::invoke(TAO::Collocation_Strategy) (in /home/johnny/ACE/trunk/TAO/tao/libTAO.so.2.1.9)
==27870==    by 0x7E23B54: ACE_Thread_Adapter::invoke_i() (in /home/johnny/ACE/trunk/ACE/ace/libACE.so.6.1.9)
==27870==    by 0x7E23C64: ACE_Thread_Adapter::invoke() (in /home/johnny/ACE/trunk/ACE/ace/libACE.so.6.1.9)
==27869==    by 0x7A33CCB: TAO::Invocation_Adapter::invoke_collocated_i(TAO_Stub*, TAO_Operation_Details&, TAO_Pseudo_Var_T<CORBA::Object>&, TAO::Collocation_Strategy) (in /home/johnny/ACE/trunk/TAO/tao/libTAO.so.2.1.9)
==27870==    by 0x8CB4E0D: start_thread (pthread_create.c:305)
==27869==    by 0x7A343CD: TAO::Invocation_Adapter::invoke_i(TAO_Stub*, TAO_Operation_Details&) (in /home/johnny/ACE/trunk/TAO/tao/libTAO.so.2.1.9)
==27870==    by 0x8FAD2BC: clone (clone.S:115)
==27870== 
==27869==    by 0x7A33420: TAO::Invocation_Adapter::invoke(TAO::Exception_Data*, unsigned long) (in /home/johnny/ACE/trunk/TAO/tao/libTAO.so.2.1.9)
==27869==    by 0xB7537AF: Components::CCMObject::configuration_complete() (in /home/johnny/ACE/trunk/CIAO/ccm/libCCM_stub.so.1.1.9)
==27869==    by 0x9C32FB4: CIAO::Component_Handler_i::instance_configured(Deployment::DeploymentPlan const&, unsigned int) (in /home/johnny/ACE/trunk/CIAO/ciao/Deployment/Handlers/libCIAO_Deployment_Handlers.so.1.1.9)
==27869==    by 0x59044E4: DAnCE::Instance_Configured::invoke(DAnCE::InstanceDeploymentHandler*) (in /home/johnny/ACE/trunk/DAnCE/dance/LocalityManager/Scheduler/libDAnCE_Deployment_Scheduler.so.1.1.9)
==27869== 
==27870== 192 bytes in 4 blocks are indirectly lost in loss record 44 of 85
==27870==    at 0x4C2BC97: operator new(unsigned long) (in /usr/lib64/valgrind/vgpreload_memcheck-amd64-linux.so)
==27870==    by 0xC414727: std::_Rb_tree_iterator<std::pair<int const, OpenDDS::DCPS::SubscriptionInstance*> > std::_Rb_tree<int, std::pair<int const, OpenDDS::DCPS::SubscriptionInstance*>, std::_Select1st<std::pair<int const, OpenDDS::DCPS::SubscriptionInstance*> >, std::less<int>, std::allocator<std::pair<int const, OpenDDS::DCPS::SubscriptionInstance*> > >::_M_insert_<std::pair<int const, OpenDDS::DCPS::SubscriptionInstance*> >(std::_Rb_tree_node_base const*, std::_Rb_tree_node_base const*, std::pair<int const, OpenDDS::DCPS::SubscriptionInstance*>&&) (in /home/johnny/ACE/trunk/CIAO/connectors/dds4ccm/tests/PSLDeadline/Base/libDDS_PSL_DeadlineTest_Base_stub.so.3.4.1)
==27870==    by 0xC41485A: std::pair<std::_Rb_tree_iterator<std::pair<int const, OpenDDS::DCPS::SubscriptionInstance*> >, bool> std::_Rb_tree<int, std::pair<int const, OpenDDS::DCPS::SubscriptionInstance*>, std::_Select1st<std::pair<int const, OpenDDS::DCPS::SubscriptionInstance*> >, std::less<int>, std::allocator<std::pair<int const, OpenDDS::DCPS::SubscriptionInstance*> > >::_M_insert_unique<std::pair<int const, OpenDDS::DCPS::SubscriptionInstance*> >(std::pair<int const, OpenDDS::DCPS::SubscriptionInstance*>&&) (in /home/johnny/ACE/trunk/CIAO/connectors/dds4ccm/tests/PSLDeadline/Base/libDDS_PSL_DeadlineTest_Base_stub.so.3.4.1)
==27870==    by 0xC4148D5: int OpenDDS::DCPS::bind<std::map<int, OpenDDS::DCPS::SubscriptionInstance*, std::less<int>, std::allocator<std::pair<int const, OpenDDS::DCPS::SubscriptionInstance*> > >, int, OpenDDS::DCPS::SubscriptionInstance*>(std::map<int, OpenDDS::DCPS::SubscriptionInstance*, std::less<int>, std::allocator<std::pair<int const, OpenDDS::DCPS::SubscriptionInstance*> > >&, int const&, OpenDDS::DCPS::SubscriptionInstance* const&) (in /home/johnny/ACE/trunk/CIAO/connectors/dds4ccm/tests/PSLDeadline/Base/libDDS_PSL_DeadlineTest_Base_stub.so.3.4.1)
==27869== 104 bytes in 1 blocks are still reachable in loss record 61 of 147
==27870==    by 0xC408001: TestTopicDataReaderImpl::store_instance_data(TestTopic*, OpenDDS::DCPS::DataSampleHeader const&, OpenDDS::DCPS::SubscriptionInstance*&, bool&, bool&) (in /home/johnny/ACE/trunk/CIAO/connectors/dds4ccm/tests/PSLDeadline/Base/libDDS_PSL_DeadlineTest_Base_stub.so.3.4.1)
==27869==    at 0x4C2B25D: operator new[](unsigned long, std::nothrow_t const&) (in /usr/lib64/valgrind/vgpreload_memcheck-amd64-linux.so)
==27870==    by 0xC408FDC: TestTopicDataReaderImpl::dds_demarshal(OpenDDS::DCPS::ReceivedDataSample const&, OpenDDS::DCPS::SubscriptionInstance*&, bool&, bool&, OpenDDS::DCPS::MarshalingType) (in /home/johnny/ACE/trunk/CIAO/connectors/dds4ccm/tests/PSLDeadline/Base/libDDS_PSL_DeadlineTest_Base_stub.so.3.4.1)
==27869==    by 0x7DE8D3B: ACE_New_Allocator::malloc(unsigned long) (in /home/johnny/ACE/trunk/ACE/ace/libACE.so.6.1.9)
==27870==    by 0xDEE703D: OpenDDS::DCPS::DataReaderImpl::data_received(OpenDDS::DCPS::ReceivedDataSample const&) (in /home/johnny/ACE/OpenDDS/dds/libOpenDDS_Dcps.so.3.4.1)
==27869==    by 0x7E257B5: ACE_Thread_Manager::ACE_Thread_Manager(unsigned long, unsigned long, unsigned long, unsigned long) (in /home/johnny/ACE/trunk/ACE/ace/libACE.so.6.1.9)
==27870==    by 0xDFA2432: OpenDDS::DCPS::ReceiveListenerSet::data_received(OpenDDS::DCPS::ReceivedDataSample const&, std::set<OpenDDS::DCPS::GUID_t, OpenDDS::DCPS::GUID_tKeyLessThan, std::allocator<OpenDDS::DCPS::GUID_t> > const&) (in /home/johnny/ACE/OpenDDS/dds/libOpenDDS_Dcps.so.3.4.1)
==27869==    by 0x7E2A356: ACE_Thread_Manager::instance() (in /home/johnny/ACE/trunk/ACE/ace/libACE.so.6.1.9)
==27870==    by 0xDFA014F: OpenDDS::DCPS::DataLink::data_received_i(OpenDDS::DCPS::ReceivedDataSample&, OpenDDS::DCPS::GUID_t const&, std::set<OpenDDS::DCPS::GUID_t, OpenDDS::DCPS::GUID_tKeyLessThan, std::allocator<OpenDDS::DCPS::GUID_t> > const&) (in /home/johnny/ACE/OpenDDS/dds/libOpenDDS_Dcps.so.3.4.1)
==27869==    by 0x7E224EC: ACE_Task_Base::activate(long, int, int, long, int, ACE_Task_Base*, unsigned long*, void**, unsigned long*, unsigned long*, char const**) (in /home/johnny/ACE/trunk/ACE/ace/libACE.so.6.1.9)
==27870==    by 0x1103533C: OpenDDS::DCPS::RtpsUdpReceiveStrategy::deliver_sample(OpenDDS::DCPS::ReceivedDataSample&, ACE_INET_Addr const&) (in /home/johnny/ACE/OpenDDS/dds/DCPS/transport/rtps_udp/libOpenDDS_Rtps_Udp.so.3.4.1)
==27869==    by 0xE463859: OpenDDS::DCPS::Service_Participant::get_domain_participant_factory(int&, char**) (in /home/johnny/ACE/OpenDDS/dds/libOpenDDS_Dcps.so.3.4.1)
==27870==    by 0x1103A19E: OpenDDS::DCPS::TransportReceiveStrategy<OpenDDS::DCPS::RtpsTransportHeader, OpenDDS::DCPS::RtpsSampleHeader>::handle_dds_input(int) (in /home/johnny/ACE/OpenDDS/dds/DCPS/transport/rtps_udp/libOpenDDS_Rtps_Udp.so.3.4.1)
==27869==    by 0xBDDE5C5: DDS_Base_Connector_T<CIAO_PSL_DeadlineTest_PSLDeadlineConnector_DDS_Event_Impl::CCM_PSL_DeadlineTest_PSLDeadlineConnector_DDS_Event_Traits>::create_dds_participant_factory() (in /home/johnny/ACE/trunk/CIAO/connectors/dds4ccm/tests/PSLDeadline/Connector/libDDS_PSL_DeadlineTest_Connector_exec.so.3.4.1)
==27870==    by 0xDF0948C: ACE_Select_Reactor_T<ACE_Reactor_Token_T<ACE_Token> >::notify_handle(int, unsigned long, ACE_Handle_Set&, ACE_Event_Handler*, int (ACE_Event_Handler::*)(int)) (in /home/johnny/ACE/OpenDDS/dds/libOpenDDS_Dcps.so.3.4.1)
==27869==    by 0xBDDEB08: DDS_Base_Connector_T<CIAO_PSL_DeadlineTest_PSLDeadlineConnector_DDS_Event_Impl::CCM_PSL_DeadlineTest_PSLDeadlineConnector_DDS_Event_Traits>::DDS_Base_Connector_T() (in /home/johnny/ACE/trunk/CIAO/connectors/dds4ccm/tests/PSLDeadline/Connector/libDDS_PSL_DeadlineTest_Connector_exec.so.3.4.1)
==27870==    by 0xDF073AC: ACE_Select_Reactor_T<ACE_Reactor_Token_T<ACE_Token> >::dispatch_io_set(int, int&, int, ACE_Handle_Set&, ACE_Handle_Set&, int (ACE_Event_Handler::*)(int)) (in /home/johnny/ACE/OpenDDS/dds/libOpenDDS_Dcps.so.3.4.1)
==27869==    by 0xBDD726C: CIAO_PSL_DeadlineTest_PSLDeadlineConnector_DDS_Event_Impl::DDS_Event_exec_i::DDS_Event_exec_i() (in /home/johnny/ACE/trunk/CIAO/connectors/dds4ccm/tests/PSLDeadline/Connector/libDDS_PSL_DeadlineTest_Connector_exec.so.3.4.1)
==27870==    by 0xDF069C9: ACE_Select_Reactor_T<ACE_Reactor_Token_T<ACE_Token> >::dispatch_io_handlers(ACE_Select_Reactor_Handle_Set&, int&, int&) (in /home/johnny/ACE/OpenDDS/dds/libOpenDDS_Dcps.so.3.4.1)
==27869==    by 0xBDD7403: create_PSL_DeadlineTest_PSLDeadlineConnector_DDS_Event_Impl (in /home/johnny/ACE/trunk/CIAO/connectors/dds4ccm/tests/PSLDeadline/Connector/libDDS_PSL_DeadlineTest_Connector_exec.so.3.4.1)
==27870==    by 0xDF06F90: ACE_Select_Reactor_T<ACE_Reactor_Token_T<ACE_Token> >::dispatch(int, ACE_Select_Reactor_Handle_Set&) (in /home/johnny/ACE/OpenDDS/dds/libOpenDDS_Dcps.so.3.4.1)
==27870==    by 0xDF10C4F: ACE_Select_Reactor_T<ACE_Reactor_Token_T<ACE_Token> >::handle_events(ACE_Time_Value*) (in /home/johnny/ACE/OpenDDS/dds/libOpenDDS_Dcps.so.3.4.1)
==27869==    by 0x9E6C11D: CIAO::Session_Container_i::install_component(char const*, char const*, char const*, char const*, char const*, int) (in /home/johnny/ACE/trunk/CIAO/ciao/Containers/Session/libCIAO_Session_Container.so.1.1.9)
==27870==    by 0x7E129BB: ACE_Reactor::run_reactor_event_loop(int (*)(ACE_Reactor*)) (in /home/johnny/ACE/trunk/ACE/ace/libACE.so.6.1.9)
==27870==    by 0xDFAD6AD: OpenDDS::DCPS::TransportReactorTask::svc() (in /home/johnny/ACE/OpenDDS/dds/libOpenDDS_Dcps.so.3.4.1)
==27869==    by 0x9C35A13: CIAO::Component_Handler_i::install_instance(Deployment::DeploymentPlan const&, unsigned int, CORBA::Any_out) (in /home/johnny/ACE/trunk/CIAO/ciao/Deployment/Handlers/libCIAO_Deployment_Handlers.so.1.1.9)
==27870==    by 0x7E22246: ACE_Task_Base::svc_run(void*) (in /home/johnny/ACE/trunk/ACE/ace/libACE.so.6.1.9)
==27870==    by 0x7E23B54: ACE_Thread_Adapter::invoke_i() (in /home/johnny/ACE/trunk/ACE/ace/libACE.so.6.1.9)
==27869==    by 0x5900D55: DAnCE::Install_Instance::invoke(DAnCE::InstanceDeploymentHandler*) (in /home/johnny/ACE/trunk/DAnCE/dance/LocalityManager/Scheduler/libDAnCE_Deployment_Scheduler.so.1.1.9)
==27870==    by 0x7E23C64: ACE_Thread_Adapter::invoke() (in /home/johnny/ACE/trunk/ACE/ace/libACE.so.6.1.9)
==27869==    by 0x58FF845: DAnCE::Action_Base::call() (in /home/johnny/ACE/trunk/DAnCE/dance/LocalityManager/Scheduler/libDAnCE_Deployment_Scheduler.so.1.1.9)
==27870==    by 0x8CB4E0D: start_thread (pthread_create.c:305)
==27870==    by 0x8FAD2BC: clone (clone.S:115)
==27870== 
==27869==    by 0x58FC63D: DAnCE::Deployment_Scheduler::perform_work() (in /home/johnny/ACE/trunk/DAnCE/dance/LocalityManager/Scheduler/libDAnCE_Deployment_Scheduler.so.1.1.9)
==27869==    by 0x58FC888: DAnCE::Deployment_Completion::single_threaded_wait_on_completion(ACE_Time_Value*) (in /home/johnny/ACE/trunk/DAnCE/dance/LocalityManager/Scheduler/libDAnCE_Deployment_Scheduler.so.1.1.9)
==27869==    by 0x58FC984: DAnCE::Deployment_Completion::wait_on_completion(ACE_Time_Value*) (in /home/johnny/ACE/trunk/DAnCE/dance/LocalityManager/Scheduler/libDAnCE_Deployment_Scheduler.so.1.1.9)
==27869==    by 0x4E4B00E: DAnCE::LocalityManager_i::install_instances(Deployment::Properties const&) (in /home/johnny/ACE/trunk/DAnCE/dance/LocalityManager/Daemon/libDAnCE_LocalityManager_Impl.so.1.1.9)
==27869==    by 0x4E4C62A: DAnCE::LocalityManager_i::startLaunch(Deployment::Properties const&, TAO_Seq_Out_T<Deployment::Connections>) (in /home/johnny/ACE/trunk/DAnCE/dance/LocalityManager/Daemon/libDAnCE_LocalityManager_Impl.so.1.1.9)
==27870== 224 bytes in 4 blocks are indirectly lost in loss record 45 of 85
==27869==    by 0x5F674AC: POA_Deployment::startLaunch_ApplicationManager::execute() (in /home/johnny/ACE/trunk/DAnCE/dance/Deployment/libDAnCE_ApplicationManager_skel.so.1.1.9)
==27870==    at 0x4C2BC97: operator new(unsigned long) (in /usr/lib64/valgrind/vgpreload_memcheck-amd64-linux.so)
==27869==    by 0x6E05AAD: TAO::Upcall_Wrapper::upcall(TAO_ServerRequest&, TAO::Argument* const*, unsigned long, TAO::Upcall_Command&, TAO::Portable_Server::Servant_Upcall*, CORBA::TypeCode* const*, unsigned int) (in /home/johnny/ACE/trunk/TAO/tao/PortableServer/libTAO_PortableServer.so.2.1.9)
==27870==    by 0xC412F82: std::_Rb_tree_node<std::pair<TestTopic const, int> >* std::_Rb_tree<TestTopic, std::pair<TestTopic const, int>, std::_Select1st<std::pair<TestTopic const, int> >, OpenDDSGenerated::TestTopic_KeyLessThan, std::allocator<std::pair<TestTopic const, int> > >::_M_create_node<std::pair<TestTopic const, int> >(std::pair<TestTopic const, int>&&) (in /home/johnny/ACE/trunk/CIAO/connectors/dds4ccm/tests/PSLDeadline/Base/libDDS_PSL_DeadlineTest_Base_stub.so.3.4.1)
==27870==    by 0xC41303C: std::_Rb_tree_iterator<std::pair<TestTopic const, int> > std::_Rb_tree<TestTopic, std::pair<TestTopic const, int>, std::_Select1st<std::pair<TestTopic const, int> >, OpenDDSGenerated::TestTopic_KeyLessThan, std::allocator<std::pair<TestTopic const, int> > >::_M_insert_<std::pair<TestTopic const, int> >(std::_Rb_tree_node_base const*, std::_Rb_tree_node_base const*, std::pair<TestTopic const, int>&&) (in /home/johnny/ACE/trunk/CIAO/connectors/dds4ccm/tests/PSLDeadline/Base/libDDS_PSL_DeadlineTest_Base_stub.so.3.4.1)
==27869==    by 0x5F66A01: POA_Deployment::ApplicationManager::startLaunch_skel(TAO_ServerRequest&, TAO::Portable_Server::Servant_Upcall*, TAO_ServantBase*) (in /home/johnny/ACE/trunk/DAnCE/dance/Deployment/libDAnCE_ApplicationManager_skel.so.1.1.9)
==27870==    by 0xC413186: std::pair<std::_Rb_tree_iterator<std::pair<TestTopic const, int> >, bool> std::_Rb_tree<TestTopic, std::pair<TestTopic const, int>, std::_Select1st<std::pair<TestTopic const, int> >, OpenDDSGenerated::TestTopic_KeyLessThan, std::allocator<std::pair<TestTopic const, int> > >::_M_insert_unique<std::pair<TestTopic const, int> >(std::pair<TestTopic const, int>&&) (in /home/johnny/ACE/trunk/CIAO/connectors/dds4ccm/tests/PSLDeadline/Base/libDDS_PSL_DeadlineTest_Base_stub.so.3.4.1)
==27869==    by 0x6DFD63E: TAO_ServantBase::synchronous_upcall_dispatch(TAO_ServerRequest&, TAO::Portable_Server::Servant_Upcall*, TAO_ServantBase*) (in /home/johnny/ACE/trunk/TAO/tao/PortableServer/libTAO_PortableServer.so.2.1.9)
==27870==    by 0xC4080DF: TestTopicDataReaderImpl::store_instance_data(TestTopic*, OpenDDS::DCPS::DataSampleHeader const&, OpenDDS::DCPS::SubscriptionInstance*&, bool&, bool&) (in /home/johnny/ACE/trunk/CIAO/connectors/dds4ccm/tests/PSLDeadline/Base/libDDS_PSL_DeadlineTest_Base_stub.so.3.4.1)
==27869==    by 0x6DD2FFD: TAO_Object_Adapter::dispatch_servant(TAO::ObjectKey const&, TAO_ServerRequest&, TAO_Pseudo_Out_T<CORBA::Object>) (in /home/johnny/ACE/trunk/TAO/tao/PortableServer/libTAO_PortableServer.so.2.1.9)
==27870==    by 0xC408FDC: TestTopicDataReaderImpl::dds_demarshal(OpenDDS::DCPS::ReceivedDataSample const&, OpenDDS::DCPS::SubscriptionInstance*&, bool&, bool&, OpenDDS::DCPS::MarshalingType) (in /home/johnny/ACE/trunk/CIAO/connectors/dds4ccm/tests/PSLDeadline/Base/libDDS_PSL_DeadlineTest_Base_stub.so.3.4.1)
==27869==    by 0x6DD3193: TAO_Object_Adapter::dispatch(TAO::ObjectKey&, TAO_ServerRequest&, TAO_Pseudo_Out_T<CORBA::Object>) (in /home/johnny/ACE/trunk/TAO/tao/PortableServer/libTAO_PortableServer.so.2.1.9)
==27870==    by 0xDEE703D: OpenDDS::DCPS::DataReaderImpl::data_received(OpenDDS::DCPS::ReceivedDataSample const&) (in /home/johnny/ACE/OpenDDS/dds/libOpenDDS_Dcps.so.3.4.1)
==27869== 
==27870==    by 0xDFA2432: OpenDDS::DCPS::ReceiveListenerSet::data_received(OpenDDS::DCPS::ReceivedDataSample const&, std::set<OpenDDS::DCPS::GUID_t, OpenDDS::DCPS::GUID_tKeyLessThan, std::allocator<OpenDDS::DCPS::GUID_t> > const&) (in /home/johnny/ACE/OpenDDS/dds/libOpenDDS_Dcps.so.3.4.1)
==27870==    by 0xDFA014F: OpenDDS::DCPS::DataLink::data_received_i(OpenDDS::DCPS::ReceivedDataSample&, OpenDDS::DCPS::GUID_t const&, std::set<OpenDDS::DCPS::GUID_t, OpenDDS::DCPS::GUID_tKeyLessThan, std::allocator<OpenDDS::DCPS::GUID_t> > const&) (in /home/johnny/ACE/OpenDDS/dds/libOpenDDS_Dcps.so.3.4.1)
==27869== 104 bytes in 1 blocks are still reachable in loss record 62 of 147
==27870==    by 0x1103533C: OpenDDS::DCPS::RtpsUdpReceiveStrategy::deliver_sample(OpenDDS::DCPS::ReceivedDataSample&, ACE_INET_Addr const&) (in /home/johnny/ACE/OpenDDS/dds/DCPS/transport/rtps_udp/libOpenDDS_Rtps_Udp.so.3.4.1)
==27870==    by 0x1103A19E: OpenDDS::DCPS::TransportReceiveStrategy<OpenDDS::DCPS::RtpsTransportHeader, OpenDDS::DCPS::RtpsSampleHeader>::handle_dds_input(int) (in /home/johnny/ACE/OpenDDS/dds/DCPS/transport/rtps_udp/libOpenDDS_Rtps_Udp.so.3.4.1)
==27869==    at 0x4C2B9CB: operator new(unsigned long, std::nothrow_t const&) (in /usr/lib64/valgrind/vgpreload_memcheck-amd64-linux.so)
==27870==    by 0xDF0948C: ACE_Select_Reactor_T<ACE_Reactor_Token_T<ACE_Token> >::notify_handle(int, unsigned long, ACE_Handle_Set&, ACE_Event_Handler*, int (ACE_Event_Handler::*)(int)) (in /home/johnny/ACE/OpenDDS/dds/libOpenDDS_Dcps.so.3.4.1)
==27869==    by 0x7E2A56C: ACE_Locked_Free_List<ACE_Thread_Descriptor, ACE_Thread_Mutex>::alloc(unsigned long) (in /home/johnny/ACE/trunk/ACE/ace/libACE.so.6.1.9)
==27870==    by 0xDF073AC: ACE_Select_Reactor_T<ACE_Reactor_Token_T<ACE_Token> >::dispatch_io_set(int, int&, int, ACE_Handle_Set&, ACE_Handle_Set&, int (ACE_Event_Handler::*)(int)) (in /home/johnny/ACE/OpenDDS/dds/libOpenDDS_Dcps.so.3.4.1)
==27869==    by 0x7E284B3: ACE_Thread_Manager::spawn_i(void* (*)(void*), void*, long, unsigned long*, unsigned long*, long, int, void*, unsigned long, ACE_Task_Base*, char const**) (in /home/johnny/ACE/trunk/ACE/ace/libACE.so.6.1.9)
==27870==    by 0xDF069C9: ACE_Select_Reactor_T<ACE_Reactor_Token_T<ACE_Token> >::dispatch_io_handlers(ACE_Select_Reactor_Handle_Set&, int&, int&) (in /home/johnny/ACE/OpenDDS/dds/libOpenDDS_Dcps.so.3.4.1)
==27869==    by 0x7E2A041: ACE_Thread_Manager::spawn_n(unsigned long, void* (*)(void*), void*, long, long, int, ACE_Task_Base*, unsigned long*, void**, unsigned long*, char const**) (in /home/johnny/ACE/trunk/ACE/ace/libACE.so.6.1.9)
==27870==    by 0xDF06F90: ACE_Select_Reactor_T<ACE_Reactor_Token_T<ACE_Token> >::dispatch(int, ACE_Select_Reactor_Handle_Set&) (in /home/johnny/ACE/OpenDDS/dds/libOpenDDS_Dcps.so.3.4.1)
==27869==    by 0x7E224DC: ACE_Task_Base::activate(long, int, int, long, int, ACE_Task_Base*, unsigned long*, void**, unsigned long*, unsigned long*, char const**) (in /home/johnny/ACE/trunk/ACE/ace/libACE.so.6.1.9)
==27870==    by 0xDF10C4F: ACE_Select_Reactor_T<ACE_Reactor_Token_T<ACE_Token> >::handle_events(ACE_Time_Value*) (in /home/johnny/ACE/OpenDDS/dds/libOpenDDS_Dcps.so.3.4.1)
==27869==    by 0xE463859: OpenDDS::DCPS::Service_Participant::get_domain_participant_factory(int&, char**) (in /home/johnny/ACE/OpenDDS/dds/libOpenDDS_Dcps.so.3.4.1)
==27870==    by 0x7E129BB: ACE_Reactor::run_reactor_event_loop(int (*)(ACE_Reactor*)) (in /home/johnny/ACE/trunk/ACE/ace/libACE.so.6.1.9)
==27870==    by 0xDFAD6AD: OpenDDS::DCPS::TransportReactorTask::svc() (in /home/johnny/ACE/OpenDDS/dds/libOpenDDS_Dcps.so.3.4.1)
==27869==    by 0xBDDE5C5: DDS_Base_Connector_T<CIAO_PSL_DeadlineTest_PSLDeadlineConnector_DDS_Event_Impl::CCM_PSL_DeadlineTest_PSLDeadlineConnector_DDS_Event_Traits>::create_dds_participant_factory() (in /home/johnny/ACE/trunk/CIAO/connectors/dds4ccm/tests/PSLDeadline/Connector/libDDS_PSL_DeadlineTest_Connector_exec.so.3.4.1)
==27870==    by 0x7E22246: ACE_Task_Base::svc_run(void*) (in /home/johnny/ACE/trunk/ACE/ace/libACE.so.6.1.9)
==27870==    by 0x7E23B54: ACE_Thread_Adapter::invoke_i() (in /home/johnny/ACE/trunk/ACE/ace/libACE.so.6.1.9)
==27869==    by 0xBDDEB08: DDS_Base_Connector_T<CIAO_PSL_DeadlineTest_PSLDeadlineConnector_DDS_Event_Impl::CCM_PSL_DeadlineTest_PSLDeadlineConnector_DDS_Event_Traits>::DDS_Base_Connector_T() (in /home/johnny/ACE/trunk/CIAO/connectors/dds4ccm/tests/PSLDeadline/Connector/libDDS_PSL_DeadlineTest_Connector_exec.so.3.4.1)
==27870==    by 0x7E23C64: ACE_Thread_Adapter::invoke() (in /home/johnny/ACE/trunk/ACE/ace/libACE.so.6.1.9)
==27870==    by 0x8CB4E0D: start_thread (pthread_create.c:305)
==27869==    by 0xBDD726C: CIAO_PSL_DeadlineTest_PSLDeadlineConnector_DDS_Event_Impl::DDS_Event_exec_i::DDS_Event_exec_i() (in /home/johnny/ACE/trunk/CIAO/connectors/dds4ccm/tests/PSLDeadline/Connector/libDDS_PSL_DeadlineTest_Connector_exec.so.3.4.1)
==27870==    by 0x8FAD2BC: clone (clone.S:115)
==27870== 
==27869==    by 0xBDD7403: create_PSL_DeadlineTest_PSLDeadlineConnector_DDS_Event_Impl (in /home/johnny/ACE/trunk/CIAO/connectors/dds4ccm/tests/PSLDeadline/Connector/libDDS_PSL_DeadlineTest_Connector_exec.so.3.4.1)
==27869==    by 0x9E6C11D: CIAO::Session_Container_i::install_component(char const*, char const*, char const*, char const*, char const*, int) (in /home/johnny/ACE/trunk/CIAO/ciao/Containers/Session/libCIAO_Session_Container.so.1.1.9)
==27869==    by 0x9C35A13: CIAO::Component_Handler_i::install_instance(Deployment::DeploymentPlan const&, unsigned int, CORBA::Any_out) (in /home/johnny/ACE/trunk/CIAO/ciao/Deployment/Handlers/libCIAO_Deployment_Handlers.so.1.1.9)
==27869==    by 0x5900D55: DAnCE::Install_Instance::invoke(DAnCE::InstanceDeploymentHandler*) (in /home/johnny/ACE/trunk/DAnCE/dance/LocalityManager/Scheduler/libDAnCE_Deployment_Scheduler.so.1.1.9)
==27869==    by 0x58FF845: DAnCE::Action_Base::call() (in /home/johnny/ACE/trunk/DAnCE/dance/LocalityManager/Scheduler/libDAnCE_Deployment_Scheduler.so.1.1.9)
==27869==    by 0x58FC63D: DAnCE::Deployment_Scheduler::perform_work() (in /home/johnny/ACE/trunk/DAnCE/dance/LocalityManager/Scheduler/libDAnCE_Deployment_Scheduler.so.1.1.9)
==27869==    by 0x58FC888: DAnCE::Deployment_Completion::single_threaded_wait_on_completion(ACE_Time_Value*) (in /home/johnny/ACE/trunk/DAnCE/dance/LocalityManager/Scheduler/libDAnCE_Deployment_Scheduler.so.1.1.9)
==27870== 232 bytes in 1 blocks are indirectly lost in loss record 46 of 85
==27869==    by 0x58FC984: DAnCE::Deployment_Completion::wait_on_completion(ACE_Time_Value*) (in /home/johnny/ACE/trunk/DAnCE/dance/LocalityManager/Scheduler/libDAnCE_Deployment_Scheduler.so.1.1.9)
==27870==    at 0x4C2BC97: operator new(unsigned long) (in /usr/lib64/valgrind/vgpreload_memcheck-amd64-linux.so)
==27870==    by 0xDF60F48: OpenDDS::DCPS::EntityImpl::EntityImpl() (in /home/johnny/ACE/OpenDDS/dds/libOpenDDS_Dcps.so.3.4.1)
==27869==    by 0x4E4B00E: DAnCE::LocalityManager_i::install_instances(Deployment::Properties const&) (in /home/johnny/ACE/trunk/DAnCE/dance/LocalityManager/Daemon/libDAnCE_LocalityManager_Impl.so.1.1.9)
==27870==    by 0xDF2BCF6: OpenDDS::DCPS::TopicImpl::TopicImpl(OpenDDS::DCPS::GUID_t, char const*, char const*, OpenDDS::DCPS::TypeSupport*, DDS::TopicQos const&, DDS::TopicListener*, unsigned int const&, OpenDDS::DCPS::DomainParticipantImpl*) (in /home/johnny/ACE/OpenDDS/dds/libOpenDDS_Dcps.so.3.4.1)
==27870==    by 0xDF33FB0: OpenDDS::DCPS::DomainParticipantImpl::create_new_topic(OpenDDS::DCPS::GUID_t, char const*, char const*, DDS::TopicQos const&, DDS::TopicListener*, unsigned int const&, OpenDDS::DCPS::TypeSupport*) (in /home/johnny/ACE/OpenDDS/dds/libOpenDDS_Dcps.so.3.4.1)
==27869==    by 0x4E4C62A: DAnCE::LocalityManager_i::startLaunch(Deployment::Properties const&, TAO_Seq_Out_T<Deployment::Connections>) (in /home/johnny/ACE/trunk/DAnCE/dance/LocalityManager/Daemon/libDAnCE_LocalityManager_Impl.so.1.1.9)
==27870==    by 0xDF34FF5: OpenDDS::DCPS::DomainParticipantImpl::create_topic_i(char const*, char const*, DDS::TopicQos const&, DDS::TopicListener*, unsigned int, int) (in /home/johnny/ACE/OpenDDS/dds/libOpenDDS_Dcps.so.3.4.1)
==27870==    by 0xDF3538F: OpenDDS::DCPS::DomainParticipantImpl::create_topic(char const*, char const*, DDS::TopicQos const&, DDS::TopicListener*, unsigned int) (in /home/johnny/ACE/OpenDDS/dds/libOpenDDS_Dcps.so.3.4.1)
==27869==    by 0x5F674AC: POA_Deployment::startLaunch_ApplicationManager::execute() (in /home/johnny/ACE/trunk/DAnCE/dance/Deployment/libDAnCE_ApplicationManager_skel.so.1.1.9)
==27870==    by 0xF57B992: DDS_Base_Connector_T<CIAO_PSL_DeadlineTest_PSLDeadlineConnector_DDS_Event_Impl::CCM_PSL_DeadlineTest_PSLDeadlineConnector_DDS_Event_Traits>::init_topic(DDS::DomainParticipant*, DDS::Topic*&, char const*, char const*) (in /home/johnny/ACE/trunk/CIAO/connectors/dds4ccm/tests/PSLDeadline/Connector/libDDS_PSL_DeadlineTest_Connector_exec.so.3.4.1)
==27869==    by 0x6E05AAD: TAO::Upcall_Wrapper::upcall(TAO_ServerRequest&, TAO::Argument* const*, unsigned long, TAO::Upcall_Command&, TAO::Portable_Server::Servant_Upcall*, CORBA::TypeCode* const*, unsigned int) (in /home/johnny/ACE/trunk/TAO/tao/PortableServer/libTAO_PortableServer.so.2.1.9)
==27870==    by 0xF58E1CF: DDS_TopicBase_Connector_T<CIAO_PSL_DeadlineTest_PSLDeadlineConnector_DDS_Event_Impl::CCM_PSL_DeadlineTest_PSLDeadlineConnector_DDS_Event_Traits, CIAO_PSL_DeadlineTest_PSLDeadlineConnector_DDS_Event_Impl::TestTopic_DDS_Traits, TAO::DCPS::ZeroCopyDataSeq<TestTopic, 20ul> >::configuration_complete() (in /home/johnny/ACE/trunk/CIAO/connectors/dds4ccm/tests/PSLDeadline/Connector/libDDS_PSL_DeadlineTest_Connector_exec.so.3.4.1)
==27870==    by 0xF58E2C3: DDS_Event_Connector_T<CIAO_PSL_DeadlineTest_PSLDeadlineConnector_DDS_Event_Impl::CCM_PSL_DeadlineTest_PSLDeadlineConnector_DDS_Event_Traits, CIAO_PSL_DeadlineTest_PSLDeadlineConnector_DDS_Event_Impl::TestTopic_DDS_Traits, false, TAO::DCPS::ZeroCopyDataSeq<TestTopic, 20ul> >::do_configuration_complete() (in /home/johnny/ACE/trunk/CIAO/connectors/dds4ccm/tests/PSLDeadline/Connector/libDDS_PSL_DeadlineTest_Connector_exec.so.3.4.1)
==27869==    by 0x5F66A01: POA_Deployment::ApplicationManager::startLaunch_skel(TAO_ServerRequest&, TAO::Portable_Server::Servant_Upcall*, TAO_ServantBase*) (in /home/johnny/ACE/trunk/DAnCE/dance/Deployment/libDAnCE_ApplicationManager_skel.so.1.1.9)
==27870==    by 0xF58E697: DDS_Event_Connector_T<CIAO_PSL_DeadlineTest_PSLDeadlineConnector_DDS_Event_Impl::CCM_PSL_DeadlineTest_PSLDeadlineConnector_DDS_Event_Traits, CIAO_PSL_DeadlineTest_PSLDeadlineConnector_DDS_Event_Impl::TestTopic_DDS_Traits, false, TAO::DCPS::ZeroCopyDataSeq<TestTopic, 20ul> >::configuration_complete() (in /home/johnny/ACE/trunk/CIAO/connectors/dds4ccm/tests/PSLDeadline/Connector/libDDS_PSL_DeadlineTest_Connector_exec.so.3.4.1)
==27869==    by 0x6DFD63E: TAO_ServantBase::synchronous_upcall_dispatch(TAO_ServerRequest&, TAO::Portable_Server::Servant_Upcall*, TAO_ServantBase*) (in /home/johnny/ACE/trunk/TAO/tao/PortableServer/libTAO_PortableServer.so.2.1.9)
==27870==    by 0xF09F004: CIAO::Session_Servant_Impl_T<POA_PSL_DeadlineTest::PSLDeadlineConnector::DDS_Event, PSL_DeadlineTest::PSLDeadlineConnector::CCM_DDS_Event, CIAO_PSL_DeadlineTest_PSLDeadlineConnector_DDS_Event_Impl::DDS_Event_Context_T<CIAO::Session_Container, CIAO::Session_Context_Impl_T<PSL_DeadlineTest::PSLDeadlineConnector::CCM_DDS_Event_Context, PSL_DeadlineTest::PSLDeadlineConnector::DDS_Event> > >::configuration_complete() (in /home/johnny/ACE/trunk/CIAO/connectors/dds4ccm/tests/PSLDeadline/Connector/libDDS_PSL_DeadlineTest_Connector_svnt.so.3.4.1)
==27869==    by 0x6DD2FFD: TAO_Object_Adapter::dispatch_servant(TAO::ObjectKey const&, TAO_ServerRequest&, TAO_Pseudo_Out_T<CORBA::Object>) (in /home/johnny/ACE/trunk/TAO/tao/PortableServer/libTAO_PortableServer.so.2.1.9)
==27870==    by 0x6E05AAD: TAO::Upcall_Wrapper::upcall(TAO_ServerRequest&, TAO::Argument* const*, unsigned long, TAO::Upcall_Command&, TAO::Portable_Server::Servant_Upcall*, CORBA::TypeCode* const*, unsigned int) (in /home/johnny/ACE/trunk/TAO/tao/PortableServer/libTAO_PortableServer.so.2.1.9)
==27869==    by 0x6DD3193: TAO_Object_Adapter::dispatch(TAO::ObjectKey&, TAO_ServerRequest&, TAO_Pseudo_Out_T<CORBA::Object>) (in /home/johnny/ACE/trunk/TAO/tao/PortableServer/libTAO_PortableServer.so.2.1.9)
==27870==    by 0xA6C241E: POA_Components::CCMObject::configuration_complete_skel(TAO_ServerRequest&, TAO::Portable_Server::Servant_Upcall*, TAO_ServantBase*) (in /home/johnny/ACE/trunk/CIAO/ccm/libCCM_svnt.so.1.1.9)
==27869== 
==27870==    by 0x6DFD63E: TAO_ServantBase::synchronous_upcall_dispatch(TAO_ServerRequest&, TAO::Portable_Server::Servant_Upcall*, TAO_ServantBase*) (in /home/johnny/ACE/trunk/TAO/tao/PortableServer/libTAO_PortableServer.so.2.1.9)
==27870==    by 0x6DD2FFD: TAO_Object_Adapter::dispatch_servant(TAO::ObjectKey const&, TAO_ServerRequest&, TAO_Pseudo_Out_T<CORBA::Object>) (in /home/johnny/ACE/trunk/TAO/tao/PortableServer/libTAO_PortableServer.so.2.1.9)
==27869== 104 bytes in 1 blocks are still reachable in loss record 63 of 147
==27870==    by 0x6DD3193: TAO_Object_Adapter::dispatch(TAO::ObjectKey&, TAO_ServerRequest&, TAO_Pseudo_Out_T<CORBA::Object>) (in /home/johnny/ACE/trunk/TAO/tao/PortableServer/libTAO_PortableServer.so.2.1.9)
==27870==    by 0x7A008F9: TAO_Adapter_Registry::dispatch(TAO::ObjectKey&, TAO_ServerRequest&, TAO_Pseudo_Out_T<CORBA::Object>) (in /home/johnny/ACE/trunk/TAO/tao/libTAO.so.2.1.9)
==27869==    at 0x4C2B9CB: operator new(unsigned long, std::nothrow_t const&) (in /usr/lib64/valgrind/vgpreload_memcheck-amd64-linux.so)
==27870==    by 0x7A6D263: TAO_Request_Dispatcher::dispatch(TAO_ORB_Core*, TAO_ServerRequest&, TAO_Pseudo_Out_T<CORBA::Object>) (in /home/johnny/ACE/trunk/TAO/tao/libTAO.so.2.1.9)
==27869==    by 0x7E2A56C: ACE_Locked_Free_List<ACE_Thread_Descriptor, ACE_Thread_Mutex>::alloc(unsigned long) (in /home/johnny/ACE/trunk/ACE/ace/libACE.so.6.1.9)
==27870==    by 0x7A04414: TAO::Collocated_Invocation::invoke(TAO::Collocation_Strategy) (in /home/johnny/ACE/trunk/TAO/tao/libTAO.so.2.1.9)
==27869==    by 0x7E284B3: ACE_Thread_Manager::spawn_i(void* (*)(void*), void*, long, unsigned long*, unsigned long*, long, int, void*, unsigned long, ACE_Task_Base*, char const**) (in /home/johnny/ACE/trunk/ACE/ace/libACE.so.6.1.9)
==27870==    by 0x7A33CCB: TAO::Invocation_Adapter::invoke_collocated_i(TAO_Stub*, TAO_Operation_Details&, TAO_Pseudo_Var_T<CORBA::Object>&, TAO::Collocation_Strategy) (in /home/johnny/ACE/trunk/TAO/tao/libTAO.so.2.1.9)
==27870==    by 0x7A343CD: TAO::Invocation_Adapter::invoke_i(TAO_Stub*, TAO_Operation_Details&) (in /home/johnny/ACE/trunk/TAO/tao/libTAO.so.2.1.9)
==27869==    by 0x7E2A041: ACE_Thread_Manager::spawn_n(unsigned long, void* (*)(void*), void*, long, long, int, ACE_Task_Base*, unsigned long*, void**, unsigned long*, char const**) (in /home/johnny/ACE/trunk/ACE/ace/libACE.so.6.1.9)
==27870==    by 0x7A33420: TAO::Invocation_Adapter::invoke(TAO::Exception_Data*, unsigned long) (in /home/johnny/ACE/trunk/TAO/tao/libTAO.so.2.1.9)
==27869==    by 0x7E224DC: ACE_Task_Base::activate(long, int, int, long, int, ACE_Task_Base*, unsigned long*, void**, unsigned long*, unsigned long*, char const**) (in /home/johnny/ACE/trunk/ACE/ace/libACE.so.6.1.9)
==27870==    by 0xB7537AF: Components::CCMObject::configuration_complete() (in /home/johnny/ACE/trunk/CIAO/ccm/libCCM_stub.so.1.1.9)
==27869==    by 0xDFE3A71: OpenDDS::RTPS::Sedp::Task::Task(OpenDDS::RTPS::Sedp*) (in /home/johnny/ACE/OpenDDS/dds/DCPS/RTPS/libOpenDDS_Rtps.so.3.4.1)
==27870==    by 0x9C32FB4: CIAO::Component_Handler_i::instance_configured(Deployment::DeploymentPlan const&, unsigned int) (in /home/johnny/ACE/trunk/CIAO/ciao/Deployment/Handlers/libCIAO_Deployment_Handlers.so.1.1.9)
==27869==    by 0xDFD561E: OpenDDS::RTPS::Sedp::Sedp(OpenDDS::DCPS::GUID_t const&, OpenDDS::RTPS::Spdp&, ACE_Thread_Mutex&) (in /home/johnny/ACE/OpenDDS/dds/DCPS/RTPS/libOpenDDS_Rtps.so.3.4.1)
==27870==    by 0x59044E4: DAnCE::Instance_Configured::invoke(DAnCE::InstanceDeploymentHandler*) (in /home/johnny/ACE/trunk/DAnCE/dance/LocalityManager/Scheduler/libDAnCE_Deployment_Scheduler.so.1.1.9)
==27870== 
==27869==    by 0xDFA433C: OpenDDS::RTPS::Spdp::Spdp(int, OpenDDS::DCPS::GUID_t const&, DDS::DomainParticipantQos const&, OpenDDS::RTPS::RtpsDiscovery*) (in /home/johnny/ACE/OpenDDS/dds/DCPS/RTPS/libOpenDDS_Rtps.so.3.4.1)
==27869==    by 0xDFF800E: OpenDDS::RTPS::RtpsDiscovery::add_domain_participant(int, DDS::DomainParticipantQos const&) (in /home/johnny/ACE/OpenDDS/dds/DCPS/RTPS/libOpenDDS_Rtps.so.3.4.1)
==27870== 232 bytes in 1 blocks are indirectly lost in loss record 47 of 85
==27870==    at 0x4C2BC97: operator new(unsigned long) (in /usr/lib64/valgrind/vgpreload_memcheck-amd64-linux.so)
==27869==    by 0xE418E84: OpenDDS::DCPS::DomainParticipantFactoryImpl::create_participant(int, DDS::DomainParticipantQos const&, DDS::DomainParticipantListener*, unsigned int) (in /home/johnny/ACE/OpenDDS/dds/libOpenDDS_Dcps.so.3.4.1)
==27870==    by 0xDF60F48: OpenDDS::DCPS::EntityImpl::EntityImpl() (in /home/johnny/ACE/OpenDDS/dds/libOpenDDS_Dcps.so.3.4.1)
==27870==    by 0xC405525: TestTopicDataReaderImpl::TestTopicDataReaderImpl() (in /home/johnny/ACE/trunk/CIAO/connectors/dds4ccm/tests/PSLDeadline/Base/libDDS_PSL_DeadlineTest_Base_stub.so.3.4.1)
==27869==    by 0xBDF68D6: DDS_Base_Connector_T<CIAO_PSL_DeadlineTest_PSLDeadlineConnector_DDS_Event_Impl::CCM_PSL_DeadlineTest_PSLDeadlineConnector_DDS_Event_Traits>::init_domain(DDS::DomainParticipant*&) (in /home/johnny/ACE/trunk/CIAO/connectors/dds4ccm/tests/PSLDeadline/Connector/libDDS_PSL_DeadlineTest_Connector_exec.so.3.4.1)
==27870==    by 0xC4057AE: TestTopicTypeSupportImpl::create_datareader() (in /home/johnny/ACE/trunk/CIAO/connectors/dds4ccm/tests/PSLDeadline/Base/libDDS_PSL_DeadlineTest_Base_stub.so.3.4.1)
==27870==    by 0xDF5AD54: OpenDDS::DCPS::SubscriberImpl::create_datareader(DDS::TopicDescription*, DDS::DataReaderQos const&, DDS::DataReaderListener*, unsigned int) (in /home/johnny/ACE/OpenDDS/dds/libOpenDDS_Dcps.so.3.4.1)
==27869==    by 0xBDF6FE0: DDS_TopicBase_Connector_T<CIAO_PSL_DeadlineTest_PSLDeadlineConnector_DDS_Event_Impl::CCM_PSL_DeadlineTest_PSLDeadlineConnector_DDS_Event_Traits, CIAO_PSL_DeadlineTest_PSLDeadlineConnector_DDS_Event_Impl::TestTopic_DDS_Traits, TAO::DCPS::ZeroCopyDataSeq<TestTopic, 20ul> >::configuration_complete() (in /home/johnny/ACE/trunk/CIAO/connectors/dds4ccm/tests/PSLDeadline/Connector/libDDS_PSL_DeadlineTest_Connector_exec.so.3.4.1)
==27870==    by 0xF58AAD0: DDS_Subscriber_Base_T<CIAO_PSL_DeadlineTest_PSLDeadlineConnector_DDS_Event_Impl::CCM_PSL_DeadlineTest_PSLDeadlineConnector_DDS_Event_Traits::push_consumer_traits, TestTopicDataReader, TestTopic, TAO::DCPS::ZeroCopyDataSeq<TestTopic, 20ul> >::configuration_complete(DDS::Topic*, DDS::Subscriber*, char const*, OpenDDS::DCPS::QOS_XML_Loader*) (in /home/johnny/ACE/trunk/CIAO/connectors/dds4ccm/tests/PSLDeadline/Connector/libDDS_PSL_DeadlineTest_Connector_exec.so.3.4.1)
==27869==    by 0xBDF72C3: DDS_Event_Connector_T<CIAO_PSL_DeadlineTest_PSLDeadlineConnector_DDS_Event_Impl::CCM_PSL_DeadlineTest_PSLDeadlineConnector_DDS_Event_Traits, CIAO_PSL_DeadlineTest_PSLDeadlineConnector_DDS_Event_Impl::TestTopic_DDS_Traits, false, TAO::DCPS::ZeroCopyDataSeq<TestTopic, 20ul> >::do_configuration_complete() (in /home/johnny/ACE/trunk/CIAO/connectors/dds4ccm/tests/PSLDeadline/Connector/libDDS_PSL_DeadlineTest_Connector_exec.so.3.4.1)
==27870==    by 0xF58E353: DDS_Event_Connector_T<CIAO_PSL_DeadlineTest_PSLDeadlineConnector_DDS_Event_Impl::CCM_PSL_DeadlineTest_PSLDeadlineConnector_DDS_Event_Traits, CIAO_PSL_DeadlineTest_PSLDeadlineConnector_DDS_Event_Impl::TestTopic_DDS_Traits, false, TAO::DCPS::ZeroCopyDataSeq<TestTopic, 20ul> >::do_configuration_complete() (in /home/johnny/ACE/trunk/CIAO/connectors/dds4ccm/tests/PSLDeadline/Connector/libDDS_PSL_DeadlineTest_Connector_exec.so.3.4.1)
==27869==    by 0xBDF7697: DDS_Event_Connector_T<CIAO_PSL_DeadlineTest_PSLDeadlineConnector_DDS_Event_Impl::CCM_PSL_DeadlineTest_PSLDeadlineConnector_DDS_Event_Traits, CIAO_PSL_DeadlineTest_PSLDeadlineConnector_DDS_Event_Impl::TestTopic_DDS_Traits, false, TAO::DCPS::ZeroCopyDataSeq<TestTopic, 20ul> >::configuration_complete() (in /home/johnny/ACE/trunk/CIAO/connectors/dds4ccm/tests/PSLDeadline/Connector/libDDS_PSL_DeadlineTest_Connector_exec.so.3.4.1)
==27870==    by 0xF58E697: DDS_Event_Connector_T<CIAO_PSL_DeadlineTest_PSLDeadlineConnector_DDS_Event_Impl::CCM_PSL_DeadlineTest_PSLDeadlineConnector_DDS_Event_Traits, CIAO_PSL_DeadlineTest_PSLDeadlineConnector_DDS_Event_Impl::TestTopic_DDS_Traits, false, TAO::DCPS::ZeroCopyDataSeq<TestTopic, 20ul> >::configuration_complete() (in /home/johnny/ACE/trunk/CIAO/connectors/dds4ccm/tests/PSLDeadline/Connector/libDDS_PSL_DeadlineTest_Connector_exec.so.3.4.1)
==27870==    by 0xF09F004: CIAO::Session_Servant_Impl_T<POA_PSL_DeadlineTest::PSLDeadlineConnector::DDS_Event, PSL_DeadlineTest::PSLDeadlineConnector::CCM_DDS_Event, CIAO_PSL_DeadlineTest_PSLDeadlineConnector_DDS_Event_Impl::DDS_Event_Context_T<CIAO::Session_Container, CIAO::Session_Context_Impl_T<PSL_DeadlineTest::PSLDeadlineConnector::CCM_DDS_Event_Context, PSL_DeadlineTest::PSLDeadlineConnector::DDS_Event> > >::configuration_complete() (in /home/johnny/ACE/trunk/CIAO/connectors/dds4ccm/tests/PSLDeadline/Connector/libDDS_PSL_DeadlineTest_Connector_svnt.so.3.4.1)
==27869==    by 0xF181004: CIAO::Session_Servant_Impl_T<POA_PSL_DeadlineTest::PSLDeadlineConnector::DDS_Event, PSL_DeadlineTest::PSLDeadlineConnector::CCM_DDS_Event, CIAO_PSL_DeadlineTest_PSLDeadlineConnector_DDS_Event_Impl::DDS_Event_Context_T<CIAO::Session_Container, CIAO::Session_Context_Impl_T<PSL_DeadlineTest::PSLDeadlineConnector::CCM_DDS_Event_Context, PSL_DeadlineTest::PSLDeadlineConnector::DDS_Event> > >::configuration_complete() (in /home/johnny/ACE/trunk/CIAO/connectors/dds4ccm/tests/PSLDeadline/==27870==    by 0x6E05AAD: TAO::Upcall_Wrapper::upcall(TAO_ServerRequest&, TAO::Argument* const*, unsigned long, TAO::Upcall_Command&, TAO::Portable_Server::Servant_Upcall*, CORBA::TypeCode* const*, unsigned int) (in /home/johnny/ACE/trunk/TAO/tao/PortableServer/libTAO_PortableServer.so.2.1.9)
Connector/libDDS_PSL_DeadlineTest_Connector_svnt.so.3.4.1)
==27870==    by 0xA6C241E: POA_Components::CCMObject::configuration_complete_skel(TAO_ServerRequest&, TAO::Portable_Server::Servant_Upcall*, TAO_ServantBase*) (in /home/johnny/ACE/trunk/CIAO/ccm/libCCM_svnt.so.1.1.9)
==27870==    by 0x6DFD63E: TAO_ServantBase::synchronous_upcall_dispatch(TAO_ServerRequest&, TAO::Portable_Server::Servant_Upcall*, TAO_ServantBase*) (in /home/johnny/ACE/trunk/TAO/tao/PortableServer/libTAO_PortableServer.so.2.1.9)
==27869==    by 0x6E05AAD: TAO::Upcall_Wrapper::upcall(TAO_ServerRequest&, TAO::Argument* const*, unsigned long, TAO::Upcall_Command&, TAO::Portable_Server::Servant_Upcall*, CORBA::TypeCode* const*, unsigned int) (in /home/johnny/ACE/trunk/TAO/tao/PortableServer/libTAO_PortableServer.so.2.1.9)
==27870==    by 0x6DD2FFD: TAO_Object_Adapter::dispatch_servant(TAO::ObjectKey const&, TAO_ServerRequest&, TAO_Pseudo_Out_T<CORBA::Object>) (in /home/johnny/ACE/trunk/TAO/tao/PortableServer/libTAO_PortableServer.so.2.1.9)
==27870==    by 0x6DD3193: TAO_Object_Adapter::dispatch(TAO::ObjectKey&, TAO_ServerRequest&, TAO_Pseudo_Out_T<CORBA::Object>) (in /home/johnny/ACE/trunk/TAO/tao/PortableServer/libTAO_PortableServer.so.2.1.9)
==27869==    by 0xA6C241E: POA_Components::CCMObject::configuration_complete_skel(TAO_ServerRequest&, TAO::Portable_Server::Servant_Upcall*, TAO_ServantBase*) (in /home/johnny/ACE/trunk/CIAO/ccm/libCCM_svnt.so.1.1.9)
==27870==    by 0x7A008F9: TAO_Adapter_Registry::dispatch(TAO::ObjectKey&, TAO_ServerRequest&, TAO_Pseudo_Out_T<CORBA::Object>) (in /home/johnny/ACE/trunk/TAO/tao/libTAO.so.2.1.9)
==27869==    by 0x6DFD63E: TAO_ServantBase::synchronous_upcall_dispatch(TAO_ServerRequest&, TAO::Portable_Server::Servant_Upcall*, TAO_ServantBase*) (in /home/johnny/ACE/trunk/TAO/tao/PortableServer/libTAO_PortableServer.so.2.1.9)
==27870==    by 0x7A6D263: TAO_Request_Dispatcher::dispatch(TAO_ORB_Core*, TAO_ServerRequest&, TAO_Pseudo_Out_T<CORBA::Object>) (in /home/johnny/ACE/trunk/TAO/tao/libTAO.so.2.1.9)
==27870==    by 0x7A04414: TAO::Collocated_Invocation::invoke(TAO::Collocation_Strategy) (in /home/johnny/ACE/trunk/TAO/tao/libTAO.so.2.1.9)
==27869==    by 0x6DD2FFD: TAO_Object_Adapter::dispatch_servant(TAO::ObjectKey const&, TAO_ServerRequest&, TAO_Pseudo_Out_T<CORBA::Object>) (in /home/johnny/ACE/trunk/TAO/tao/PortableServer/libTAO_PortableServer.so.2.1.9)
==27870==    by 0x7A33CCB: TAO::Invocation_Adapter::invoke_collocated_i(TAO_Stub*, TAO_Operation_Details&, TAO_Pseudo_Var_T<CORBA::Object>&, TAO::Collocation_Strategy) (in /home/johnny/ACE/trunk/TAO/tao/libTAO.so.2.1.9)
==27869==    by 0x6DD3193: TAO_Object_Adapter::dispatch(TAO::ObjectKey&, TAO_ServerRequest&, TAO_Pseudo_Out_T<CORBA::Object>) (in /home/johnny/ACE/trunk/TAO/tao/PortableServer/libTAO_PortableServer.so.2.1.9)
==27870==    by 0x7A343CD: TAO::Invocation_Adapter::invoke_i(TAO_Stub*, TAO_Operation_Details&) (in /home/johnny/ACE/trunk/TAO/tao/libTAO.so.2.1.9)
==27869==    by 0x7A008F9: TAO_Adapter_Registry::dispatch(TAO::ObjectKey&, TAO_ServerRequest&, TAO_Pseudo_Out_T<CORBA::Object>) (in /home/johnny/ACE/trunk/TAO/tao/libTAO.so.2.1.9)
==27870==    by 0x7A33420: TAO::Invocation_Adapter::invoke(TAO::Exception_Data*, unsigned long) (in /home/johnny/ACE/trunk/TAO/tao/libTAO.so.2.1.9)
==27869==    by 0x7A6D263: TAO_Request_Dispatcher::dispatch(TAO_ORB_Core*, TAO_ServerRequest&, TAO_Pseudo_Out_T<CORBA::Object>) (in /home/johnny/ACE/trunk/TAO/tao/libTAO.so.2.1.9)
==27870==    by 0xB7537AF: Components::CCMObject::configuration_complete() (in /home/johnny/ACE/trunk/CIAO/ccm/libCCM_stub.so.1.1.9)
==27869==    by 0x7A04414: TAO::Collocated_Invocation::invoke(TAO::Collocation_Strategy) (in /home/johnny/ACE/trunk/TAO/tao/libTAO.so.2.1.9)
==27870==    by 0x9C32FB4: CIAO::Component_Handler_i::instance_configured(Deployment::DeploymentPlan const&, unsigned int) (in /home/johnny/ACE/trunk/CIAO/ciao/Deployment/Handlers/libCIAO_Deployment_Handlers.so.1.1.9)
==27869==    by 0x7A33CCB: TAO::Invocation_Adapter::invoke_collocated_i(TAO_Stub*, TAO_Operation_Details&, TAO_Pseudo_Var_T<CORBA::Object>&, TAO::Collocation_Strategy) (in /home/johnny/ACE/trunk/TAO/tao/libTAO.so.2.1.9)
==27870==    by 0x59044E4: DAnCE::Instance_Configured::invoke(DAnCE::InstanceDeploymentHandler*) (in /home/johnny/ACE/trunk/DAnCE/dance/LocalityManager/Scheduler/libDAnCE_Deployment_Scheduler.so.1.1.9)
==27869==    by 0x7A343CD: TAO::Invocation_Adapter::invoke_i(TAO_Stub*, TAO_Operation_Details&) (in /home/johnny/ACE/trunk/TAO/tao/libTAO.so.2.1.9)
==27870==    by 0x58FF845: DAnCE::Action_Base::call() (in /home/johnny/ACE/trunk/DAnCE/dance/LocalityManager/Scheduler/libDAnCE_Deployment_Scheduler.so.1.1.9)
==27869== 
==27870==    by 0x58FC63D: DAnCE::Deployment_Scheduler::perform_work() (in /home/johnny/ACE/trunk/DAnCE/dance/LocalityManager/Scheduler/libDAnCE_Deployment_Scheduler.so.1.1.9)
==27870== 
==27870== 232 bytes in 1 blocks are indirectly lost in loss record 48 of 85
==27870==    at 0x4C2BC97: operator new(unsigned long) (in /usr/lib64/valgrind/vgpreload_memcheck-amd64-linux.so)
==27870==    by 0xDF60F48: OpenDDS::DCPS::EntityImpl::EntityImpl() (in /home/johnny/ACE/OpenDDS/dds/libOpenDDS_Dcps.so.3.4.1)
==27870==    by 0xC405525: TestTopicDataReaderImpl::TestTopicDataReaderImpl() (in /home/johnny/ACE/trunk/CIAO/connectors/dds4ccm/tests/PSLDeadline/Base/libDDS_PSL_DeadlineTest_Base_stub.so.3.4.1)
==27870==    by 0xC4057AE: TestTopicTypeSupportImpl::create_datareader() (in /home/johnny/ACE/trunk/CIAO/connectors/dds4ccm/tests/PSLDeadline/Base/libDDS_PSL_DeadlineTest_Base_stub.so.3.4.1)
==27870==    by 0xDF5AD54: OpenDDS::DCPS::SubscriberImpl::create_datareader(DDS::TopicDescription*, DDS::DataReaderQos const&, DDS::DataReaderListener*, unsigned int) (in /home/johnny/ACE/OpenDDS/dds/libOpenDDS_Dcps.so.3.4.1)
==27870==    by 0xF58B1D0: DDS_Subscriber_Base_T<CIAO_PSL_DeadlineTest_PSLDeadlineConnector_DDS_Event_Impl::CCM_PSL_DeadlineTest_PSLDeadlineConnector_DDS_Event_Traits::pull_consumer_traits, TestTopicDataReader, TestTopic, TAO::DCPS::ZeroCopyDataSeq<TestTopic, 20ul> >::configuration_complete(DDS::Topic*, DDS::Subscriber*, char const*, OpenDDS::DCPS::QOS_XML_Loader*) (in /home/johnny/ACE/trunk/CIAO/connectors/dds4ccm/tests/PSLDeadline/Connector/libDDS_PSL_DeadlineTest_Connector_exec.so.3.4.1)
==27870==    by 0xF58E46C: DDS_Event_Connector_T<CIAO_PSL_DeadlineTest_PSLDeadlineConnector_DDS_Event_Impl::CCM_PSL_DeadlineTest_PSLDeadlineConnector_DDS_Event_Traits, CIAO_PSL_DeadlineTest_PSLDeadlineConnector_DDS_Event_Impl::TestTopic_DDS_Traits, false, TAO::DCPS::ZeroCopyDataSeq<TestTopic, 20ul> >::do_configuration_complete() (in /home/johnny/ACE/trunk/CIAO/connectors/dds4ccm/tests/PSLDeadline/Connector/libDDS_PSL_DeadlineTest_Connector_exec.so.3.4.1)
==27869== 104 bytes in 1 blocks are still reachable in loss record 64 of 147
==27870==    by 0xF58E697: DDS_Event_Connector_T<CIAO_PSL_DeadlineTest_PSLDeadlineConnector_DDS_Event_Impl::CCM_PSL_DeadlineTest_PSLDeadlineConnector_DDS_Event_Traits, CIAO_PSL_DeadlineTest_PSLDeadlineConnector_DDS_Event_Impl::TestTopic_DDS_Traits, false, TAO::DCPS::ZeroCopyDataSeq<TestTopic, 20ul> >::configuration_complete() (in /home/johnny/ACE/trunk/CIAO/connectors/dds4ccm/tests/PSLDeadline/Connector/libDDS_PSL_DeadlineTest_Connector_exec.so.3.4.1)
==27869==    at 0x4C2B9CB: operator new(unsigned long, std::nothrow_t const&) (in /usr/lib64/valgrind/vgpreload_memcheck-amd64-linux.so)
==27870==    by 0xF09F004: CIAO::Session_Servant_Impl_T<POA_PSL_DeadlineTest::PSLDeadlineConnector::DDS_Event, PSL_DeadlineTest::PSLDeadlineConnector::CCM_DDS_Event, CIAO_PSL_DeadlineTest_PSLDeadlineConnector_DDS_Event_Impl::DDS_Event_Context_T<CIAO::Session_Container, CIAO::Session_Context_Impl_T<PSL_DeadlineTest::PSLDeadlineConnector::CCM_DDS_Event_Context, PSL_DeadlineTest::PSLDeadlineConnector::DDS_Event> > >::configuration_complete() (in /home/johnny/ACE/trunk/CIAO/connectors/dds4ccm/tests/PSLDeadline/Connector/libDDS_PSL_DeadlineTest_Connector_svnt.so.3.4.1)
==27869==    by 0x7E2A56C: ACE_Locked_Free_List<ACE_Thread_Descriptor, ACE_Thread_Mutex>::alloc(unsigned long) (in /home/johnny/ACE/trunk/ACE/ace/libACE.so.6.1.9)
==27870==    by 0x6E05AAD: TAO::Upcall_Wrapper::upcall(TAO_ServerRequest&, TAO::Argument* const*, unsigned long, TAO::Upcall_Command&, TAO::Portable_Server::Servant_Upcall*, CORBA::TypeCode* const*, unsigned int) (in /home/johnny/ACE/trunk/TAO/tao/PortableServer/libTAO_PortableServer.so.2.1.9)
==27869==    by 0x7E284B3: ACE_Thread_Manager::spawn_i(void* (*)(void*), void*, long, unsigned long*, unsigned long*, long, int, void*, unsigned long, ACE_Task_Base*, char const**) (in /home/johnny/ACE/trunk/ACE/ace/libACE.so.6.1.9)
