==27870==    by 0xF58E353: DDS_Event_Connector_T<CIAO_PSL_DeadlineTest_PSLDeadlineConnector_DDS_Event_Impl::CCM_PSL_DeadlineTest_PSLDeadlineConnector_DDS_Event_Traits, CIAO_PSL_DeadlineTest_PSLDeadlineConnector_DDS_Event_Impl::TestTopic_DDS_Traits, false, TAO::DCPS::ZeroCopyDataSeq<TestTopic, 20ul> >::do_configuration_complete() (in /home/johnny/ACE/trunk/CIAO/connectors/dds4ccm/tests/PSLDeadline/Connector/libDDS_PSL_DeadlineTest_Connector_exec.so.3.4.1)
==27870==    by 0xF58E697: DDS_Event_Connector_T<CIAO_PSL_DeadlineTest_PSLDeadlineConnector_DDS_Event_Impl::CCM_PSL_DeadlineTest_PSLDeadlineConnector_DDS_Event_Traits, CIAO_PSL_DeadlineTest_PSLDeadlineConnector_DDS_Event_Impl::TestTopic_DDS_Traits, false, TAO::DCPS::ZeroCopyDataSeq<TestTopic, 20ul> >::configuration_complete() (in /home/johnny/ACE/trunk/CIAO/connectors/dds4ccm/tests/PSLDeadline/Connector/libDDS_PSL_DeadlineTest_Connector_exec.so.3.4.1)
==27870==    by 0xF09F004: CIAO::Session_Servant_Impl_T<POA_PSL_DeadlineTest::PSLDeadlineConnector::DDS_Event, PSL_DeadlineTest::PSLDeadlineConnector::CCM_DDS_Event, CIAO_PSL_DeadlineTest_PSLDeadlineConnector_DDS_Event_Impl::DDS_Event_Context_T<CIAO::Session_Container, CIAO::Session_Context_Impl_T<PSL_DeadlineTest::PSLDeadlineConnector::CCM_DDS_Event_Context, PSL_DeadlineTest::PSLDeadlineConnector::DDS_Event> > >::configuration_complete() (in /home/johnny/ACE/trunk/CIAO/connectors/dds4ccm/tests/PSLDeadline/Connector/libDDS_PSL_DeadlineTest_Connector_svnt.so.3.4.1)
==27870==    by 0x6E05AAD: TAO::Upcall_Wrapper::upcall(TAO_ServerRequest&, TAO::Argument* const*, unsigned long, TAO::Upcall_Command&, TAO::Portable_Server::Servant_Upcall*, CORBA::TypeCode* const*, unsigned int) (in /home/johnny/ACE/trunk/TAO/tao/PortableServer/libTAO_PortableServer.so.2.1.9)
==27869== 56 bytes in 1 blocks are still reachable in loss record 34 of 147
==27870==    by 0xA6C241E: POA_Components::CCMObject::configuration_complete_skel(TAO_ServerRequest&, TAO::Portable_Server::Servant_Upcall*, TAO_ServantBase*) (in /home/johnny/ACE/trunk/CIAO/ccm/libCCM_svnt.so.1.1.9)
==27869==    at 0x4C2B9CB: operator new(unsigned long, std::nothrow_t const&) (in /usr/lib64/valgrind/vgpreload_memcheck-amd64-linux.so)
==27870==    by 0x6DFD63E: TAO_ServantBase::synchronous_upcall_dispatch(TAO_ServerRequest&, TAO::Portable_Server::Servant_Upcall*, TAO_ServantBase*) (in /home/johnny/ACE/trunk/TAO/tao/PortableServer/libTAO_PortableServer.so.2.1.9)
==27869==    by 0x7DF5C00: ACE_OS_Object_Manager::instance() (in /home/johnny/ACE/trunk/ACE/ace/libACE.so.6.1.9)
==27870==    by 0x6DD2FFD: TAO_Object_Adapter::dispatch_servant(TAO::ObjectKey const&, TAO_ServerRequest&, TAO_Pseudo_Out_T<CORBA::Object>) (in /home/johnny/ACE/trunk/TAO/tao/PortableServer/libTAO_PortableServer.so.2.1.9)
==27869==    by 0x7DF40D4: ACE_Object_Manager::init() (in /home/johnny/ACE/trunk/ACE/ace/libACE.so.6.1.9)
==27870==    by 0x6DD3193: TAO_Object_Adapter::dispatch(TAO::ObjectKey&, TAO_ServerRequest&, TAO_Pseudo_Out_T<CORBA::Object>) (in /home/johnny/ACE/trunk/TAO/tao/PortableServer/libTAO_PortableServer.so.2.1.9)
==27869==    by 0x7DF4567: ACE_Object_Manager::ACE_Object_Manager() (in /home/johnny/ACE/trunk/ACE/ace/libACE.so.6.1.9)
==27870==    by 0x7A008F9: TAO_Adapter_Registry::dispatch(TAO::ObjectKey&, TAO_ServerRequest&, TAO_Pseudo_Out_T<CORBA::Object>) (in /home/johnny/ACE/trunk/TAO/tao/libTAO.so.2.1.9)
==27869==    by 0x7DF4630: ACE_Object_Manager::instance() (in /home/johnny/ACE/trunk/ACE/ace/libACE.so.6.1.9)
==27870==    by 0x7A6D263: TAO_Request_Dispatcher::dispatch(TAO_ORB_Core*, TAO_ServerRequest&, TAO_Pseudo_Out_T<CORBA::Object>) (in /home/johnny/ACE/trunk/TAO/tao/libTAO.so.2.1.9)
==27870==    by 0x7A04414: TAO::Collocated_Invocation::invoke(TAO::Collocation_Strategy) (in /home/johnny/ACE/trunk/TAO/tao/libTAO.so.2.1.9)
==27869==    by 0x7D8CF5F: _GLOBAL__sub_I_Object_Manager.cpp (in /home/johnny/ACE/trunk/ACE/ace/libACE.so.6.1.9)
==27870==    by 0x7A33CCB: TAO::Invocation_Adapter::invoke_collocated_i(TAO_Stub*, TAO_Operation_Details&, TAO_Pseudo_Var_T<CORBA::Object>&, TAO::Collocation_Strategy) (in /home/johnny/ACE/trunk/TAO/tao/libTAO.so.2.1.9)
==27869==    by 0x400E7B5: call_init (dl-init.c:85)
==27870==    by 0x7A343CD: TAO::Invocation_Adapter::invoke_i(TAO_Stub*, TAO_Operation_Details&) (in /home/johnny/ACE/trunk/TAO/tao/libTAO.so.2.1.9)
==27869==    by 0x400E899: _dl_init (dl-init.c:134)
==27870==    by 0x7A33420: TAO::Invocation_Adapter::invoke(TAO::Exception_Data*, unsigned long) (in /home/johnny/ACE/trunk/TAO/tao/libTAO.so.2.1.9)
==27870== 
==27869==    by 0x4001519: ??? (in /lib64/ld-2.15.so)
==27869==    by 0x4: ???
==27869==    by 0x7FEFFFC3E: ???
==27869==    by 0x7FEFFFC76: ???
==27869==    by 0x7FEFFFC79: ???
==27869==    by 0x7FEFFFC9E: ???
==27869==    by 0x7FEFFFCA1: ???
==27869== 
==27870== 53 bytes in 1 blocks are indirectly lost in loss record 20 of 85
==27870==    at 0x4C2B25D: operator new[](unsigned long, std::nothrow_t const&) (in /usr/lib64/valgrind/vgpreload_memcheck-amd64-linux.so)
==27870==    by 0x7DE8D3B: ACE_New_Allocator::malloc(unsigned long) (in /home/johnny/ACE/trunk/ACE/ace/libACE.so.6.1.9)
==27870==    by 0x7DEC2A4: ACE_Data_Block::ACE_Data_Block(unsigned long, int, char const*, ACE_Allocator*, ACE_Lock*, unsigned long, ACE_Allocator*) (in /home/johnny/ACE/trunk/ACE/ace/libACE.so.6.1.9)
==27870==    by 0x7DEC65B: ACE_Message_Block::init_i(unsigned long, int, ACE_Message_Block*, char const*, ACE_Allocator*, ACE_Lock*, unsigned long, unsigned long, ACE_Time_Value const&, ACE_Time_Value const&, ACE_Data_Block*, ACE_Allocator*, ACE_Allocator*) (in /home/johnny/ACE/trunk/ACE/ace/libACE.so.6.1.9)
==27870==    by 0x7DECA2C: ACE_Message_Block::ACE_Message_Block(unsigned long, int, ACE_Message_Block*, char const*, ACE_Allocator*, ACE_Lock*, unsigned long, ACE_Time_Value const&, ACE_Time_Value const&, ACE_Allocator*, ACE_Allocator*) (in /home/johnny/ACE/trunk/ACE/ace/libACE.so.6.1.9)
==27869== 56 bytes in 1 blocks are still reachable in loss record 35 of 147
==27870==    by 0x1103BFD6: OpenDDS::DCPS::RtpsUdpTransport::connection_info_i(OpenDDS::DCPS::TransportLocator&) const (in /home/johnny/ACE/OpenDDS/dds/DCPS/transport/rtps_udp/libOpenDDS_Rtps_Udp.so.3.4.1)
==27869==    at 0x4C2B9CB: operator new(unsigned long, std::nothrow_t const&) (in /usr/lib64/valgrind/vgpreload_memcheck-amd64-linux.so)
==27870==    by 0xDF798DF: OpenDDS::DCPS::TransportClient::enable_transport_using_config(bool, bool, OpenDDS::DCPS::RcHandle<OpenDDS::DCPS::TransportConfig> const&) (in /home/johnny/ACE/OpenDDS/dds/libOpenDDS_Dcps.so.3.4.1)
==27869==    by 0x7DF415F: ACE_Object_Manager::init() (in /home/johnny/ACE/trunk/ACE/ace/libACE.so.6.1.9)
==27870==    by 0xDF7A2EE: OpenDDS::DCPS::TransportClient::enable_transport(bool, bool) (in /home/johnny/ACE/OpenDDS/dds/libOpenDDS_Dcps.so.3.4.1)
==27869==    by 0x7DF4567: ACE_Object_Manager::ACE_Object_Manager() (in /home/johnny/ACE/trunk/ACE/ace/libACE.so.6.1.9)
==27870==    by 0xDEDF1E7: OpenDDS::DCPS::DataReaderImpl::enable() (in /home/johnny/ACE/OpenDDS/dds/libOpenDDS_Dcps.so.3.4.1)
==27869==    by 0x7DF4630: ACE_Object_Manager::instance() (in /home/johnny/ACE/trunk/ACE/ace/libACE.so.6.1.9)
==27870==    by 0xDF5AE07: OpenDDS::DCPS::SubscriberImpl::create_datareader(DDS::TopicDescription*, DDS::DataReaderQos const&, DDS::DataReaderListener*, unsigned int) (in /home/johnny/ACE/OpenDDS/dds/libOpenDDS_Dcps.so.3.4.1)
==27869==    by 0x7D8CF5F: _GLOBAL__sub_I_Object_Manager.cpp (in /home/johnny/ACE/trunk/ACE/ace/libACE.so.6.1.9)
==27870==    by 0xF58B1D0: DDS_Subscriber_Base_T<CIAO_PSL_DeadlineTest_PSLDeadlineConnector_DDS_Event_Impl::CCM_PSL_DeadlineTest_PSLDeadlineConnector_DDS_Event_Traits::pull_consumer_traits, TestTopicDataReader, TestTopic, TAO::DCPS::ZeroCopyDataSeq<TestTopic, 20ul> >::configuration_complete(DDS::Topic*, DDS::Subscriber*, char const*, OpenDDS::DCPS::QOS_XML_Loader*) (in /home/johnny/ACE/trunk/CIAO/connectors/dds4ccm/tests/PSLDeadline/Connector/libDDS_PSL_DeadlineTest_Connector_exec.so.3.4.1)
==27869==    by 0x400E7B5: call_init (dl-init.c:85)
==27870==    by 0xF58E46C: DDS_Event_Connector_T<CIAO_PSL_DeadlineTest_PSLDeadlineConnector_DDS_Event_Impl::CCM_PSL_DeadlineTest_PSLDeadlineConnector_DDS_Event_Traits, CIAO_PSL_DeadlineTest_PSLDeadlineConnector_DDS_Event_Impl::TestTopic_DDS_Traits, false, TAO::DCPS::ZeroCopyDataSeq<TestTopic, 20ul> >::do_configuration_complete() (in /home/johnny/ACE/trunk/CIAO/connectors/dds4ccm/tests/PSLDeadline/Connector/libDDS_PSL_DeadlineTest_Connector_exec.so.3.4.1)
==27869==    by 0x400E899: _dl_init (dl-init.c:134)
==27869==    by 0x4001519: ??? (in /lib64/ld-2.15.so)
==27870==    by 0xF58E697: DDS_Event_Connector_T<CIAO_PSL_DeadlineTest_PSLDeadlineConnector_DDS_Event_Impl::CCM_PSL_DeadlineTest_PSLDeadlineConnector_DDS_Event_Traits, CIAO_PSL_DeadlineTest_PSLDeadlineConnector_DDS_Event_Impl::TestTopic_DDS_Traits, false, TAO::DCPS::ZeroCopyDataSeq<TestTopic, 20ul> >::configuration_complete() (in /home/johnny/ACE/trunk/CIAO/connectors/dds4ccm/tests/PSLDeadline/Connector/libDDS_PSL_DeadlineTest_Connector_exec.so.3.4.1)
==27869==    by 0x4: ???
==27870==    by 0xF09F004: CIAO::Session_Servant_Impl_T<POA_PSL_DeadlineTest::PSLDeadlineConnector::DDS_Event, PSL_DeadlineTest::PSLDeadlineConnector::CCM_DDS_Event, CIAO_PSL_DeadlineTest_PSLDeadlineConnector_DDS_Event_Impl::DDS_Event_Context_T<CIAO::Session_Container, CIAO::Session_Context_Impl_T<PSL_DeadlineTest::PSLDeadlineConnector::CCM_DDS_Event_Context, PSL_DeadlineTest::PSLDeadlineConnector::DDS_Event> > >::configuration_complete() (in /home/johnny/ACE/trunk/CIAO/connectors/dds4ccm/tests/PSLDeadline/Connector/libDDS_PSL_DeadlineTest_Connector_svnt.so.3.4.1)
==27869==    by 0x7FEFFFC3E: ???
==27870==    by 0x6E05AAD: TAO::Upcall_Wrapper::upcall(TAO_ServerRequest&, TAO::Argument* const*, unsigned long, TAO::Upcall_Command&, TAO::Portable_Server::Servant_Upcall*, CORBA::TypeCode* const*, unsigned int) (in /home/johnny/ACE/trunk/TAO/tao/PortableServer/libTAO_PortableServer.so.2.1.9)
==27869==    by 0x7FEFFFC76: ???
==27870==    by 0xA6C241E: POA_Components::CCMObject::configuration_complete_skel(TAO_ServerRequest&, TAO::Portable_Server::Servant_Upcall*, TAO_ServantBase*) (in /home/johnny/ACE/trunk/CIAO/ccm/libCCM_svnt.so.1.1.9)
==27869==    by 0x7FEFFFC79: ???
==27870==    by 0x6DFD63E: TAO_ServantBase::synchronous_upcall_dispatch(TAO_ServerRequest&, TAO::Portable_Server::Servant_Upcall*, TAO_ServantBase*) (in /home/johnny/ACE/trunk/TAO/tao/PortableServer/libTAO_PortableServer.so.2.1.9)
==27869==    by 0x7FEFFFC9E: ???
==27870==    by 0x6DD2FFD: TAO_Object_Adapter::dispatch_servant(TAO::ObjectKey const&, TAO_ServerRequest&, TAO_Pseudo_Out_T<CORBA::Object>) (in /home/johnny/ACE/trunk/TAO/tao/PortableServer/libTAO_PortableServer.so.2.1.9)
==27869==    by 0x7FEFFFCA1: ???
==27869== 
==27870==    by 0x6DD3193: TAO_Object_Adapter::dispatch(TAO::ObjectKey&, TAO_ServerRequest&, TAO_Pseudo_Out_T<CORBA::Object>) (in /home/johnny/ACE/trunk/TAO/tao/PortableServer/libTAO_PortableServer.so.2.1.9)
==27870==    by 0x7A008F9: TAO_Adapter_Registry::dispatch(TAO::ObjectKey&, TAO_ServerRequest&, TAO_Pseudo_Out_T<CORBA::Object>) (in /home/johnny/ACE/trunk/TAO/tao/libTAO.so.2.1.9)
==27870==    by 0x7A6D263: TAO_Request_Dispatcher::dispatch(TAO_ORB_Core*, TAO_ServerRequest&, TAO_Pseudo_Out_T<CORBA::Object>) (in /home/johnny/ACE/trunk/TAO/tao/libTAO.so.2.1.9)
==27870==    by 0x7A04414: TAO::Collocated_Invocation::invoke(TAO::Collocation_Strategy) (in /home/johnny/ACE/trunk/TAO/tao/libTAO.so.2.1.9)
==27870==    by 0x7A33CCB: TAO::Invocation_Adapter::invoke_collocated_i(TAO_Stub*, TAO_Operation_Details&, TAO_Pseudo_Var_T<CORBA::Object>&, TAO::Collocation_Strategy) (in /home/johnny/ACE/trunk/TAO/tao/libTAO.so.2.1.9)
==27870==    by 0x7A343CD: TAO::Invocation_Adapter::invoke_i(TAO_Stub*, TAO_Operation_Details&) (in /home/johnny/ACE/trunk/TAO/tao/libTAO.so.2.1.9)
==27870==    by 0x7A33420: TAO::Invocation_Adapter::invoke(TAO::Exception_Data*, unsigned long) (in /home/johnny/ACE/trunk/TAO/tao/libTAO.so.2.1.9)
==27870== 
==27869== 56 bytes in 1 blocks are still reachable in loss record 36 of 147
==27869==    at 0x4C2B9CB: operator new(unsigned long, std::nothrow_t const&) (in /usr/lib64/valgrind/vgpreload_memcheck-amd64-linux.so)
==27869==    by 0x7DF4193: ACE_Object_Manager::init() (in /home/johnny/ACE/trunk/ACE/ace/libACE.so.6.1.9)
==27869==    by 0x7DF4567: ACE_Object_Manager::ACE_Object_Manager() (in /home/johnny/ACE/trunk/ACE/ace/libACE.so.6.1.9)
==27869==    by 0x7DF4630: ACE_Object_Manager::instance() (in /home/johnny/ACE/trunk/ACE/ace/libACE.so.6.1.9)
==27869==    by 0x7D8CF5F: _GLOBAL__sub_I_Object_Manager.cpp (in /home/johnny/ACE/trunk/ACE/ace/libACE.so.6.1.9)
==27869==    by 0x400E7B5: call_init (dl-init.c:85)
==27869==    by 0x400E899: _dl_init (dl-init.c:134)
==27869==    by 0x4001519: ??? (in /lib64/ld-2.15.so)
==27869==    by 0x4: ???
==27870== 56 bytes in 1 blocks are indirectly lost in loss record 21 of 85
==27869==    by 0x7FEFFFC3E: ???
==27870==    at 0x4C2B527: operator new[](unsigned long) (in /usr/lib64/valgrind/vgpreload_memcheck-amd64-linux.so)
==27869==    by 0x7FEFFFC76: ???
==27870==    by 0xDF7993E: OpenDDS::DCPS::TransportClient::enable_transport_using_config(bool, bool, OpenDDS::DCPS::RcHandle<OpenDDS::DCPS::TransportConfig> const&) (in /home/johnny/ACE/OpenDDS/dds/libOpenDDS_Dcps.so.3.4.1)
==27870==    by 0xDF7A2EE: OpenDDS::DCPS::TransportClient::enable_transport(bool, bool) (in /home/johnny/ACE/OpenDDS/dds/libOpenDDS_Dcps.so.3.4.1)
==27869==    by 0x7FEFFFC79: ???
==27870==    by 0xDEDF1E7: OpenDDS::DCPS::DataReaderImpl::enable() (in /home/johnny/ACE/OpenDDS/dds/libOpenDDS_Dcps.so.3.4.1)
==27870==    by 0xDF5AE07: OpenDDS::DCPS::SubscriberImpl::create_datareader(DDS::TopicDescription*, DDS::DataReaderQos const&, DDS::DataReaderListener*, unsigned int) (in /home/johnny/ACE/OpenDDS/dds/libOpenDDS_Dcps.so.3.4.1)
==27869==    by 0x7FEFFFC9E: ???
==27869==    by 0x7FEFFFCA1: ???
==27870==    by 0xF58AAD0: DDS_Subscriber_Base_T<CIAO_PSL_DeadlineTest_PSLDeadlineConnector_DDS_Event_Impl::CCM_PSL_DeadlineTest_PSLDeadlineConnector_DDS_Event_Traits::push_consumer_traits, TestTopicDataReader, TestTopic, TAO::DCPS::ZeroCopyDataSeq<TestTopic, 20ul> >::configuration_complete(DDS::Topic*, DDS::Subscriber*, char const*, OpenDDS::DCPS::QOS_XML_Loader*) (in /home/johnny/ACE/trunk/CIAO/connectors/dds4ccm/tests/PSLDeadline/Connector/libDDS_PSL_DeadlineTest_Connector_exec.so.3.4.1)
==27869== 
==27870==    by 0xF58E353: DDS_Event_Connector_T<CIAO_PSL_DeadlineTest_PSLDeadlineConnector_DDS_Event_Impl::CCM_PSL_DeadlineTest_PSLDeadlineConnector_DDS_Event_Traits, CIAO_PSL_DeadlineTest_PSLDeadlineConnector_DDS_Event_Impl::TestTopic_DDS_Traits, false, TAO::DCPS::ZeroCopyDataSeq<TestTopic, 20ul> >::do_configuration_complete() (in /home/johnny/ACE/trunk/CIAO/connectors/dds4ccm/tests/PSLDeadline/Connector/libDDS_PSL_DeadlineTest_Connector_exec.so.3.4.1)
==27870==    by 0xF58E697: DDS_Event_Connector_T<CIAO_PSL_DeadlineTest_PSLDeadlineConnector_DDS_Event_Impl::CCM_PSL_DeadlineTest_PSLDeadlineConnector_DDS_Event_Traits, CIAO_PSL_DeadlineTest_PSLDeadlineConnector_DDS_Event_Impl::TestTopic_DDS_Traits, false, TAO::DCPS::ZeroCopyDataSeq<TestTopic, 20ul> >::configuration_complete() (in /home/johnny/ACE/trunk/CIAO/connectors/dds4ccm/tests/PSLDeadline/Connector/libDDS_PSL_DeadlineTest_Connector_exec.so.3.4.1)
==27870==    by 0xF09F004: CIAO::Session_Servant_Impl_T<POA_PSL_DeadlineTest::PSLDeadlineConnector::DDS_Event, PSL_DeadlineTest::PSLDeadlineConnector::CCM_DDS_Event, CIAO_PSL_DeadlineTest_PSLDeadlineConnector_DDS_Event_Impl::DDS_Event_Context_T<CIAO::Session_Container, CIAO::Session_Context_Impl_T<PSL_DeadlineTest::PSLDeadlineConnector::CCM_DDS_Event_Context, PSL_DeadlineTest::PSLDeadlineConnector::DDS_Event> > >::configuration_complete() (in /home/johnny/ACE/trunk/CIAO/connectors/dds4ccm/tests/PSLDeadline/Connector/libDDS_PSL_DeadlineTest_Connector_svnt.so.3.4.1)
==27870==    by 0x6E05AAD: TAO::Upcall_Wrapper::upcall(TAO_ServerRequest&, TAO::Argument* const*, unsigned long, TAO::Upcall_Command&, TAO::Portable_Server::Servant_Upcall*, CORBA::TypeCode* const*, unsigned int) (in /home/johnny/ACE/trunk/TAO/tao/PortableServer/libTAO_PortableServer.so.2.1.9)
==27870==    by 0xA6C241E: POA_Components::CCMObject::configuration_complete_skel(TAO_ServerRequest&, TAO::Portable_Server::Servant_Upcall*, TAO_ServantBase*) (in /home/johnny/ACE/trunk/CIAO/ccm/libCCM_svnt.so.1.1.9)
==27869== 56 bytes in 1 blocks are still reachable in loss record 37 of 147
==27870==    by 0x6DFD63E: TAO_ServantBase::synchronous_upcall_dispatch(TAO_ServerRequest&, TAO::Portable_Server::Servant_Upcall*, TAO_ServantBase*) (in /home/johnny/ACE/trunk/TAO/tao/PortableServer/libTAO_PortableServer.so.2.1.9)
==27870==    by 0x6DD2FFD: TAO_Object_Adapter::dispatch_servant(TAO::ObjectKey const&, TAO_ServerRequest&, TAO_Pseudo_Out_T<CORBA::Object>) (in /home/johnny/ACE/trunk/TAO/tao/PortableServer/libTAO_PortableServer.so.2.1.9)
==27869==    at 0x4C2B9CB: operator new(unsigned long, std::nothrow_t const&) (in /usr/lib64/valgrind/vgpreload_memcheck-amd64-linux.so)
==27870==    by 0x6DD3193: TAO_Object_Adapter::dispatch(TAO::ObjectKey&, TAO_ServerRequest&, TAO_Pseudo_Out_T<CORBA::Object>) (in /home/johnny/ACE/trunk/TAO/tao/PortableServer/libTAO_PortableServer.so.2.1.9)
==27869==    by 0x7DF41C7: ACE_Object_Manager::init() (in /home/johnny/ACE/trunk/ACE/ace/libACE.so.6.1.9)
==27870==    by 0x7A008F9: TAO_Adapter_Registry::dispatch(TAO::ObjectKey&, TAO_ServerRequest&, TAO_Pseudo_Out_T<CORBA::Object>) (in /home/johnny/ACE/trunk/TAO/tao/libTAO.so.2.1.9)
==27869==    by 0x7DF4567: ACE_Object_Manager::ACE_Object_Manager() (in /home/johnny/ACE/trunk/ACE/ace/libACE.so.6.1.9)
==27870==    by 0x7A6D263: TAO_Request_Dispatcher::dispatch(TAO_ORB_Core*, TAO_ServerRequest&, TAO_Pseudo_Out_T<CORBA::Object>) (in /home/johnny/ACE/trunk/TAO/tao/libTAO.so.2.1.9)
==27870==    by 0x7A04414: TAO::Collocated_Invocation::invoke(TAO::Collocation_Strategy) (in /home/johnny/ACE/trunk/TAO/tao/libTAO.so.2.1.9)
==27869==    by 0x7DF4630: ACE_Object_Manager::instance() (in /home/johnny/ACE/trunk/ACE/ace/libACE.so.6.1.9)
==27870==    by 0x7A33CCB: TAO::Invocation_Adapter::invoke_collocated_i(TAO_Stub*, TAO_Operation_Details&, TAO_Pseudo_Var_T<CORBA::Object>&, TAO::Collocation_Strategy) (in /home/johnny/ACE/trunk/TAO/tao/libTAO.so.2.1.9)
==27870==    by 0x7A343CD: TAO::Invocation_Adapter::invoke_i(TAO_Stub*, TAO_Operation_Details&) (in /home/johnny/ACE/trunk/TAO/tao/libTAO.so.2.1.9)
==27869==    by 0x7D8CF5F: _GLOBAL__sub_I_Object_Manager.cpp (in /home/johnny/ACE/trunk/ACE/ace/libACE.so.6.1.9)
==27870==    by 0x7A33420: TAO::Invocation_Adapter::invoke(TAO::Exception_Data*, unsigned long) (in /home/johnny/ACE/trunk/TAO/tao/libTAO.so.2.1.9)
==27869==    by 0x400E7B5: call_init (dl-init.c:85)
==27870==    by 0xB7537AF: Components::CCMObject::configuration_complete() (in /home/johnny/ACE/trunk/CIAO/ccm/libCCM_stub.so.1.1.9)
==27869==    by 0x400E899: _dl_init (dl-init.c:134)
==27870==    by 0x9C32FB4: CIAO::Component_Handler_i::instance_configured(Deployment::DeploymentPlan const&, unsigned int) (in /home/johnny/ACE/trunk/CIAO/ciao/Deployment/Handlers/libCIAO_Deployment_Handlers.so.1.1.9)
==27869==    by 0x4001519: ??? (in /lib64/ld-2.15.so)
==27870==    by 0x59044E4: DAnCE::Instance_Configured::invoke(DAnCE::InstanceDeploymentHandler*) (in /home/johnny/ACE/trunk/DAnCE/dance/LocalityManager/Scheduler/libDAnCE_Deployment_Scheduler.so.1.1.9)
==27869==    by 0x4: ???
==27870==    by 0x58FF845: DAnCE::Action_Base::call() (in /home/johnny/ACE/trunk/DAnCE/dance/LocalityManager/Scheduler/libDAnCE_Deployment_Scheduler.so.1.1.9)
==27869==    by 0x7FEFFFC3E: ???
==27870==    by 0x58FC63D: DAnCE::Deployment_Scheduler::perform_work() (in /home/johnny/ACE/trunk/DAnCE/dance/LocalityManager/Scheduler/libDAnCE_Deployment_Scheduler.so.1.1.9)
==27870== 
==27869==    by 0x7FEFFFC76: ???
==27869==    by 0x7FEFFFC79: ???
==27869==    by 0x7FEFFFC9E: ???
==27869==    by 0x7FEFFFCA1: ???
==27869== 
==27869== 56 bytes in 1 blocks are still reachable in loss record 38 of 147
==27870== 56 bytes in 1 blocks are indirectly lost in loss record 22 of 85
==27869==    at 0x4C2B9CB: operator new(unsigned long, std::nothrow_t const&) (in /usr/lib64/valgrind/vgpreload_memcheck-amd64-linux.so)
==27870==    at 0x4C2B527: operator new[](unsigned long) (in /usr/lib64/valgrind/vgpreload_memcheck-amd64-linux.so)
==27869==    by 0x7DF41FB: ACE_Object_Manager::init() (in /home/johnny/ACE/trunk/ACE/ace/libACE.so.6.1.9)
==27870==    by 0xDF7993E: OpenDDS::DCPS::TransportClient::enable_transport_using_config(bool, bool, OpenDDS::DCPS::RcHandle<OpenDDS::DCPS::TransportConfig> const&) (in /home/johnny/ACE/OpenDDS/dds/libOpenDDS_Dcps.so.3.4.1)
==27869==    by 0x7DF4567: ACE_Object_Manager::ACE_Object_Manager() (in /home/johnny/ACE/trunk/ACE/ace/libACE.so.6.1.9)
==27870==    by 0xDF7A2EE: OpenDDS::DCPS::TransportClient::enable_transport(bool, bool) (in /home/johnny/ACE/OpenDDS/dds/libOpenDDS_Dcps.so.3.4.1)
==27869==    by 0x7DF4630: ACE_Object_Manager::instance() (in /home/johnny/ACE/trunk/ACE/ace/libACE.so.6.1.9)
==27870==    by 0xDEDF1E7: OpenDDS::DCPS::DataReaderImpl::enable() (in /home/johnny/ACE/OpenDDS/dds/libOpenDDS_Dcps.so.3.4.1)
==27870==    by 0xDF5AE07: OpenDDS::DCPS::SubscriberImpl::create_datareader(DDS::TopicDescription*, DDS::DataReaderQos const&, DDS::DataReaderListener*, unsigned int) (in /home/johnny/ACE/OpenDDS/dds/libOpenDDS_Dcps.so.3.4.1)
==27869==    by 0x7D8CF5F: _GLOBAL__sub_I_Object_Manager.cpp (in /home/johnny/ACE/trunk/ACE/ace/libACE.so.6.1.9)
==27870==    by 0xF58B1D0: DDS_Subscriber_Base_T<CIAO_PSL_DeadlineTest_PSLDeadlineConnector_DDS_Event_Impl::CCM_PSL_DeadlineTest_PSLDeadlineConnector_DDS_Event_Traits::pull_consumer_traits, TestTopicDataReader, TestTopic, TAO::DCPS::ZeroCopyDataSeq<TestTopic, 20ul> >::configuration_complete(DDS::Topic*, DDS::Subscriber*, char const*, OpenDDS::DCPS::QOS_XML_Loader*) (in /home/johnny/ACE/trunk/CIAO/connectors/dds4ccm/tests/PSLDeadline/Connector/libDDS_PSL_DeadlineTest_Connector_exec.so.3.4.1)
==27869==    by 0x400E7B5: call_init (dl-init.c:85)
==27869==    by 0x400E899: _dl_init (dl-init.c:134)
==27870==    by 0xF58E46C: DDS_Event_Connector_T<CIAO_PSL_DeadlineTest_PSLDeadlineConnector_DDS_Event_Impl::CCM_PSL_DeadlineTest_PSLDeadlineConnector_DDS_Event_Traits, CIAO_PSL_DeadlineTest_PSLDeadlineConnector_DDS_Event_Impl::TestTopic_DDS_Traits, false, TAO::DCPS::ZeroCopyDataSeq<TestTopic, 20ul> >::do_configuration_complete() (in /home/johnny/ACE/trunk/CIAO/connectors/dds4ccm/tests/PSLDeadline/Connector/libDDS_PSL_DeadlineTest_Connector_exec.so.3.4.1)
==27869==    by 0x4001519: ??? (in /lib64/ld-2.15.so)
==27869==    by 0x4: ???
==27870==    by 0xF58E697: DDS_Event_Connector_T<CIAO_PSL_DeadlineTest_PSLDeadlineConnector_DDS_Event_Impl::CCM_PSL_DeadlineTest_PSLDeadlineConnector_DDS_Event_Traits, CIAO_PSL_DeadlineTest_PSLDeadlineConnector_DDS_Event_Impl::TestTopic_DDS_Traits, false, TAO::DCPS::ZeroCopyDataSeq<TestTopic, 20ul> >::configuration_complete() (in /home/johnny/ACE/trunk/CIAO/connectors/dds4ccm/tests/PSLDeadline/Connector/libDDS_PSL_DeadlineTest_Connector_exec.so.3.4.1)
==27869==    by 0x7FEFFFC3E: ???
==27870==    by 0xF09F004: CIAO::Session_Servant_Impl_T<POA_PSL_DeadlineTest::PSLDeadlineConnector::DDS_Event, PSL_DeadlineTest::PSLDeadlineConnector::CCM_DDS_Event, CIAO_PSL_DeadlineTest_PSLDeadlineConnector_DDS_Event_Impl::DDS_Event_Context_T<CIAO::Session_Container, CIAO::Session_Context_Impl_T<PSL_DeadlineTest::PSLDeadlineConnector::CCM_DDS_Event_Context, PSL_DeadlineTest::PSLDeadlineConnector::DDS_Event> > >::configuration_complete() (in /home/johnny/ACE/trunk/CIAO/connectors/dds4ccm/tests/PSLDeadline/==27869==    by 0x7FEFFFC76: ???
Connector/libDDS_PSL_DeadlineTest_Connector_svnt.so.3.4.1)
==27869==    by 0x7FEFFFC79: ???
==27870==    by 0x6E05AAD: TAO::Upcall_Wrapper::upcall(TAO_ServerRequest&, TAO::Argument* const*, unsigned long, TAO::Upcall_Command&, TAO::Portable_Server::Servant_Upcall*, CORBA::TypeCode* const*, unsigned int) (in /home/johnny/ACE/trunk/TAO/tao/PortableServer/libTAO_PortableServer.so.2.1.9)
==27869==    by 0x7FEFFFC9E: ???
==27870==    by 0xA6C241E: POA_Components::CCMObject::configuration_complete_skel(TAO_ServerRequest&, TAO::Portable_Server::Servant_Upcall*, TAO_ServantBase*) (in /home/johnny/ACE/trunk/CIAO/ccm/libCCM_svnt.so.1.1.9)
==27869==    by 0x7FEFFFCA1: ???
==27870==    by 0x6DFD63E: TAO_ServantBase::synchronous_upcall_dispatch(TAO_ServerRequest&, TAO::Portable_Server::Servant_Upcall*, TAO_ServantBase*) (in /home/johnny/ACE/trunk/TAO/tao/PortableServer/libTAO_PortableServer.so.2.1.9)
==27869== 
==27870==    by 0x6DD2FFD: TAO_Object_Adapter::dispatch_servant(TAO::ObjectKey const&, TAO_ServerRequest&, TAO_Pseudo_Out_T<CORBA::Object>) (in /home/johnny/ACE/trunk/TAO/tao/PortableServer/libTAO_PortableServer.so.2.1.9)
==27870==    by 0x6DD3193: TAO_Object_Adapter::dispatch(TAO::ObjectKey&, TAO_ServerRequest&, TAO_Pseudo_Out_T<CORBA::Object>) (in /home/johnny/ACE/trunk/TAO/tao/PortableServer/libTAO_PortableServer.so.2.1.9)
==27870==    by 0x7A008F9: TAO_Adapter_Registry::dispatch(TAO::ObjectKey&, TAO_ServerRequest&, TAO_Pseudo_Out_T<CORBA::Object>) (in /home/johnny/ACE/trunk/TAO/tao/libTAO.so.2.1.9)
==27870==    by 0x7A6D263: TAO_Request_Dispatcher::dispatch(TAO_ORB_Core*, TAO_ServerRequest&, TAO_Pseudo_Out_T<CORBA::Object>) (in /home/johnny/ACE/trunk/TAO/tao/libTAO.so.2.1.9)
==27870==    by 0x7A04414: TAO::Collocated_Invocation::invoke(TAO::Collocation_Strategy) (in /home/johnny/ACE/trunk/TAO/tao/libTAO.so.2.1.9)
==27870==    by 0x7A33CCB: TAO::Invocation_Adapter::invoke_collocated_i(TAO_Stub*, TAO_Operation_Details&, TAO_Pseudo_Var_T<CORBA::Object>&, TAO::Collocation_Strategy) (in /home/johnny/ACE/trunk/TAO/tao/libTAO.so.2.1.9)
==27870==    by 0x7A343CD: TAO::Invocation_Adapter::invoke_i(TAO_Stub*, TAO_Operation_Details&) (in /home/johnny/ACE/trunk/TAO/tao/libTAO.so.2.1.9)
==27870==    by 0x7A33420: TAO::Invocation_Adapter::invoke(TAO::Exception_Data*, unsigned long) (in /home/johnny/ACE/trunk/TAO/tao/libTAO.so.2.1.9)
==27870==    by 0xB7537AF: Components::CCMObject::configuration_complete() (in /home/johnny/ACE/trunk/CIAO/ccm/libCCM_stub.so.1.1.9)
==27870==    by 0x9C32FB4: CIAO::Component_Handler_i::instance_configured(Deployment::DeploymentPlan const&, unsigned int) (in /home/johnny/ACE/trunk/CIAO/ciao/Deployment/Handlers/libCIAO_Deployment_Handlers.so.1.1.9)
==27869== 56 bytes in 1 blocks are still reachable in loss record 39 of 147
==27870==    by 0x59044E4: DAnCE::Instance_Configured::invoke(DAnCE::InstanceDeploymentHandler*) (in /home/johnny/ACE/trunk/DAnCE/dance/LocalityManager/Scheduler/libDAnCE_Deployment_Scheduler.so.1.1.9)
==27869==    at 0x4C2B9CB: operator new(unsigned long, std::nothrow_t const&) (in /usr/lib64/valgrind/vgpreload_memcheck-amd64-linux.so)
==27870==    by 0x58FF845: DAnCE::Action_Base::call() (in /home/johnny/ACE/trunk/DAnCE/dance/LocalityManager/Scheduler/libDAnCE_Deployment_Scheduler.so.1.1.9)
==27869==    by 0x7DF425A: ACE_Object_Manager::init() (in /home/johnny/ACE/trunk/ACE/ace/libACE.so.6.1.9)
==27870==    by 0x58FC63D: DAnCE::Deployment_Scheduler::perform_work() (in /home/johnny/ACE/trunk/DAnCE/dance/LocalityManager/Scheduler/libDAnCE_Deployment_Scheduler.so.1.1.9)
==27869==    by 0x7DF4567: ACE_Object_Manager::ACE_Object_Manager() (in /home/johnny/ACE/trunk/ACE/ace/libACE.so.6.1.9)
==27870== 
==27869==    by 0x7DF4630: ACE_Object_Manager::instance() (in /home/johnny/ACE/trunk/ACE/ace/libACE.so.6.1.9)
==27869==    by 0x7D8CF5F: _GLOBAL__sub_I_Object_Manager.cpp (in /home/johnny/ACE/trunk/ACE/ace/libACE.so.6.1.9)
==27869==    by 0x400E7B5: call_init (dl-init.c:85)
==27869==    by 0x400E899: _dl_init (dl-init.c:134)
==27869==    by 0x4001519: ??? (in /lib64/ld-2.15.so)
==27869==    by 0x4: ???
==27869==    by 0x7FEFFFC3E: ???
==27869==    by 0x7FEFFFC76: ???
==27869==    by 0x7FEFFFC79: ???
==27869==    by 0x7FEFFFC9E: ???
==27869==    by 0x7FEFFFCA1: ???
==27869== 
==27870== 64 bytes in 4 blocks are indirectly lost in loss record 25 of 85
==27870==    at 0x4C2B9CB: operator new(unsigned long, std::nothrow_t const&) (in /usr/lib64/valgrind/vgpreload_memcheck-amd64-linux.so)
==27870==    by 0xC40ED10: OpenDDS::DCPS::SubscriptionInstance::SubscriptionInstance(OpenDDS::DCPS::DataReaderImpl*, DDS::DataReaderQos const&, ACE_Recursive_Thread_Mutex&, int) (in /home/johnny/ACE/trunk/CIAO/connectors/dds4ccm/tests/PSLDeadline/Base/libDDS_PSL_DeadlineTest_Base_stub.so.3.4.1)
==27870==    by 0xC407FC8: TestTopicDataReaderImpl::store_instance_data(TestTopic*, OpenDDS::DCPS::DataSampleHeader const&, OpenDDS::DCPS::SubscriptionInstance*&, bool&, bool&) (in /home/johnny/ACE/trunk/CIAO/connectors/dds4ccm/tests/PSLDeadline/Base/libDDS_PSL_DeadlineTest_Base_stub.so.3.4.1)
==27870==    by 0xC408FDC: TestTopicDataReaderImpl::dds_demarshal(OpenDDS::DCPS::ReceivedDataSample const&, OpenDDS::DCPS::SubscriptionInstance*&, bool&, bool&, OpenDDS::DCPS::MarshalingType) (in /home/johnny/ACE/trunk/CIAO/connectors/dds4ccm/tests/PSLDeadline/Base/libDDS_PSL_DeadlineTest_Base_stub.so.3.4.1)
==27870==    by 0xDEE703D: OpenDDS::DCPS::DataReaderImpl::data_received(OpenDDS::DCPS::ReceivedDataSample const&) (in /home/johnny/ACE/OpenDDS/dds/libOpenDDS_Dcps.so.3.4.1)
==27870==    by 0xDFA2432: OpenDDS::DCPS::ReceiveListenerSet::data_received(OpenDDS::DCPS::ReceivedDataSample const&, std::set<OpenDDS::DCPS::GUID_t, OpenDDS::DCPS::GUID_tKeyLessThan, std::allocator<OpenDDS::DCPS::GUID_t> > const&) (in /home/johnny/ACE/OpenDDS/dds/libOpenDDS_Dcps.so.3.4.1)
==27869== 56 bytes in 1 blocks are still reachable in loss record 40 of 147
==27870==    by 0xDFA014F: OpenDDS::DCPS::DataLink::data_received_i(OpenDDS::DCPS::ReceivedDataSample&, OpenDDS::DCPS::GUID_t const&, std::set<OpenDDS::DCPS::GUID_t, OpenDDS::DCPS::GUID_tKeyLessThan, std::allocator<OpenDDS::DCPS::GUID_t> > const&) (in /home/johnny/ACE/OpenDDS/dds/libOpenDDS_Dcps.so.3.4.1)
==27869==    at 0x4C2B9CB: operator new(unsigned long, std::nothrow_t const&) (in /usr/lib64/valgrind/vgpreload_memcheck-amd64-linux.so)
==27870==    by 0x1103533C: OpenDDS::DCPS::RtpsUdpReceiveStrategy::deliver_sample(OpenDDS::DCPS::ReceivedDataSample&, ACE_INET_Addr const&) (in /home/johnny/ACE/OpenDDS/dds/DCPS/transport/rtps_udp/libOpenDDS_Rtps_Udp.so.3.4.1)
==27869==    by 0x7DF428E: ACE_Object_Manager::init() (in /home/johnny/ACE/trunk/ACE/ace/libACE.so.6.1.9)
==27869==    by 0x7DF4567: ACE_Object_Manager::ACE_Object_Manager() (in /home/johnny/ACE/trunk/ACE/ace/libACE.so.6.1.9)
==27870==    by 0x1103A19E: OpenDDS::DCPS::TransportReceiveStrategy<OpenDDS::DCPS::RtpsTransportHeader, OpenDDS::DCPS::RtpsSampleHeader>::handle_dds_input(int) (in /home/johnny/ACE/OpenDDS/dds/DCPS/transport/rtps_udp/libOpenDDS_Rtps_Udp.so.3.4.1)
==27869==    by 0x7DF4630: ACE_Object_Manager::instance() (in /home/johnny/ACE/trunk/ACE/ace/libACE.so.6.1.9)
==27870==    by 0xDF0948C: ACE_Select_Reactor_T<ACE_Reactor_Token_T<ACE_Token> >::notify_handle(int, unsigned long, ACE_Handle_Set&, ACE_Event_Handler*, int (ACE_Event_Handler::*)(int)) (in /home/johnny/ACE/OpenDDS/dds/libOpenDDS_Dcps.so.3.4.1)
==27869==    by 0x7D8CF5F: _GLOBAL__sub_I_Object_Manager.cpp (in /home/johnny/ACE/trunk/ACE/ace/libACE.so.6.1.9)
==27870==    by 0xDF073AC: ACE_Select_Reactor_T<ACE_Reactor_Token_T<ACE_Token> >::dispatch_io_set(int, int&, int, ACE_Handle_Set&, ACE_Handle_Set&, int (ACE_Event_Handler::*)(int)) (in /home/johnny/ACE/OpenDDS/dds/libOpenDDS_Dcps.so.3.4.1)
==27870==    by 0xDF069C9: ACE_Select_Reactor_T<ACE_Reactor_Token_T<ACE_Token> >::dispatch_io_handlers(ACE_Select_Reactor_Handle_Set&, int&, int&) (in /home/johnny/ACE/OpenDDS/dds/libOpenDDS_Dcps.so.3.4.1)
==27869==    by 0x400E7B5: call_init (dl-init.c:85)
==27870==    by 0xDF06F90: ACE_Select_Reactor_T<ACE_Reactor_Token_T<ACE_Token> >::dispatch(int, ACE_Select_Reactor_Handle_Set&) (in /home/johnny/ACE/OpenDDS/dds/libOpenDDS_Dcps.so.3.4.1)
==27869==    by 0x400E899: _dl_init (dl-init.c:134)
==27870==    by 0xDF10C4F: ACE_Select_Reactor_T<ACE_Reactor_Token_T<ACE_Token> >::handle_events(ACE_Time_Value*) (in /home/johnny/ACE/OpenDDS/dds/libOpenDDS_Dcps.so.3.4.1)
==27869==    by 0x4001519: ??? (in /lib64/ld-2.15.so)
==27870==    by 0x7E129BB: ACE_Reactor::run_reactor_event_loop(int (*)(ACE_Reactor*)) (in /home/johnny/ACE/trunk/ACE/ace/libACE.so.6.1.9)
==27870==    by 0xDFAD6AD: OpenDDS::DCPS::TransportReactorTask::svc() (in /home/johnny/ACE/OpenDDS/dds/libOpenDDS_Dcps.so.3.4.1)
==27869==    by 0x4: ???
==27870==    by 0x7E22246: ACE_Task_Base::svc_run(void*) (in /home/johnny/ACE/trunk/ACE/ace/libACE.so.6.1.9)
==27870==    by 0x7E23B54: ACE_Thread_Adapter::invoke_i() (in /home/johnny/ACE/trunk/ACE/ace/libACE.so.6.1.9)
==27869==    by 0x7FEFFFC3E: ???
==27870==    by 0x7E23C64: ACE_Thread_Adapter::invoke() (in /home/johnny/ACE/trunk/ACE/ace/libACE.so.6.1.9)
==27869==    by 0x7FEFFFC76: ???
==27870==    by 0x8CB4E0D: start_thread (pthread_create.c:305)
==27870==    by 0x8FAD2BC: clone (clone.S:115)
==27870== 
==27869==    by 0x7FEFFFC79: ???
==27869==    by 0x7FEFFFC9E: ???
==27869==    by 0x7FEFFFCA1: ???
==27869== 
==27870== 64 bytes in 4 blocks are indirectly lost in loss record 26 of 85
==27870==    at 0x4C2B527: operator new[](unsigned long) (in /usr/lib64/valgrind/vgpreload_memcheck-amd64-linux.so)
==27869== 56 bytes in 1 blocks are still reachable in loss record 41 of 147
==27870==    by 0xC40DAB9: OpenDDS::DCPS::Cached_Allocator_With_Overflow<TestTopic, ACE_Null_Mutex>::malloc(unsigned long) (in /home/johnny/ACE/trunk/CIAO/connectors/dds4ccm/tests/PSLDeadline/Base/libDDS_PSL_DeadlineTest_Base_stub.so.3.4.1)
==27870==    by 0xC408F15: TestTopicDataReaderImpl::dds_demarshal(OpenDDS::DCPS::ReceivedDataSample const&, OpenDDS::DCPS::SubscriptionInstance*&, bool&, bool&, OpenDDS::DCPS::MarshalingType) (in /home/johnny/ACE/trunk/CIAO/connectors/dds4ccm/tests/PSLDeadline/Base/libDDS_PSL_DeadlineTest_Base_stub.so.3.4.1)
==27869==    at 0x4C2B9CB: operator new(unsigned long, std::nothrow_t const&) (in /usr/lib64/valgrind/vgpreload_memcheck-amd64-linux.so)
==27870==    by 0xDEE703D: OpenDDS::DCPS::DataReaderImpl::data_received(OpenDDS::DCPS::ReceivedDataSample const&) (in /home/johnny/ACE/OpenDDS/dds/libOpenDDS_Dcps.so.3.4.1)
==27869==    by 0x7DF42C2: ACE_Object_Manager::init() (in /home/johnny/ACE/trunk/ACE/ace/libACE.so.6.1.9)
==27870==    by 0xDFA2432: OpenDDS::DCPS::ReceiveListenerSet::data_received(OpenDDS::DCPS::ReceivedDataSample const&, std::set<OpenDDS::DCPS::GUID_t, OpenDDS::DCPS::GUID_tKeyLessThan, std::allocator<OpenDDS::DCPS::GUID_t> > const&) (in /home/johnny/ACE/OpenDDS/dds/libOpenDDS_Dcps.so.3.4.1)
==27869==    by 0x7DF4567: ACE_Object_Manager::ACE_Object_Manager() (in /home/johnny/ACE/trunk/ACE/ace/libACE.so.6.1.9)
==27870==    by 0xDFA014F: OpenDDS::DCPS::DataLink::data_received_i(OpenDDS::DCPS::ReceivedDataSample&, OpenDDS::DCPS::GUID_t const&, std::set<OpenDDS::DCPS::GUID_t, OpenDDS::DCPS::GUID_tKeyLessThan, std::allocator<OpenDDS::DCPS::GUID_t> > const&) (in /home/johnny/ACE/OpenDDS/dds/libOpenDDS_Dcps.so.3.4.1)
==27869==    by 0x7DF4630: ACE_Object_Manager::instance() (in /home/johnny/ACE/trunk/ACE/ace/libACE.so.6.1.9)
==27870==    by 0x1103533C: OpenDDS::DCPS::RtpsUdpReceiveStrategy::deliver_sample(OpenDDS::DCPS::ReceivedDataSample&, ACE_INET_Addr const&) (in /home/johnny/ACE/OpenDDS/dds/DCPS/transport/rtps_udp/libOpenDDS_Rtps_Udp.so.3.4.1)
==27869==    by 0x7D8CF5F: _GLOBAL__sub_I_Object_Manager.cpp (in /home/johnny/ACE/trunk/ACE/ace/libACE.so.6.1.9)
==27870==    by 0x1103A19E: OpenDDS::DCPS::TransportReceiveStrategy<OpenDDS::DCPS::RtpsTransportHeader, OpenDDS::DCPS::RtpsSampleHeader>::handle_dds_input(int) (in /home/johnny/ACE/OpenDDS/dds/DCPS/transport/rtps_udp/libOpenDDS_Rtps_Udp.so.3.4.1)
==27869==    by 0x400E7B5: call_init (dl-init.c:85)
==27870==    by 0xDF0948C: ACE_Select_Reactor_T<ACE_Reactor_Token_T<ACE_Token> >::notify_handle(int, unsigned long, ACE_Handle_Set&, ACE_Event_Handler*, int (ACE_Event_Handler::*)(int)) (in /home/johnny/ACE/OpenDDS/dds/libOpenDDS_Dcps.so.3.4.1)
==27869==    by 0x400E899: _dl_init (dl-init.c:134)
==27870==    by 0xDF073AC: ACE_Select_Reactor_T<ACE_Reactor_Token_T<ACE_Token> >::dispatch_io_set(int, int&, int, ACE_Handle_Set&, ACE_Handle_Set&, int (ACE_Event_Handler::*)(int)) (in /home/johnny/ACE/OpenDDS/dds/libOpenDDS_Dcps.so.3.4.1)
==27869==    by 0x4001519: ??? (in /lib64/ld-2.15.so)
==27870==    by 0xDF069C9: ACE_Select_Reactor_T<ACE_Reactor_Token_T<ACE_Token> >::dispatch_io_handlers(ACE_Select_Reactor_Handle_Set&, int&, int&) (in /home/johnny/ACE/OpenDDS/dds/libOpenDDS_Dcps.so.3.4.1)
==27869==    by 0x4: ???
==27870==    by 0xDF06F90: ACE_Select_Reactor_T<ACE_Reactor_Token_T<ACE_Token> >::dispatch(int, ACE_Select_Reactor_Handle_Set&) (in /home/johnny/ACE/OpenDDS/dds/libOpenDDS_Dcps.so.3.4.1)
==27870==    by 0xDF10C4F: ACE_Select_Reactor_T<ACE_Reactor_Token_T<ACE_Token> >::handle_events(ACE_Time_Value*) (in /home/johnny/ACE/OpenDDS/dds/libOpenDDS_Dcps.so.3.4.1)
==27869==    by 0x7FEFFFC3E: ???
==27870==    by 0x7E129BB: ACE_Reactor::run_reactor_event_loop(int (*)(ACE_Reactor*)) (in /home/johnny/ACE/trunk/ACE/ace/libACE.so.6.1.9)
==27869==    by 0x7FEFFFC76: ???
==27870==    by 0xDFAD6AD: OpenDDS::DCPS::TransportReactorTask::svc() (in /home/johnny/ACE/OpenDDS/dds/libOpenDDS_Dcps.so.3.4.1)
==27870==    by 0x7E22246: ACE_Task_Base::svc_run(void*) (in /home/johnny/ACE/trunk/ACE/ace/libACE.so.6.1.9)
==27869==    by 0x7FEFFFC79: ???
==27870==    by 0x7E23B54: ACE_Thread_Adapter::invoke_i() (in /home/johnny/ACE/trunk/ACE/ace/libACE.so.6.1.9)
==27870==    by 0x7E23C64: ACE_Thread_Adapter::invoke() (in /home/johnny/ACE/trunk/ACE/ace/libACE.so.6.1.9)
==27869==    by 0x7FEFFFC9E: ???
==27870==    by 0x8CB4E0D: start_thread (pthread_create.c:305)
==27869==    by 0x7FEFFFCA1: ???
==27870==    by 0x8FAD2BC: clone (clone.S:115)
==27869== 
==27870== 
==27869== 56 bytes in 1 blocks are still reachable in loss record 42 of 147
==27869==    at 0x4C2C26B: malloc (in /usr/lib64/valgrind/vgpreload_memcheck-amd64-linux.so)
==27869==    by 0x8F4B141: strdup (strdup.c:43)
==27869==    by 0x7DE5627: ACE_Log_Msg::open(char const*, unsigned long, char const*) (in /home/johnny/ACE/trunk/ACE/ace/libACE.so.6.1.9)
==27869==    by 0x7DA3B03: ACE_Service_Gestalt::open_i(char const*, char const*, bool, bool, bool) (in /home/johnny/ACE/trunk/ACE/ace/libACE.so.6.1.9)
==27869==    by 0x7A892F0: TAO::ORB::open_global_services(int, char**) (in /home/johnny/ACE/trunk/TAO/tao/libTAO.so.2.1.9)
==27869==    by 0x7A52AF1: CORBA::ORB_init(int&, char**, char const*) (in /home/johnny/ACE/trunk/TAO/tao/libTAO.so.2.1.9)
==27869==    by 0x4052F1: DAnCE::LocalityManager_Task::LocalityManager_Task(int, char**) (in /home/johnny/ACE/trunk/DAnCE/dance/LocalityManager/Daemon/dance_locality_manager)
==27870== 80 bytes in 1 blocks are indirectly lost in loss record 27 of 85
==27869==    by 0x404147: main (in /home/johnny/ACE/trunk/DAnCE/dance/LocalityManager/Daemon/dance_locality_manager)
==27869== 
==27870==    at 0x4C2B25D: operator new[](unsigned long, std::nothrow_t const&) (in /usr/lib64/valgrind/vgpreload_memcheck-amd64-linux.so)
==27870==    by 0x7DE8D3B: ACE_New_Allocator::malloc(unsigned long) (in /home/johnny/ACE/trunk/ACE/ace/libACE.so.6.1.9)
==27870==    by 0x7DEC624: ACE_Message_Block::init_i(unsigned long, int, ACE_Message_Block*, char const*, ACE_Allocator*, ACE_Lock*, unsigned long, unsigned long, ACE_Time_Value const&, ACE_Time_Value const&, ACE_Data_Block*, ACE_Allocator*, ACE_Allocator*) (in /home/johnny/ACE/trunk/ACE/ace/libACE.so.6.1.9)
==27870==    by 0x7DECA2C: ACE_Message_Block::ACE_Message_Block(unsigned long, int, ACE_Message_Block*, char const*, ACE_Allocator*, ACE_Lock*, unsigned long, ACE_Time_Value const&, ACE_Time_Value const&, ACE_Allocator*, ACE_Allocator*) (in /home/johnny/ACE/trunk/ACE/ace/libACE.so.6.1.9)
==27870==    by 0x1103BFD6: OpenDDS::DCPS::RtpsUdpTransport::connection_info_i(OpenDDS::DCPS::TransportLocator&) const (in /home/johnny/ACE/OpenDDS/dds/DCPS/transport/rtps_udp/libOpenDDS_Rtps_Udp.so.3.4.1)
==27870==    by 0xDF798DF: OpenDDS::DCPS::TransportClient::enable_transport_using_config(bool, bool, OpenDDS::DCPS::RcHandle<OpenDDS::DCPS::TransportConfig> const&) (in /home/johnny/ACE/OpenDDS/dds/libOpenDDS_Dcps.so.3.4.1)
==27870==    by 0xDF7A2EE: OpenDDS::DCPS::TransportClient::enable_transport(bool, bool) (in /home/johnny/ACE/OpenDDS/dds/libOpenDDS_Dcps.so.3.4.1)
==27870==    by 0xDEDF1E7: OpenDDS::DCPS::DataReaderImpl::enable() (in /home/johnny/ACE/OpenDDS/dds/libOpenDDS_Dcps.so.3.4.1)
==27870==    by 0xDF5AE07: OpenDDS::DCPS::SubscriberImpl::create_datareader(DDS::TopicDescription*, DDS::DataReaderQos const&, DDS::DataReaderListener*, unsigned int) (in /home/johnny/ACE/OpenDDS/dds/libOpenDDS_Dcps.so.3.4.1)
==27870==    by 0xF58AAD0: DDS_Subscriber_Base_T<CIAO_PSL_DeadlineTest_PSLDeadlineConnector_DDS_Event_Impl::CCM_PSL_DeadlineTest_PSLDeadlineConnector_DDS_Event_Traits::push_consumer_traits, TestTopicDataReader, TestTopic, TAO::DCPS::ZeroCopyDataSeq<TestTopic, 20ul> >::configuration_complete(DDS::Topic*, DDS::Subscriber*, char const*, OpenDDS::DCPS::QOS_XML_Loader*) (in /home/johnny/ACE/trunk/CIAO/connectors/dds4ccm/tests/PSLDeadline/Connector/libDDS_PSL_DeadlineTest_Connector_exec.so.3.4.1)
==27870==    by 0xF58E353: DDS_Event_Connector_T<CIAO_PSL_DeadlineTest_PSLDeadlineConnector_DDS_Event_Impl::CCM_PSL_DeadlineTest_PSLDeadlineConnector_DDS_Event_Traits, CIAO_PSL_DeadlineTest_PSLDeadlineConnector_DDS_Event_Impl::TestTopic_DDS_Traits, false, TAO::DCPS::ZeroCopyDataSeq<TestTopic, 20ul> >::do_configuration_complete() (in /home/johnny/ACE/trunk/CIAO/connectors/dds4ccm/tests/PSLDeadline/Connector/libDDS_PSL_DeadlineTest_Connector_exec.so.3.4.1)
==27870==    by 0xF58E697: DDS_Event_Connector_T<CIAO_PSL_DeadlineTest_PSLDeadlineConnector_DDS_Event_Impl::CCM_PSL_DeadlineTest_PSLDeadlineConnector_DDS_Event_Traits, CIAO_PSL_DeadlineTest_PSLDeadlineConnector_DDS_Event_Impl::TestTopic_DDS_Traits, false, TAO::DCPS::ZeroCopyDataSeq<TestTopic, 20ul> >::configuration_complete() (in /home/johnny/ACE/trunk/CIAO/connectors/dds4ccm/tests/PSLDeadline/Connector/libDDS_PSL_DeadlineTest_Connector_exec.so.3.4.1)
==27870==    by 0xF09F004: CIAO::Session_Servant_Impl_T<POA_PSL_DeadlineTest::PSLDeadlineConnector::DDS_Event, PSL_DeadlineTest::PSLDeadlineConnector::CCM_DDS_Event, CIAO_PSL_DeadlineTest_PSLDeadlineConnector_DDS_Event_Impl::DDS_Event_Context_T<CIAO::Session_Container, CIAO::Session_Context_Impl_T<PSL_DeadlineTest::PSLDeadlineConnector::CCM_DDS_Event_Context, PSL_DeadlineTest::PSLDeadlineConnector::DDS_Event> > >::configuration_complete() (in /home/johnny/ACE/trunk/CIAO/connectors/dds4ccm/tests/PSLDeadline/Connector/libDDS_PSL_DeadlineTest_Connector_svnt.so.3.4.1)
==27869== 56 bytes in 1 blocks are indirectly lost in loss record 43 of 147
==27870==    by 0x6E05AAD: TAO::Upcall_Wrapper::upcall(TAO_ServerRequest&, TAO::Argument* const*, unsigned long, TAO::Upcall_Command&, TAO::Portable_Server::Servant_Upcall*, CORBA::TypeCode* const*, unsigned int) (in /home/johnny/ACE/trunk/TAO/tao/PortableServer/libTAO_PortableServer.so.2.1.9)
==27869==    at 0x4C2BC97: operator new(unsigned long) (in /usr/lib64/valgrind/vgpreload_memcheck-amd64-linux.so)
==27870==    by 0xA6C241E: POA_Components::CCMObject::configuration_complete_skel(TAO_ServerRequest&, TAO::Portable_Server::Servant_Upcall*, TAO_ServantBase*) (in /home/johnny/ACE/trunk/CIAO/ccm/libCCM_svnt.so.1.1.9)
==27869==    by 0xC4EDBD0: TestTopicDataWriterImpl::enable_specific() (in /home/johnny/ACE/trunk/CIAO/connectors/dds4ccm/tests/PSLDeadline/Base/libDDS_PSL_DeadlineTest_Base_stub.so.3.4.1)
==27870==    by 0x6DFD63E: TAO_ServantBase::synchronous_upcall_dispatch(TAO_ServerRequest&, TAO::Portable_Server::Servant_Upcall*, TAO_ServantBase*) (in /home/johnny/ACE/trunk/TAO/tao/PortableServer/libTAO_PortableServer.so.2.1.9)
==27869==    by 0xE4A395B: OpenDDS::DCPS::DataWriterImpl::enable() (in /home/johnny/ACE/OpenDDS/dds/libOpenDDS_Dcps.so.3.4.1)
==27870==    by 0x6DD2FFD: TAO_Object_Adapter::dispatch_servant(TAO::ObjectKey const&, TAO_ServerRequest&, TAO_Pseudo_Out_T<CORBA::Object>) (in /home/johnny/ACE/trunk/TAO/tao/PortableServer/libTAO_PortableServer.so.2.1.9)
==27870==    by 0x6DD3193: TAO_Object_Adapter::dispatch(TAO::ObjectKey&, TAO_ServerRequest&, TAO_Pseudo_Out_T<CORBA::Object>) (in /home/johnny/ACE/trunk/TAO/tao/PortableServer/libTAO_PortableServer.so.2.1.9)
==27869==    by 0xE48129D: OpenDDS::DCPS::PublisherImpl::create_datawriter(DDS::Topic*, DDS::DataWriterQos const&, DDS::DataWriterListener*, unsigned int) (in /home/johnny/ACE/OpenDDS/dds/libOpenDDS_Dcps.so.3.4.1)
==27870==    by 0x7A008F9: TAO_Adapter_Registry::dispatch(TAO::ObjectKey&, TAO_ServerRequest&, TAO_Pseudo_Out_T<CORBA::Object>) (in /home/johnny/ACE/trunk/TAO/tao/libTAO.so.2.1.9)
==27870==    by 0x7A6D263: TAO_Request_Dispatcher::dispatch(TAO_ORB_Core*, TAO_ServerRequest&, TAO_Pseudo_Out_T<CORBA::Object>) (in /home/johnny/ACE/trunk/TAO/tao/libTAO.so.2.1.9)
==27870==    by 0x7A04414: TAO::Collocated_Invocation::invoke(TAO::Collocation_Strategy) (in /home/johnny/ACE/trunk/TAO/tao/libTAO.so.2.1.9)
==27869==    by 0xBDF0C2E: DDS_Write_T<CIAO_PSL_DeadlineTest_PSLDeadlineConnector_DDS_Event_Impl::CCM_PSL_DeadlineTest_PSLDeadlineConnector_DDS_Event_Traits::supplier_traits, TestTopicDataWriter, TestTopic, TAO::DCPS::ZeroCopyDataSeq<TestTopic, 20ul> >::configuration_complete(DDS::Topic*, DDS::Publisher*, char const*, OpenDDS::DCPS::QOS_XML_Loader*) (in /home/johnny/ACE/trunk/CIAO/connectors/dds4ccm/tests/PSLDeadline/Connector/libDDS_PSL_DeadlineTest_Connector_exec.so.3.4.1)
==27870==    by 0x7A33CCB: TAO::Invocation_Adapter::invoke_collocated_i(TAO_Stub*, TAO_Operation_Details&, TAO_Pseudo_Var_T<CORBA::Object>&, TAO::Collocation_Strategy) (in /home/johnny/ACE/trunk/TAO/tao/libTAO.so.2.1.9)
==27870==    by 0x7A343CD: TAO::Invocation_Adapter::invoke_i(TAO_Stub*, TAO_Operation_Details&) (in /home/johnny/ACE/trunk/TAO/tao/libTAO.so.2.1.9)
==27870==    by 0x7A33420: TAO::Invocation_Adapter::invoke(TAO::Exception_Data*, unsigned long) (in /home/johnny/ACE/trunk/TAO/tao/libTAO.so.2.1.9)
==27869==    by 0xBDF73DE: DDS_Event_Connector_T<CIAO_PSL_DeadlineTest_PSLDeadlineConnector_DDS_Event_Impl::CCM_PSL_DeadlineTest_PSLDeadlineConnector_DDS_Event_Traits, CIAO_PSL_DeadlineTest_PSLDeadlineConnector_DDS_Event_Impl::TestTopic_DDS_Traits, false, TAO::DCPS::ZeroCopyDataSeq<TestTopic, 20ul> >::do_configuration_complete() (in /home/johnny/ACE/trunk/CIAO/connectors/dds4ccm/tests/PSLDeadline/Connector/libDDS_PSL_DeadlineTest_Connector_exec.so.3.4.1)
==27870==    by 0xB7537AF: Components::CCMObject::configuration_complete() (in /home/johnny/ACE/trunk/CIAO/ccm/libCCM_stub.so.1.1.9)
==27870== 
==27869==    by 0xBDF7697: DDS_Event_Connector_T<CIAO_PSL_DeadlineTest_PSLDeadlineConnector_DDS_Event_Impl::CCM_PSL_DeadlineTest_PSLDeadlineConnector_DDS_Event_Traits, CIAO_PSL_DeadlineTest_PSLDeadlineConnector_DDS_Event_Impl::TestTopic_DDS_Traits, false, TAO::DCPS::ZeroCopyDataSeq<TestTopic, 20ul> >::configuration_complete() (in /home/johnny/ACE/trunk/CIAO/connectors/dds4ccm/tests/PSLDeadline/Connector/libDDS_PSL_DeadlineTest_Connector_exec.so.3.4.1)
==27869==    by 0xF181004: CIAO::Session_Servant_Impl_T<POA_PSL_DeadlineTest::PSLDeadlineConnector::DDS_Event, PSL_DeadlineTest::PSLDeadlineConnector::CCM_DDS_Event, CIAO_PSL_DeadlineTest_PSLDeadlineConnector_DDS_Event_Impl::DDS_Event_Context_T<CIAO::Session_Container, CIAO::Session_Context_Impl_T<PSL_DeadlineTest::PSLDeadlineConnector::CCM_DDS_Event_Context, PSL_DeadlineTest::PSLDeadlineConnector::DDS_Event> > >::configuration_complete() (in /home/johnny/ACE/trunk/CIAO/connectors/dds4ccm/tests/PSLDeadline/Connector/libDDS_PSL_DeadlineTest_Connector_svnt.so.3.4.1)
==27870== 80 bytes in 1 blocks are indirectly lost in loss record 28 of 85
==27869==    by 0x6E05AAD: TAO::Upcall_Wrapper::upcall(TAO_ServerRequest&, TAO::Argument* const*, unsigned long, TAO::Upcall_Command&, TAO::Portable_Server::Servant_Upcall*, CORBA::TypeCode* const*, unsigned int) (in /home/johnny/ACE/trunk/TAO/tao/PortableServer/libTAO_PortableServer.so.2.1.9)
==27870==    at 0x4C2B9CB: operator new(unsigned long, std::nothrow_t const&) (in /usr/lib64/valgrind/vgpreload_memcheck-amd64-linux.so)
==27870==    by 0x7DED4BC: ACE_Message_Block::duplicate() const (in /home/johnny/ACE/trunk/ACE/ace/libACE.so.6.1.9)
==27869==    by 0xA6C241E: POA_Components::CCMObject::configuration_complete_skel(TAO_ServerRequest&, TAO::Portable_Server::Servant_Upcall*, TAO_ServantBase*) (in /home/johnny/ACE/trunk/CIAO/ccm/libCCM_svnt.so.1.1.9)
==27870==    by 0x1103C2D4: OpenDDS::DCPS::RtpsUdpTransport::connection_info_i(OpenDDS::DCPS::TransportLocator&) const (in /home/johnny/ACE/OpenDDS/dds/DCPS/transport/rtps_udp/libOpenDDS_Rtps_Udp.so.3.4.1)
==27869==    by 0x6DFD63E: TAO_ServantBase::synchronous_upcall_dispatch(TAO_ServerRequest&, TAO::Portable_Server::Servant_Upcall*, TAO_ServantBase*) (in /home/johnny/ACE/trunk/TAO/tao/PortableServer/libTAO_PortableServer.so.2.1.9)
==27870==    by 0xDF798DF: OpenDDS::DCPS::TransportClient::enable_transport_using_config(bool, bool, OpenDDS::DCPS::RcHandle<OpenDDS::DCPS::TransportConfig> const&) (in /home/johnny/ACE/OpenDDS/dds/libOpenDDS_Dcps.so.3.4.1)
==27870==    by 0xDF7A2EE: OpenDDS::DCPS::TransportClient::enable_transport(bool, bool) (in /home/johnny/ACE/OpenDDS/dds/libOpenDDS_Dcps.so.3.4.1)
==27869==    by 0x6DD2FFD: TAO_Object_Adapter::dispatch_servant(TAO::ObjectKey const&, TAO_ServerRequest&, TAO_Pseudo_Out_T<CORBA::Object>) (in /home/johnny/ACE/trunk/TAO/tao/PortableServer/libTAO_PortableServer.so.2.1.9)
==27870==    by 0xDEDF1E7: OpenDDS::DCPS::DataReaderImpl::enable() (in /home/johnny/ACE/OpenDDS/dds/libOpenDDS_Dcps.so.3.4.1)
