==27870==    by 0x58FF845: DAnCE::Action_Base::call() (in /home/johnny/ACE/trunk/DAnCE/dance/LocalityManager/Scheduler/libDAnCE_Deployment_Scheduler.so.1.1.9)
==27869==    by 0xE4A3D0A: OpenDDS::DCPS::DataWriterImpl::enable() (in /home/johnny/ACE/OpenDDS/dds/libOpenDDS_Dcps.so.3.4.1)
==27870==    by 0x58FC63D: DAnCE::Deployment_Scheduler::perform_work() (in /home/johnny/ACE/trunk/DAnCE/dance/LocalityManager/Scheduler/libDAnCE_Deployment_Scheduler.so.1.1.9)
==27870== 
==27869==    by 0xE48129D: OpenDDS::DCPS::PublisherImpl::create_datawriter(DDS::Topic*, DDS::DataWriterQos const&, DDS::DataWriterListener*, unsigned int) (in /home/johnny/ACE/OpenDDS/dds/libOpenDDS_Dcps.so.3.4.1)
==27869==    by 0xBDF0C2E: DDS_Write_T<CIAO_PSL_DeadlineTest_PSLDeadlineConnector_DDS_Event_Impl::CCM_PSL_DeadlineTest_PSLDeadlineConnector_DDS_Event_Traits::supplier_traits, TestTopicDataWriter, TestTopic, TAO::DCPS::ZeroCopyDataSeq<TestTopic, 20ul> >::configuration_complete(DDS::Topic*, DDS::Publisher*, char const*, OpenDDS::DCPS::QOS_XML_Loader*) (in /home/johnny/ACE/trunk/CIAO/connectors/dds4ccm/tests/PSLDeadline/Connector/libDDS_PSL_DeadlineTest_Connector_exec.so.3.4.1)
==27870== 1,280 bytes in 4 blocks are indirectly lost in loss record 72 of 85
==27870==    at 0x4C2B9CB: operator new(unsigned long, std::nothrow_t const&) (in /usr/lib64/valgrind/vgpreload_memcheck-amd64-linux.so)
==27869==    by 0xBDF73DE: DDS_Event_Connector_T<CIAO_PSL_DeadlineTest_PSLDeadlineConnector_DDS_Event_Impl::CCM_PSL_DeadlineTest_PSLDeadlineConnector_DDS_Event_Traits, CIAO_PSL_DeadlineTest_PSLDeadlineConnector_DDS_Event_Impl::TestTopic_DDS_Traits, false, TAO::DCPS::ZeroCopyDataSeq<TestTopic, 20ul> >::do_configuration_complete() (in /home/johnny/ACE/trunk/CIAO/connectors/dds4ccm/tests/PSLDeadline/Connector/libDDS_PSL_DeadlineTest_Connector_exec.so.3.4.1)
==27870==    by 0xC407F95: TestTopicDataReaderImpl::store_instance_data(TestTopic*, OpenDDS::DCPS::DataSampleHeader const&, OpenDDS::DCPS::SubscriptionInstance*&, bool&, bool&) (in /home/johnny/ACE/trunk/CIAO/connectors/dds4ccm/tests/PSLDeadline/Base/libDDS_PSL_DeadlineTest_Base_stub.so.3.4.1)
==27870==    by 0xC408FDC: TestTopicDataReaderImpl::dds_demarshal(OpenDDS::DCPS::ReceivedDataSample const&, OpenDDS::DCPS::SubscriptionInstance*&, bool&, bool&, OpenDDS::DCPS::MarshalingType) (in /home/johnny/ACE/trunk/CIAO/connectors/dds4ccm/tests/PSLDeadline/Base/libDDS_PSL_DeadlineTest_Base_stub.so.3.4.1)
==27869==    by 0xBDF7697: DDS_Event_Connector_T<CIAO_PSL_DeadlineTest_PSLDeadlineConnector_DDS_Event_Impl::CCM_PSL_DeadlineTest_PSLDeadlineConnector_DDS_Event_Traits, CIAO_PSL_DeadlineTest_PSLDeadlineConnector_DDS_Event_Impl::TestTopic_DDS_Traits, false, TAO::DCPS::ZeroCopyDataSeq<TestTopic, 20ul> >::configuration_complete() (in /home/johnny/ACE/trunk/CIAO/connectors/dds4ccm/tests/PSLDeadline/Connector/libDDS_PSL_DeadlineTest_Connector_exec.so.3.4.1)
==27870==    by 0xDEE703D: OpenDDS::DCPS::DataReaderImpl::data_received(OpenDDS::DCPS::ReceivedDataSample const&) (in /home/johnny/ACE/OpenDDS/dds/libOpenDDS_Dcps.so.3.4.1)
==27870==    by 0xDFA2432: OpenDDS::DCPS::ReceiveListenerSet::data_received(OpenDDS::DCPS::ReceivedDataSample const&, std::set<OpenDDS::DCPS::GUID_t, OpenDDS::DCPS::GUID_tKeyLessThan, std::allocator<OpenDDS::DCPS::GUID_t> > const&) (in /home/johnny/ACE/OpenDDS/dds/libOpenDDS_Dcps.so.3.4.1)
==27869==    by 0xF181004: CIAO::Session_Servant_Impl_T<POA_PSL_DeadlineTest::PSLDeadlineConnector::DDS_Event, PSL_DeadlineTest::PSLDeadlineConnector::CCM_DDS_Event, CIAO_PSL_DeadlineTest_PSLDeadlineConnector_DDS_Event_Impl::DDS_Event_Context_T<CIAO::Session_Container, CIAO::Session_Context_Impl_T<PSL_DeadlineTest::PSLDeadlineConnector::CCM_DDS_Event_Context, PSL_DeadlineTest::PSLDeadlineConnector::DDS_Event> > >::configuration_complete() (in /home/johnny/ACE/trunk/CIAO/connectors/dds4ccm/tests/PSLDeadline/==27870==    by 0xDFA014F: OpenDDS::DCPS::DataLink::data_received_i(OpenDDS::DCPS::ReceivedDataSample&, OpenDDS::DCPS::GUID_t const&, std::set<OpenDDS::DCPS::GUID_t, OpenDDS::DCPS::GUID_tKeyLessThan, std::allocator<OpenDDS::DCPS::GUID_t> > const&) (in /home/johnny/ACE/OpenDDS/dds/libOpenDDS_Dcps.so.3.4.1)
Connector/libDDS_PSL_DeadlineTest_Connector_svnt.so.3.4.1)
==27870==    by 0x1103533C: OpenDDS::DCPS::RtpsUdpReceiveStrategy::deliver_sample(OpenDDS::DCPS::ReceivedDataSample&, ACE_INET_Addr const&) (in /home/johnny/ACE/OpenDDS/dds/DCPS/transport/rtps_udp/libOpenDDS_Rtps_Udp.so.3.4.1)
==27870==    by 0x1103A19E: OpenDDS::DCPS::TransportReceiveStrategy<OpenDDS::DCPS::RtpsTransportHeader, OpenDDS::DCPS::RtpsSampleHeader>::handle_dds_input(int) (in /home/johnny/ACE/OpenDDS/dds/DCPS/transport/rtps_udp/libOpenDDS_Rtps_Udp.so.3.4.1)
==27869==    by 0x6E05AAD: TAO::Upcall_Wrapper::upcall(TAO_ServerRequest&, TAO::Argument* const*, unsigned long, TAO::Upcall_Command&, TAO::Portable_Server::Servant_Upcall*, CORBA::TypeCode* const*, unsigned int) (in /home/johnny/ACE/trunk/TAO/tao/PortableServer/libTAO_PortableServer.so.2.1.9)
==27870==    by 0xDF0948C: ACE_Select_Reactor_T<ACE_Reactor_Token_T<ACE_Token> >::notify_handle(int, unsigned long, ACE_Handle_Set&, ACE_Event_Handler*, int (ACE_Event_Handler::*)(int)) (in /home/johnny/ACE/OpenDDS/dds/libOpenDDS_Dcps.so.3.4.1)
==27869==    by 0xA6C241E: POA_Components::CCMObject::configuration_complete_skel(TAO_ServerRequest&, TAO::Portable_Server::Servant_Upcall*, TAO_ServantBase*) (in /home/johnny/ACE/trunk/CIAO/ccm/libCCM_svnt.so.1.1.9)
==27870==    by 0xDF073AC: ACE_Select_Reactor_T<ACE_Reactor_Token_T<ACE_Token> >::dispatch_io_set(int, int&, int, ACE_Handle_Set&, ACE_Handle_Set&, int (ACE_Event_Handler::*)(int)) (in /home/johnny/ACE/OpenDDS/dds/libOpenDDS_Dcps.so.3.4.1)
==27870==    by 0xDF069C9: ACE_Select_Reactor_T<ACE_Reactor_Token_T<ACE_Token> >::dispatch_io_handlers(ACE_Select_Reactor_Handle_Set&, int&, int&) (in /home/johnny/ACE/OpenDDS/dds/libOpenDDS_Dcps.so.3.4.1)
==27869==    by 0x6DFD63E: TAO_ServantBase::synchronous_upcall_dispatch(TAO_ServerRequest&, TAO::Portable_Server::Servant_Upcall*, TAO_ServantBase*) (in /home/johnny/ACE/trunk/TAO/tao/PortableServer/libTAO_PortableServer.so.2.1.9)
==27870==    by 0xDF06F90: ACE_Select_Reactor_T<ACE_Reactor_Token_T<ACE_Token> >::dispatch(int, ACE_Select_Reactor_Handle_Set&) (in /home/johnny/ACE/OpenDDS/dds/libOpenDDS_Dcps.so.3.4.1)
==27869==    by 0x6DD2FFD: TAO_Object_Adapter::dispatch_servant(TAO::ObjectKey const&, TAO_ServerRequest&, TAO_Pseudo_Out_T<CORBA::Object>) (in /home/johnny/ACE/trunk/TAO/tao/PortableServer/libTAO_PortableServer.so.2.1.9)
==27870==    by 0xDF10C4F: ACE_Select_Reactor_T<ACE_Reactor_Token_T<ACE_Token> >::handle_events(ACE_Time_Value*) (in /home/johnny/ACE/OpenDDS/dds/libOpenDDS_Dcps.so.3.4.1)
==27869==    by 0x6DD3193: TAO_Object_Adapter::dispatch(TAO::ObjectKey&, TAO_ServerRequest&, TAO_Pseudo_Out_T<CORBA::Object>) (in /home/johnny/ACE/trunk/TAO/tao/PortableServer/libTAO_PortableServer.so.2.1.9)
==27870==    by 0x7E129BB: ACE_Reactor::run_reactor_event_loop(int (*)(ACE_Reactor*)) (in /home/johnny/ACE/trunk/ACE/ace/libACE.so.6.1.9)
==27869== 
==27870==    by 0xDFAD6AD: OpenDDS::DCPS::TransportReactorTask::svc() (in /home/johnny/ACE/OpenDDS/dds/libOpenDDS_Dcps.so.3.4.1)
==27870==    by 0x7E22246: ACE_Task_Base::svc_run(void*) (in /home/johnny/ACE/trunk/ACE/ace/libACE.so.6.1.9)
==27870==    by 0x7E23B54: ACE_Thread_Adapter::invoke_i() (in /home/johnny/ACE/trunk/ACE/ace/libACE.so.6.1.9)
==27870==    by 0x7E23C64: ACE_Thread_Adapter::invoke() (in /home/johnny/ACE/trunk/ACE/ace/libACE.so.6.1.9)
==27870==    by 0x8CB4E0D: start_thread (pthread_create.c:305)
==27870==    by 0x8FAD2BC: clone (clone.S:115)
==27870== 
==27870== 2,400 bytes in 1 blocks are indirectly lost in loss record 74 of 85
==27870==    at 0x4C2B25D: operator new[](unsigned long, std::nothrow_t const&) (in /usr/lib64/valgrind/vgpreload_memcheck-amd64-linux.so)
==27870==    by 0xDEEB0A5: OpenDDS::DCPS::Cached_Allocator_With_Overflow<OpenDDS::DCPS::ReceivedDataElement, ACE_Null_Mutex>::Cached_Allocator_With_Overflow(unsigned long) (in /home/johnny/ACE/OpenDDS/dds/libOpenDDS_Dcps.so.3.4.1)
==27870==    by 0xDEDF075: OpenDDS::DCPS::DataReaderImpl::enable() (in /home/johnny/ACE/OpenDDS/dds/libOpenDDS_Dcps.so.3.4.1)
==27869== 104 bytes in 1 blocks are still reachable in loss record 68 of 147
==27870==    by 0xDF5AE07: OpenDDS::DCPS::SubscriberImpl::create_datareader(DDS::TopicDescription*, DDS::DataReaderQos const&, DDS::DataReaderListener*, unsigned int) (in /home/johnny/ACE/OpenDDS/dds/libOpenDDS_Dcps.so.3.4.1)
==27869==    at 0x4C2B9CB: operator new(unsigned long, std::nothrow_t const&) (in /usr/lib64/valgrind/vgpreload_memcheck-amd64-linux.so)
==27870==    by 0xF58AAD0: DDS_Subscriber_Base_T<CIAO_PSL_DeadlineTest_PSLDeadlineConnector_DDS_Event_Impl::CCM_PSL_DeadlineTest_PSLDeadlineConnector_DDS_Event_Traits::push_consumer_traits, TestTopicDataReader, TestTopic, TAO::DCPS::ZeroCopyDataSeq<TestTopic, 20ul> >::configuration_complete(DDS::Topic*, DDS::Subscriber*, char const*, OpenDDS::DCPS::QOS_XML_Loader*) (in /home/johnny/ACE/trunk/CIAO/connectors/dds4ccm/tests/PSLDeadline/Connector/libDDS_PSL_DeadlineTest_Connector_exec.so.3.4.1)
==27869==    by 0x7E2A56C: ACE_Locked_Free_List<ACE_Thread_Descriptor, ACE_Thread_Mutex>::alloc(unsigned long) (in /home/johnny/ACE/trunk/ACE/ace/libACE.so.6.1.9)
==27870==    by 0xF58E353: DDS_Event_Connector_T<CIAO_PSL_DeadlineTest_PSLDeadlineConnector_DDS_Event_Impl::CCM_PSL_DeadlineTest_PSLDeadlineConnector_DDS_Event_Traits, CIAO_PSL_DeadlineTest_PSLDeadlineConnector_DDS_Event_Impl::TestTopic_DDS_Traits, false, TAO::DCPS::ZeroCopyDataSeq<TestTopic, 20ul> >::do_configuration_complete() (in /home/johnny/ACE/trunk/CIAO/connectors/dds4ccm/tests/PSLDeadline/Connector/libDDS_PSL_DeadlineTest_Connector_exec.so.3.4.1)
==27869==    by 0x7E284B3: ACE_Thread_Manager::spawn_i(void* (*)(void*), void*, long, unsigned long*, unsigned long*, long, int, void*, unsigned long, ACE_Task_Base*, char const**) (in /home/johnny/ACE/trunk/ACE/ace/libACE.so.6.1.9)
==27870==    by 0xF58E697: DDS_Event_Connector_T<CIAO_PSL_DeadlineTest_PSLDeadlineConnector_DDS_Event_Impl::CCM_PSL_DeadlineTest_PSLDeadlineConnector_DDS_Event_Traits, CIAO_PSL_DeadlineTest_PSLDeadlineConnector_DDS_Event_Impl::TestTopic_DDS_Traits, false, TAO::DCPS::ZeroCopyDataSeq<TestTopic, 20ul> >::configuration_complete() (in /home/johnny/ACE/trunk/CIAO/connectors/dds4ccm/tests/PSLDeadline/Connector/libDDS_PSL_DeadlineTest_Connector_exec.so.3.4.1)
==27869==    by 0x7E2A041: ACE_Thread_Manager::spawn_n(unsigned long, void* (*)(void*), void*, long, long, int, ACE_Task_Base*, unsigned long*, void**, unsigned long*, char const**) (in /home/johnny/ACE/trunk/ACE/ace/libACE.so.6.1.9)
==27870==    by 0xF09F004: CIAO::Session_Servant_Impl_T<POA_PSL_DeadlineTest::PSLDeadlineConnector::DDS_Event, PSL_DeadlineTest::PSLDeadlineConnector::CCM_DDS_Event, CIAO_PSL_DeadlineTest_PSLDeadlineConnector_DDS_Event_Impl::DDS_Event_Context_T<CIAO::Session_Container, CIAO::Session_Context_Impl_T<PSL_DeadlineTest::PSLDeadlineConnector::CCM_DDS_Event_Context, PSL_DeadlineTest::PSLDeadlineConnector::DDS_Event> > >::configuration_complete() (in /home/johnny/ACE/trunk/CIAO/connectors/dds4ccm/tests/PSLDeadline/Connector/libDDS_PSL_DeadlineTest_Connector_svnt.so.3.4.1)
==27869==    by 0x7E224DC: ACE_Task_Base::activate(long, int, int, long, int, ACE_Task_Base*, unsigned long*, void**, unsigned long*, unsigned long*, char const**) (in /home/johnny/ACE/trunk/ACE/ace/libACE.so.6.1.9)
==27870==    by 0x6E05AAD: TAO::Upcall_Wrapper::upcall(TAO_ServerRequest&, TAO::Argument* const*, unsigned long, TAO::Upcall_Command&, TAO::Portable_Server::Servant_Upcall*, CORBA::TypeCode* const*, unsigned int) (in /home/johnny/ACE/trunk/TAO/tao/PortableServer/libTAO_PortableServer.so.2.1.9)
==27869==    by 0xE4E09E1: OpenDDS::DCPS::TransportImpl::configure(OpenDDS::DCPS::TransportInst*) (in /home/johnny/ACE/OpenDDS/dds/libOpenDDS_Dcps.so.3.4.1)
==27870==    by 0xA6C241E: POA_Components::CCMObject::configuration_complete_skel(TAO_ServerRequest&, TAO::Portable_Server::Servant_Upcall*, TAO_ServantBase*) (in /home/johnny/ACE/trunk/CIAO/ccm/libCCM_svnt.so.1.1.9)
==27869==    by 0x110336DC: OpenDDS::DCPS::RtpsUdpTransport::RtpsUdpTransport(OpenDDS::DCPS::RcHandle<OpenDDS::DCPS::TransportInst> const&) (in /home/johnny/ACE/OpenDDS/dds/DCPS/transport/rtps_udp/libOpenDDS_Rtps_Udp.so.3.4.1)
==27870==    by 0x6DFD63E: TAO_ServantBase::synchronous_upcall_dispatch(TAO_ServerRequest&, TAO::Portable_Server::Servant_Upcall*, TAO_ServantBase*) (in /home/johnny/ACE/trunk/TAO/tao/PortableServer/libTAO_PortableServer.so.2.1.9)
==27869==    by 0x1103D0E8: OpenDDS::DCPS::RtpsUdpInst::new_impl(OpenDDS::DCPS::RcHandle<OpenDDS::DCPS::TransportInst> const&) (in /home/johnny/ACE/OpenDDS/dds/DCPS/transport/rtps_udp/libOpenDDS_Rtps_Udp.so.3.4.1)
==27870==    by 0x6DD2FFD: TAO_Object_Adapter::dispatch_servant(TAO::ObjectKey const&, TAO_ServerRequest&, TAO_Pseudo_Out_T<CORBA::Object>) (in /home/johnny/ACE/trunk/TAO/tao/PortableServer/libTAO_PortableServer.so.2.1.9)
==27869==    by 0xE4E98CA: OpenDDS::DCPS::TransportInst::impl() (in /home/johnny/ACE/OpenDDS/dds/libOpenDDS_Dcps.so.3.4.1)
==27870==    by 0x6DD3193: TAO_Object_Adapter::dispatch(TAO::ObjectKey&, TAO_ServerRequest&, TAO_Pseudo_Out_T<CORBA::Object>) (in /home/johnny/ACE/trunk/TAO/tao/PortableServer/libTAO_PortableServer.so.2.1.9)
==27869==    by 0xE4D7807: OpenDDS::DCPS::TransportClient::enable_transport_using_config(bool, bool, OpenDDS::DCPS::RcHandle<OpenDDS::DCPS::TransportConfig> const&) (in /home/johnny/ACE/OpenDDS/dds/libOpenDDS_Dcps.so.3.4.1)
==27870==    by 0x7A008F9: TAO_Adapter_Registry::dispatch(TAO::ObjectKey&, TAO_ServerRequest&, TAO_Pseudo_Out_T<CORBA::Object>) (in /home/johnny/ACE/trunk/TAO/tao/libTAO.so.2.1.9)
==27869==    by 0xE4D82EE: OpenDDS::DCPS::TransportClient::enable_transport(bool, bool) (in /home/johnny/ACE/OpenDDS/dds/libOpenDDS_Dcps.so.3.4.1)
==27870==    by 0x7A6D263: TAO_Request_Dispatcher::dispatch(TAO_ORB_Core*, TAO_ServerRequest&, TAO_Pseudo_Out_T<CORBA::Object>) (in /home/johnny/ACE/trunk/TAO/tao/libTAO.so.2.1.9)
==27869==    by 0xE4A3D0A: OpenDDS::DCPS::DataWriterImpl::enable() (in /home/johnny/ACE/OpenDDS/dds/libOpenDDS_Dcps.so.3.4.1)
==27870==    by 0x7A04414: TAO::Collocated_Invocation::invoke(TAO::Collocation_Strategy) (in /home/johnny/ACE/trunk/TAO/tao/libTAO.so.2.1.9)
==27869==    by 0xE48129D: OpenDDS::DCPS::PublisherImpl::create_datawriter(DDS::Topic*, DDS::DataWriterQos const&, DDS::DataWriterListener*, unsigned int) (in /home/johnny/ACE/OpenDDS/dds/libOpenDDS_Dcps.so.3.4.1)
==27870==    by 0x7A33CCB: TAO::Invocation_Adapter::invoke_collocated_i(TAO_Stub*, TAO_Operation_Details&, TAO_Pseudo_Var_T<CORBA::Object>&, TAO::Collocation_Strategy) (in /home/johnny/ACE/trunk/TAO/tao/libTAO.so.2.1.9)
==27870==    by 0x7A343CD: TAO::Invocation_Adapter::invoke_i(TAO_Stub*, TAO_Operation_Details&) (in /home/johnny/ACE/trunk/TAO/tao/libTAO.so.2.1.9)
==27870==    by 0x7A33420: TAO::Invocation_Adapter::invoke(TAO::Exception_Data*, unsigned long) (in /home/johnny/ACE/trunk/TAO/tao/libTAO.so.2.1.9)
==27869==    by 0xBDF0C2E: DDS_Write_T<CIAO_PSL_DeadlineTest_PSLDeadlineConnector_DDS_Event_Impl::CCM_PSL_DeadlineTest_PSLDeadlineConnector_DDS_Event_Traits::supplier_traits, TestTopicDataWriter, TestTopic, TAO::DCPS::ZeroCopyDataSeq<TestTopic, 20ul> >::configuration_complete(DDS::Topic*, DDS::Publisher*, char const*, OpenDDS::DCPS::QOS_XML_Loader*) (in /home/johnny/ACE/trunk/CIAO/connectors/dds4ccm/tests/PSLDeadline/Connector/libDDS_PSL_DeadlineTest_Connector_exec.so.3.4.1)
==27870==    by 0xB7537AF: Components::CCMObject::configuration_complete() (in /home/johnny/ACE/trunk/CIAO/ccm/libCCM_stub.so.1.1.9)
==27870==    by 0x9C32FB4: CIAO::Component_Handler_i::instance_configured(Deployment::DeploymentPlan const&, unsigned int) (in /home/johnny/ACE/trunk/CIAO/ciao/Deployment/Handlers/libCIAO_Deployment_Handlers.so.1.1.9)
==27869==    by 0xBDF73DE: DDS_Event_Connector_T<CIAO_PSL_DeadlineTest_PSLDeadlineConnector_DDS_Event_Impl::CCM_PSL_DeadlineTest_PSLDeadlineConnector_DDS_Event_Traits, CIAO_PSL_DeadlineTest_PSLDeadlineConnector_DDS_Event_Impl::TestTopic_DDS_Traits, false, TAO::DCPS::ZeroCopyDataSeq<TestTopic, 20ul> >::do_configuration_complete() (in /home/johnny/ACE/trunk/CIAO/connectors/dds4ccm/tests/PSLDeadline/Connector/libDDS_PSL_DeadlineTest_Connector_exec.so.3.4.1)
==27870==    by 0x59044E4: DAnCE::Instance_Configured::invoke(DAnCE::InstanceDeploymentHandler*) (in /home/johnny/ACE/trunk/DAnCE/dance/LocalityManager/Scheduler/libDAnCE_Deployment_Scheduler.so.1.1.9)
==27870==    by 0x58FF845: DAnCE::Action_Base::call() (in /home/johnny/ACE/trunk/DAnCE/dance/LocalityManager/Scheduler/libDAnCE_Deployment_Scheduler.so.1.1.9)
==27869==    by 0xBDF7697: DDS_Event_Connector_T<CIAO_PSL_DeadlineTest_PSLDeadlineConnector_DDS_Event_Impl::CCM_PSL_DeadlineTest_PSLDeadlineConnector_DDS_Event_Traits, CIAO_PSL_DeadlineTest_PSLDeadlineConnector_DDS_Event_Impl::TestTopic_DDS_Traits, false, TAO::DCPS::ZeroCopyDataSeq<TestTopic, 20ul> >::configuration_complete() (in /home/johnny/ACE/trunk/CIAO/connectors/dds4ccm/tests/PSLDeadline/Connector/libDDS_PSL_DeadlineTest_Connector_exec.so.3.4.1)
==27870==    by 0x58FC63D: DAnCE::Deployment_Scheduler::perform_work() (in /home/johnny/ACE/trunk/DAnCE/dance/LocalityManager/Scheduler/libDAnCE_Deployment_Scheduler.so.1.1.9)
==27869==    by 0xF181004: CIAO::Session_Servant_Impl_T<POA_PSL_DeadlineTest::PSLDeadlineConnector::DDS_Event, PSL_DeadlineTest::PSLDeadlineConnector::CCM_DDS_Event, CIAO_PSL_DeadlineTest_PSLDeadlineConnector_DDS_Event_Impl::DDS_Event_Context_T<CIAO::Session_Container, CIAO::Session_Context_Impl_T<PSL_DeadlineTest::PSLDeadlineConnector::CCM_DDS_Event_Context, PSL_DeadlineTest::PSLDeadlineConnector::DDS_Event> > >::configuration_complete() (in /home/johnny/ACE/trunk/CIAO/connectors/dds4ccm/tests/PSLDeadline/==27870==    by 0x58FC888: DAnCE::Deployment_Completion::single_threaded_wait_on_completion(ACE_Time_Value*) (in /home/johnny/ACE/trunk/DAnCE/dance/LocalityManager/Scheduler/libDAnCE_Deployment_Scheduler.so.1.1.9)
==27870== 
Connector/libDDS_PSL_DeadlineTest_Connector_svnt.so.3.4.1)
==27869==    by 0x6E05AAD: TAO::Upcall_Wrapper::upcall(TAO_ServerRequest&, TAO::Argument* const*, unsigned long, TAO::Upcall_Command&, TAO::Portable_Server::Servant_Upcall*, CORBA::TypeCode* const*, unsigned int) (in /home/johnny/ACE/trunk/TAO/tao/PortableServer/libTAO_PortableServer.so.2.1.9)
==27869==    by 0xA6C241E: POA_Components::CCMObject::configuration_complete_skel(TAO_ServerRequest&, TAO::Portable_Server::Servant_Upcall*, TAO_ServantBase*) (in /home/johnny/ACE/trunk/CIAO/ccm/libCCM_svnt.so.1.1.9)
==27869==    by 0x6DFD63E: TAO_ServantBase::synchronous_upcall_dispatch(TAO_ServerRequest&, TAO::Portable_Server::Servant_Upcall*, TAO_ServantBase*) (in /home/johnny/ACE/trunk/TAO/tao/PortableServer/libTAO_PortableServer.so.2.1.9)
==27869==    by 0x6DD2FFD: TAO_Object_Adapter::dispatch_servant(TAO::ObjectKey const&, TAO_ServerRequest&, TAO_Pseudo_Out_T<CORBA::Object>) (in /home/johnny/ACE/trunk/TAO/tao/PortableServer/libTAO_PortableServer.so.2.1.9)
==27869==    by 0x6DD3193: TAO_Object_Adapter::dispatch(TAO::ObjectKey&, TAO_ServerRequest&, TAO_Pseudo_Out_T<CORBA::Object>) (in /home/johnny/ACE/trunk/TAO/tao/PortableServer/libTAO_PortableServer.so.2.1.9)
==27870== 2,400 bytes in 1 blocks are indirectly lost in loss record 75 of 85
==27869==    by 0x7A008F9: TAO_Adapter_Registry::dispatch(TAO::ObjectKey&, TAO_ServerRequest&, TAO_Pseudo_Out_T<CORBA::Object>) (in /home/johnny/ACE/trunk/TAO/tao/libTAO.so.2.1.9)
==27870==    at 0x4C2B25D: operator new[](unsigned long, std::nothrow_t const&) (in /usr/lib64/valgrind/vgpreload_memcheck-amd64-linux.so)
==27869==    by 0x7A6D263: TAO_Request_Dispatcher::dispatch(TAO_ORB_Core*, TAO_ServerRequest&, TAO_Pseudo_Out_T<CORBA::Object>) (in /home/johnny/ACE/trunk/TAO/tao/libTAO.so.2.1.9)
==27870==    by 0xDEEB0A5: OpenDDS::DCPS::Cached_Allocator_With_Overflow<OpenDDS::DCPS::ReceivedDataElement, ACE_Null_Mutex>::Cached_Allocator_With_Overflow(unsigned long) (in /home/johnny/ACE/OpenDDS/dds/libOpenDDS_Dcps.so.3.4.1)
==27869==    by 0x7A04414: TAO::Collocated_Invocation::invoke(TAO::Collocation_Strategy) (in /home/johnny/ACE/trunk/TAO/tao/libTAO.so.2.1.9)
==27870==    by 0xDEDF075: OpenDDS::DCPS::DataReaderImpl::enable() (in /home/johnny/ACE/OpenDDS/dds/libOpenDDS_Dcps.so.3.4.1)
==27869== 
==27870==    by 0xDF5AE07: OpenDDS::DCPS::SubscriberImpl::create_datareader(DDS::TopicDescription*, DDS::DataReaderQos const&, DDS::DataReaderListener*, unsigned int) (in /home/johnny/ACE/OpenDDS/dds/libOpenDDS_Dcps.so.3.4.1)
==27870==    by 0xF58B1D0: DDS_Subscriber_Base_T<CIAO_PSL_DeadlineTest_PSLDeadlineConnector_DDS_Event_Impl::CCM_PSL_DeadlineTest_PSLDeadlineConnector_DDS_Event_Traits::pull_consumer_traits, TestTopicDataReader, TestTopic, TAO::DCPS::ZeroCopyDataSeq<TestTopic, 20ul> >::configuration_complete(DDS::Topic*, DDS::Subscriber*, char const*, OpenDDS::DCPS::QOS_XML_Loader*) (in /home/johnny/ACE/trunk/CIAO/connectors/dds4ccm/tests/PSLDeadline/Connector/libDDS_PSL_DeadlineTest_Connector_exec.so.3.4.1)
==27870==    by 0xF58E46C: DDS_Event_Connector_T<CIAO_PSL_DeadlineTest_PSLDeadlineConnector_DDS_Event_Impl::CCM_PSL_DeadlineTest_PSLDeadlineConnector_DDS_Event_Traits, CIAO_PSL_DeadlineTest_PSLDeadlineConnector_DDS_Event_Impl::TestTopic_DDS_Traits, false, TAO::DCPS::ZeroCopyDataSeq<TestTopic, 20ul> >::do_configuration_complete() (in /home/johnny/ACE/trunk/CIAO/connectors/dds4ccm/tests/PSLDeadline/Connector/libDDS_PSL_DeadlineTest_Connector_exec.so.3.4.1)
==27869== 112 bytes in 2 blocks are indirectly lost in loss record 69 of 147
==27870==    by 0xF58E697: DDS_Event_Connector_T<CIAO_PSL_DeadlineTest_PSLDeadlineConnector_DDS_Event_Impl::CCM_PSL_DeadlineTest_PSLDeadlineConnector_DDS_Event_Traits, CIAO_PSL_DeadlineTest_PSLDeadlineConnector_DDS_Event_Impl::TestTopic_DDS_Traits, false, TAO::DCPS::ZeroCopyDataSeq<TestTopic, 20ul> >::configuration_complete() (in /home/johnny/ACE/trunk/CIAO/connectors/dds4ccm/tests/PSLDeadline/Connector/libDDS_PSL_DeadlineTest_Connector_exec.so.3.4.1)
==27869==    at 0x4C2BC97: operator new(unsigned long) (in /usr/lib64/valgrind/vgpreload_memcheck-amd64-linux.so)
==27870==    by 0xF09F004: CIAO::Session_Servant_Impl_T<POA_PSL_DeadlineTest::PSLDeadlineConnector::DDS_Event, PSL_DeadlineTest::PSLDeadlineConnector::CCM_DDS_Event, CIAO_PSL_DeadlineTest_PSLDeadlineConnector_DDS_Event_Impl::DDS_Event_Context_T<CIAO::Session_Container, CIAO::Session_Context_Impl_T<PSL_DeadlineTest::PSLDeadlineConnector::CCM_DDS_Event_Context, PSL_DeadlineTest::PSLDeadlineConnector::DDS_Event> > >::configuration_complete() (in /home/johnny/ACE/trunk/CIAO/connectors/dds4ccm/tests/PSLDeadline/Connector/libDDS_PSL_DeadlineTest_Connector_svnt.so.3.4.1)
==27870==    by 0x6E05AAD: TAO::Upcall_Wrapper::upcall(TAO_ServerRequest&, TAO::Argument* const*, unsigned long, TAO::Upcall_Command&, TAO::Portable_Server::Servant_Upcall*, CORBA::TypeCode* const*, unsigned int) (in /home/johnny/ACE/trunk/TAO/tao/PortableServer/libTAO_PortableServer.so.2.1.9)
==27869==    by 0xC4FAF82: std::_Rb_tree_node<std::pair<TestTopic const, int> >* std::_Rb_tree<TestTopic, std::pair<TestTopic const, int>, std::_Select1st<std::pair<TestTopic const, int> >, OpenDDSGenerated::TestTopic_KeyLessThan, std::allocator<std::pair<TestTopic const, int> > >::_M_create_node<std::pair<TestTopic const, int> >(std::pair<TestTopic const, int>&&) (in /home/johnny/ACE/trunk/CIAO/connectors/dds4ccm/tests/PSLDeadline/Base/libDDS_PSL_DeadlineTest_Base_stub.so.3.4.1)
==27870==    by 0xA6C241E: POA_Components::CCMObject::configuration_complete_skel(TAO_ServerRequest&, TAO::Portable_Server::Servant_Upcall*, TAO_ServantBase*) (in /home/johnny/ACE/trunk/CIAO/ccm/libCCM_svnt.so.1.1.9)
==27870==    by 0x6DFD63E: TAO_ServantBase::synchronous_upcall_dispatch(TAO_ServerRequest&, TAO::Portable_Server::Servant_Upcall*, TAO_ServantBase*) (in /home/johnny/ACE/trunk/TAO/tao/PortableServer/libTAO_PortableServer.so.2.1.9)
==27869==    by 0xC4FB03C: std::_Rb_tree_iterator<std::pair<TestTopic const, int> > std::_Rb_tree<TestTopic, std::pair<TestTopic const, int>, std::_Select1st<std::pair<TestTopic const, int> >, OpenDDSGenerated::TestTopic_KeyLessThan, std::allocator<std::pair<TestTopic const, int> > >::_M_insert_<std::pair<TestTopic const, int> >(std::_Rb_tree_node_base const*, std::_Rb_tree_node_base const*, std::pair<TestTopic const, int>&&) (in /home/johnny/ACE/trunk/CIAO/connectors/dds4ccm/tests/PSLDeadline/Base/libDDS_PSL_DeadlineTest_Base_stub.so.3.4.1)
==27870==    by 0x6DD2FFD: TAO_Object_Adapter::dispatch_servant(TAO::ObjectKey const&, TAO_ServerRequest&, TAO_Pseudo_Out_T<CORBA::Object>) (in /home/johnny/ACE/trunk/TAO/tao/PortableServer/libTAO_PortableServer.so.2.1.9)
==27870==    by 0x6DD3193: TAO_Object_Adapter::dispatch(TAO::ObjectKey&, TAO_ServerRequest&, TAO_Pseudo_Out_T<CORBA::Object>) (in /home/johnny/ACE/trunk/TAO/tao/PortableServer/libTAO_PortableServer.so.2.1.9)
==27869==    by 0xC4FB186: std::pair<std::_Rb_tree_iterator<std::pair<TestTopic const, int> >, bool> std::_Rb_tree<TestTopic, std::pair<TestTopic const, int>, std::_Select1st<std::pair<TestTopic const, int> >, OpenDDSGenerated::TestTopic_KeyLessThan, std::allocator<std::pair<TestTopic const, int> > >::_M_insert_unique<std::pair<TestTopic const, int> >(std::pair<TestTopic const, int>&&) (in /home/johnny/ACE/trunk/CIAO/connectors/dds4ccm/tests/PSLDeadline/Base/libDDS_PSL_DeadlineTest_Base_stub.so.3.4.1)
==27870==    by 0x7A008F9: TAO_Adapter_Registry::dispatch(TAO::ObjectKey&, TAO_ServerRequest&, TAO_Pseudo_Out_T<CORBA::Object>) (in /home/johnny/ACE/trunk/TAO/tao/libTAO.so.2.1.9)
==27870==    by 0x7A6D263: TAO_Request_Dispatcher::dispatch(TAO_ORB_Core*, TAO_ServerRequest&, TAO_Pseudo_Out_T<CORBA::Object>) (in /home/johnny/ACE/trunk/TAO/tao/libTAO.so.2.1.9)
==27869==    by 0xC4EF79B: TestTopicDataWriterImpl::get_or_create_instance_handle(int&, TestTopic const&, DDS::Time_t const&) (in /home/johnny/ACE/trunk/CIAO/connectors/dds4ccm/tests/PSLDeadline/Base/libDDS_PSL_DeadlineTest_Base_stub.so.3.4.1)
==27870==    by 0x7A04414: TAO::Collocated_Invocation::invoke(TAO::Collocation_Strategy) (in /home/johnny/ACE/trunk/TAO/tao/libTAO.so.2.1.9)
==27869==    by 0xC4EFBA6: TestTopicDataWriterImpl::write_w_timestamp(TestTopic const&, int, DDS::Time_t const&) (in /home/johnny/ACE/trunk/CIAO/connectors/dds4ccm/tests/PSLDeadline/Base/libDDS_PSL_DeadlineTest_Base_stub.so.3.4.1)
==27870==    by 0x7A33CCB: TAO::Invocation_Adapter::invoke_collocated_i(TAO_Stub*, TAO_Operation_Details&, TAO_Pseudo_Var_T<CORBA::Object>&, TAO::Collocation_Strategy) (in /home/johnny/ACE/trunk/TAO/tao/libTAO.so.2.1.9)
==27869==    by 0xC4EBE17: TestTopicDataWriterImpl::write(TestTopic const&, int) (in /home/johnny/ACE/trunk/CIAO/connectors/dds4ccm/tests/PSLDeadline/Base/libDDS_PSL_DeadlineTest_Base_stub.so.3.4.1)
==27870==    by 0x7A343CD: TAO::Invocation_Adapter::invoke_i(TAO_Stub*, TAO_Operation_Details&) (in /home/johnny/ACE/trunk/TAO/tao/libTAO.so.2.1.9)
==27870==    by 0x7A33420: TAO::Invocation_Adapter::invoke(TAO::Exception_Data*, unsigned long) (in /home/johnny/ACE/trunk/TAO/tao/libTAO.so.2.1.9)
==27869==    by 0xBDE1D0B: CIAO::DDS4CCM::Writer_T<PSL_DeadlineTest::PSLDeadlineConnector::CCM_Writer, TestTopicDataWriter, TestTopic, TAO::DCPS::ZeroCopyDataSeq<TestTopic, 20ul> >::write_i(TestTopic const&, int, unsigned int) (in /home/johnny/ACE/trunk/CIAO/connectors/dds4ccm/tests/PSLDeadline/Connector/libDDS_PSL_DeadlineTest_Connector_exec.so.3.4.1)
==27870==    by 0xB7537AF: Components::CCMObject::configuration_complete() (in /home/johnny/ACE/trunk/CIAO/ccm/libCCM_stub.so.1.1.9)
==27870==    by 0x9C32FB4: CIAO::Component_Handler_i::instance_configured(Deployment::DeploymentPlan const&, unsigned int) (in /home/johnny/ACE/trunk/CIAO/ciao/Deployment/Handlers/libCIAO_Deployment_Handlers.so.1.1.9)
==27869==    by 0xBDE1E94: CIAO::DDS4CCM::Writer_T<PSL_DeadlineTest::PSLDeadlineConnector::CCM_Writer, TestTopicDataWriter, TestTopic, TAO::DCPS::ZeroCopyDataSeq<TestTopic, 20ul> >::write_one(TestTopic const&, int) (in /home/johnny/ACE/trunk/CIAO/connectors/dds4ccm/tests/PSLDeadline/Connector/libDDS_PSL_DeadlineTest_Connector_exec.so.3.4.1)
==27870==    by 0x59044E4: DAnCE::Instance_Configured::invoke(DAnCE::InstanceDeploymentHandler*) (in /home/johnny/ACE/trunk/DAnCE/dance/LocalityManager/Scheduler/libDAnCE_Deployment_Scheduler.so.1.1.9)
==27869==    by 0xFBBA16F: CIAO_PSL_DeadlineTest_Sender_Impl::Sender_exec_i::tick() (in /home/johnny/ACE/trunk/CIAO/connectors/dds4ccm/tests/PSLDeadline/Sender/libSender_exec.so.3.4.1)
==27870==    by 0x58FF845: DAnCE::Action_Base::call() (in /home/johnny/ACE/trunk/DAnCE/dance/LocalityManager/Scheduler/libDAnCE_Deployment_Scheduler.so.1.1.9)
==27869==    by 0xFBBA25C: CIAO_PSL_DeadlineTest_Sender_Impl::pulse_Generator::handle_timeout(ACE_Time_Value const&, void const*) (in /home/johnny/ACE/trunk/CIAO/connectors/dds4ccm/tests/PSLDeadline/Sender/libSender_exec.so.3.4.1)
==27870==    by 0x58FC63D: DAnCE::Deployment_Scheduler::perform_work() (in /home/johnny/ACE/trunk/DAnCE/dance/LocalityManager/Scheduler/libDAnCE_Deployment_Scheduler.so.1.1.9)
==27869==    by 0x7DDA5E5: ACE_Event_Handler_Handle_Timeout_Upcall::timeout(ACE_Abstract_Timer_Queue<ACE_Event_Handler*>&, ACE_Event_Handler*, void const*, int, ACE_Time_Value const&) (in /home/johnny/ACE/trunk/ACE/ace/libACE.so.6.1.9)
==27870==    by 0x58FC888: DAnCE::Deployment_Completion::single_threaded_wait_on_completion(ACE_Time_Value*) (in /home/johnny/ACE/trunk/DAnCE/dance/LocalityManager/Scheduler/libDAnCE_Deployment_Scheduler.so.1.1.9)
==27870== 
==27869==    by 0x7A7B491: ACE_Timer_Queue_T<ACE_Event_Handler*, ACE_Event_Handler_Handle_Timeout_Upcall, ACE_Recursive_Thread_Mutex, ACE_System_Time_Policy>::expire_single(ACE_Command_Base&) (in /home/johnny/ACE/trunk/TAO/tao/libTAO.so.2.1.9)
==27869==    by 0x7E2CC7C: ACE_TP_Reactor::handle_timer_events(int&, ACE_TP_Token_Guard&) (in /home/johnny/ACE/trunk/ACE/ace/libACE.so.6.1.9)
==27869==    by 0x7E2D941: ACE_TP_Reactor::dispatch_i(ACE_Time_Value*, ACE_TP_Token_Guard&) (in /home/johnny/ACE/trunk/ACE/ace/libACE.so.6.1.9)
==27869==    by 0x7E2DBB0: ACE_TP_Reactor::handle_events(ACE_Time_Value*) (in /home/johnny/ACE/trunk/ACE/ace/libACE.so.6.1.9)
==27869==    by 0x7A54EF2: TAO_ORB_Core::run(ACE_Time_Value*, int) (in /home/johnny/ACE/trunk/TAO/tao/libTAO.so.2.1.9)
==27869==    by 0x40592B: DAnCE::LocalityManager_Task::svc() (in /home/johnny/ACE/trunk/DAnCE/dance/LocalityManager/Daemon/dance_locality_manager)
==27869==    by 0x40441E: DAnCE::LocalityManager_Task::run() (in /home/johnny/ACE/trunk/DAnCE/dance/LocalityManager/Daemon/dance_locality_manager)
==27870== 3,360 bytes in 1 blocks are indirectly lost in loss record 77 of 85
==27869==    by 0x40414F: main (in /home/johnny/ACE/trunk/DAnCE/dance/LocalityManager/Daemon/dance_locality_manager)
==27869== 
==27870==    at 0x4C2B25D: operator new[](unsigned long, std::nothrow_t const&) (in /usr/lib64/valgrind/vgpreload_memcheck-amd64-linux.so)
==27870==    by 0xDF8BABB: OpenDDS::DCPS::DataLinkSet::DataLinkSet() (in /home/johnny/ACE/OpenDDS/dds/libOpenDDS_Dcps.so.3.4.1)
==27870==    by 0xDF793F1: OpenDDS::DCPS::TransportClient::TransportClient() (in /home/johnny/ACE/OpenDDS/dds/libOpenDDS_Dcps.so.3.4.1)
==27870==    by 0xC405534: TestTopicDataReaderImpl::TestTopicDataReaderImpl() (in /home/johnny/ACE/trunk/CIAO/connectors/dds4ccm/tests/PSLDeadline/Base/libDDS_PSL_DeadlineTest_Base_stub.so.3.4.1)
==27870==    by 0xC4057AE: TestTopicTypeSupportImpl::create_datareader() (in /home/johnny/ACE/trunk/CIAO/connectors/dds4ccm/tests/PSLDeadline/Base/libDDS_PSL_DeadlineTest_Base_stub.so.3.4.1)
==27870==    by 0xDF5AD54: OpenDDS::DCPS::SubscriberImpl::create_datareader(DDS::TopicDescription*, DDS::DataReaderQos const&, DDS::DataReaderListener*, unsigned int) (in /home/johnny/ACE/OpenDDS/dds/libOpenDDS_Dcps.so.3.4.1)
==27870==    by 0xF58AAD0: DDS_Subscriber_Base_T<CIAO_PSL_DeadlineTest_PSLDeadlineConnector_DDS_Event_Impl::CCM_PSL_DeadlineTest_PSLDeadlineConnector_DDS_Event_Traits::push_consumer_traits, TestTopicDataReader, TestTopic, TAO::DCPS::ZeroCopyDataSeq<TestTopic, 20ul> >::configuration_complete(DDS::Topic*, DDS::Subscriber*, char const*, OpenDDS::DCPS::QOS_XML_Loader*) (in /home/johnny/ACE/trunk/CIAO/connectors/dds4ccm/tests/PSLDeadline/Connector/libDDS_PSL_DeadlineTest_Connector_exec.so.3.4.1)
==27870==    by 0xF58E353: DDS_Event_Connector_T<CIAO_PSL_DeadlineTest_PSLDeadlineConnector_DDS_Event_Impl::CCM_PSL_DeadlineTest_PSLDeadlineConnector_DDS_Event_Traits, CIAO_PSL_DeadlineTest_PSLDeadlineConnector_DDS_Event_Impl::TestTopic_DDS_Traits, false, TAO::DCPS::ZeroCopyDataSeq<TestTopic, 20ul> >::do_configuration_complete() (in /home/johnny/ACE/trunk/CIAO/connectors/dds4ccm/tests/PSLDeadline/Connector/libDDS_PSL_DeadlineTest_Connector_exec.so.3.4.1)
==27870==    by 0xF58E697: DDS_Event_Connector_T<CIAO_PSL_DeadlineTest_PSLDeadlineConnector_DDS_Event_Impl::CCM_PSL_DeadlineTest_PSLDeadlineConnector_DDS_Event_Traits, CIAO_PSL_DeadlineTest_PSLDeadlineConnector_DDS_Event_Impl::TestTopic_DDS_Traits, false, TAO::DCPS::ZeroCopyDataSeq<TestTopic, 20ul> >::configuration_complete() (in /home/johnny/ACE/trunk/CIAO/connectors/dds4ccm/tests/PSLDeadline/Connector/libDDS_PSL_DeadlineTest_Connector_exec.so.3.4.1)
==27870==    by 0xF09F004: CIAO::Session_Servant_Impl_T<POA_PSL_DeadlineTest::PSLDeadlineConnector::DDS_Event, PSL_DeadlineTest::PSLDeadlineConnector::CCM_DDS_Event, CIAO_PSL_DeadlineTest_PSLDeadlineConnector_DDS_Event_Impl::DDS_Event_Context_T<CIAO::Session_Container, CIAO::Session_Context_Impl_T<PSL_DeadlineTest::PSLDeadlineConnector::CCM_DDS_Event_Context, PSL_DeadlineTest::PSLDeadlineConnector::DDS_Event> > >::configuration_complete() (in /home/johnny/ACE/trunk/CIAO/connectors/dds4ccm/tests/PSLDeadline/Connector/libDDS_PSL_DeadlineTest_Connector_svnt.so.3.4.1)
==27869== 120 bytes in 1 blocks are indirectly lost in loss record 70 of 147
==27870==    by 0x6E05AAD: TAO::Upcall_Wrapper::upcall(TAO_ServerRequest&, TAO::Argument* const*, unsigned long, TAO::Upcall_Command&, TAO::Portable_Server::Servant_Upcall*, CORBA::TypeCode* const*, unsigned int) (in /home/johnny/ACE/trunk/TAO/tao/PortableServer/libTAO_PortableServer.so.2.1.9)
==27869==    at 0x4C2BC97: operator new(unsigned long) (in /usr/lib64/valgrind/vgpreload_memcheck-amd64-linux.so)
==27870==    by 0xA6C241E: POA_Components::CCMObject::configuration_complete_skel(TAO_ServerRequest&, TAO::Portable_Server::Servant_Upcall*, TAO_ServantBase*) (in /home/johnny/ACE/trunk/CIAO/ccm/libCCM_svnt.so.1.1.9)
==27869==    by 0xE4A3A95: OpenDDS::DCPS::DataWriterImpl::enable() (in /home/johnny/ACE/OpenDDS/dds/libOpenDDS_Dcps.so.3.4.1)
==27870==    by 0x6DFD63E: TAO_ServantBase::synchronous_upcall_dispatch(TAO_ServerRequest&, TAO::Portable_Server::Servant_Upcall*, TAO_ServantBase*) (in /home/johnny/ACE/trunk/TAO/tao/PortableServer/libTAO_PortableServer.so.2.1.9)
==27869==    by 0xE48129D: OpenDDS::DCPS::PublisherImpl::create_datawriter(DDS::Topic*, DDS::DataWriterQos const&, DDS::DataWriterListener*, unsigned int) (in /home/johnny/ACE/OpenDDS/dds/libOpenDDS_Dcps.so.3.4.1)
==27870==    by 0x6DD2FFD: TAO_Object_Adapter::dispatch_servant(TAO::ObjectKey const&, TAO_ServerRequest&, TAO_Pseudo_Out_T<CORBA::Object>) (in /home/johnny/ACE/trunk/TAO/tao/PortableServer/libTAO_PortableServer.so.2.1.9)
==27870==    by 0x6DD3193: TAO_Object_Adapter::dispatch(TAO::ObjectKey&, TAO_ServerRequest&, TAO_Pseudo_Out_T<CORBA::Object>) (in /home/johnny/ACE/trunk/TAO/tao/PortableServer/libTAO_PortableServer.so.2.1.9)
==27869==    by 0xBDF0C2E: DDS_Write_T<CIAO_PSL_DeadlineTest_PSLDeadlineConnector_DDS_Event_Impl::CCM_PSL_DeadlineTest_PSLDeadlineConnector_DDS_Event_Traits::supplier_traits, TestTopicDataWriter, TestTopic, TAO::DCPS::ZeroCopyDataSeq<TestTopic, 20ul> >::configuration_complete(DDS::Topic*, DDS::Publisher*, char const*, OpenDDS::DCPS::QOS_XML_Loader*) (in /home/johnny/ACE/trunk/CIAO/connectors/dds4ccm/tests/PSLDeadline/Connector/libDDS_PSL_DeadlineTest_Connector_exec.so.3.4.1)
==27870==    by 0x7A008F9: TAO_Adapter_Registry::dispatch(TAO::ObjectKey&, TAO_ServerRequest&, TAO_Pseudo_Out_T<CORBA::Object>) (in /home/johnny/ACE/trunk/TAO/tao/libTAO.so.2.1.9)
==27870==    by 0x7A6D263: TAO_Request_Dispatcher::dispatch(TAO_ORB_Core*, TAO_ServerRequest&, TAO_Pseudo_Out_T<CORBA::Object>) (in /home/johnny/ACE/trunk/TAO/tao/libTAO.so.2.1.9)
==27869==    by 0xBDF73DE: DDS_Event_Connector_T<CIAO_PSL_DeadlineTest_PSLDeadlineConnector_DDS_Event_Impl::CCM_PSL_DeadlineTest_PSLDeadlineConnector_DDS_Event_Traits, CIAO_PSL_DeadlineTest_PSLDeadlineConnector_DDS_Event_Impl::TestTopic_DDS_Traits, false, TAO::DCPS::ZeroCopyDataSeq<TestTopic, 20ul> >::do_configuration_complete() (in /home/johnny/ACE/trunk/CIAO/connectors/dds4ccm/tests/PSLDeadline/Connector/libDDS_PSL_DeadlineTest_Connector_exec.so.3.4.1)
==27870==    by 0x7A04414: TAO::Collocated_Invocation::invoke(TAO::Collocation_Strategy) (in /home/johnny/ACE/trunk/TAO/tao/libTAO.so.2.1.9)
==27870==    by 0x7A33CCB: TAO::Invocation_Adapter::invoke_collocated_i(TAO_Stub*, TAO_Operation_Details&, TAO_Pseudo_Var_T<CORBA::Object>&, TAO::Collocation_Strategy) (in /home/johnny/ACE/trunk/TAO/tao/libTAO.so.2.1.9)
==27869==    by 0xBDF7697: DDS_Event_Connector_T<CIAO_PSL_DeadlineTest_PSLDeadlineConnector_DDS_Event_Impl::CCM_PSL_DeadlineTest_PSLDeadlineConnector_DDS_Event_Traits, CIAO_PSL_DeadlineTest_PSLDeadlineConnector_DDS_Event_Impl::TestTopic_DDS_Traits, false, TAO::DCPS::ZeroCopyDataSeq<TestTopic, 20ul> >::configuration_complete() (in /home/johnny/ACE/trunk/CIAO/connectors/dds4ccm/tests/PSLDeadline/Connector/libDDS_PSL_DeadlineTest_Connector_exec.so.3.4.1)
==27870==    by 0x7A343CD: TAO::Invocation_Adapter::invoke_i(TAO_Stub*, TAO_Operation_Details&) (in /home/johnny/ACE/trunk/TAO/tao/libTAO.so.2.1.9)
==27870==    by 0x7A33420: TAO::Invocation_Adapter::invoke(TAO::Exception_Data*, unsigned long) (in /home/johnny/ACE/trunk/TAO/tao/libTAO.so.2.1.9)
==27869==    by 0xF181004: CIAO::Session_Servant_Impl_T<POA_PSL_DeadlineTest::PSLDeadlineConnector::DDS_Event, PSL_DeadlineTest::PSLDeadlineConnector::CCM_DDS_Event, CIAO_PSL_DeadlineTest_PSLDeadlineConnector_DDS_Event_Impl::DDS_Event_Context_T<CIAO::Session_Container, CIAO::Session_Context_Impl_T<PSL_DeadlineTest::PSLDeadlineConnector::CCM_DDS_Event_Context, PSL_DeadlineTest::PSLDeadlineConnector::DDS_Event> > >::configuration_complete() (in /home/johnny/ACE/trunk/CIAO/connectors/dds4ccm/tests/PSLDeadline/==27870==    by 0xB7537AF: Components::CCMObject::configuration_complete() (in /home/johnny/ACE/trunk/CIAO/ccm/libCCM_stub.so.1.1.9)
Connector/libDDS_PSL_DeadlineTest_Connector_svnt.so.3.4.1)
==27870==    by 0x9C32FB4: CIAO::Component_Handler_i::instance_configured(Deployment::DeploymentPlan const&, unsigned int) (in /home/johnny/ACE/trunk/CIAO/ciao/Deployment/Handlers/libCIAO_Deployment_Handlers.so.1.1.9)
==27870==    by 0x59044E4: DAnCE::Instance_Configured::invoke(DAnCE::InstanceDeploymentHandler*) (in /home/johnny/ACE/trunk/DAnCE/dance/LocalityManager/Scheduler/libDAnCE_Deployment_Scheduler.so.1.1.9)
==27869==    by 0x6E05AAD: TAO::Upcall_Wrapper::upcall(TAO_ServerRequest&, TAO::Argument* const*, unsigned long, TAO::Upcall_Command&, TAO::Portable_Server::Servant_Upcall*, CORBA::TypeCode* const*, unsigned int) (in /home/johnny/ACE/trunk/TAO/tao/PortableServer/libTAO_PortableServer.so.2.1.9)
==27870==    by 0x58FF845: DAnCE::Action_Base::call() (in /home/johnny/ACE/trunk/DAnCE/dance/LocalityManager/Scheduler/libDAnCE_Deployment_Scheduler.so.1.1.9)
==27870== 
==27869==    by 0xA6C241E: POA_Components::CCMObject::configuration_complete_skel(TAO_ServerRequest&, TAO::Portable_Server::Servant_Upcall*, TAO_ServantBase*) (in /home/johnny/ACE/trunk/CIAO/ccm/libCCM_svnt.so.1.1.9)
==27869==    by 0x6DFD63E: TAO_ServantBase::synchronous_upcall_dispatch(TAO_ServerRequest&, TAO::Portable_Server::Servant_Upcall*, TAO_ServantBase*) (in /home/johnny/ACE/trunk/TAO/tao/PortableServer/libTAO_PortableServer.so.2.1.9)
==27869==    by 0x6DD2FFD: TAO_Object_Adapter::dispatch_servant(TAO::ObjectKey const&, TAO_ServerRequest&, TAO_Pseudo_Out_T<CORBA::Object>) (in /home/johnny/ACE/trunk/TAO/tao/PortableServer/libTAO_PortableServer.so.2.1.9)
==27869==    by 0x6DD3193: TAO_Object_Adapter::dispatch(TAO::ObjectKey&, TAO_ServerRequest&, TAO_Pseudo_Out_T<CORBA::Object>) (in /home/johnny/ACE/trunk/TAO/tao/PortableServer/libTAO_PortableServer.so.2.1.9)
==27869==    by 0x7A008F9: TAO_Adapter_Registry::dispatch(TAO::ObjectKey&, TAO_ServerRequest&, TAO_Pseudo_Out_T<CORBA::Object>) (in /home/johnny/ACE/trunk/TAO/tao/libTAO.so.2.1.9)
==27869==    by 0x7A6D263: TAO_Request_Dispatcher::dispatch(TAO_ORB_Core*, TAO_ServerRequest&, TAO_Pseudo_Out_T<CORBA::Object>) (in /home/johnny/ACE/trunk/TAO/tao/libTAO.so.2.1.9)
==27870== 3,360 bytes in 1 blocks are indirectly lost in loss record 78 of 85
==27869==    by 0x7A04414: TAO::Collocated_Invocation::invoke(TAO::Collocation_Strategy) (in /home/johnny/ACE/trunk/TAO/tao/libTAO.so.2.1.9)
==27870==    at 0x4C2B25D: operator new[](unsigned long, std::nothrow_t const&) (in /usr/lib64/valgrind/vgpreload_memcheck-amd64-linux.so)
==27869==    by 0x7A33CCB: TAO::Invocation_Adapter::invoke_collocated_i(TAO_Stub*, TAO_Operation_Details&, TAO_Pseudo_Var_T<CORBA::Object>&, TAO::Collocation_Strategy) (in /home/johnny/ACE/trunk/TAO/tao/libTAO.so.2.1.9)
==27870==    by 0xDF8BABB: OpenDDS::DCPS::DataLinkSet::DataLinkSet() (in /home/johnny/ACE/OpenDDS/dds/libOpenDDS_Dcps.so.3.4.1)
==27869==    by 0x7A343CD: TAO::Invocation_Adapter::invoke_i(TAO_Stub*, TAO_Operation_Details&) (in /home/johnny/ACE/trunk/TAO/tao/libTAO.so.2.1.9)
==27870==    by 0xDF79400: OpenDDS::DCPS::TransportClient::TransportClient() (in /home/johnny/ACE/OpenDDS/dds/libOpenDDS_Dcps.so.3.4.1)
==27869==    by 0x7A33420: TAO::Invocation_Adapter::invoke(TAO::Exception_Data*, unsigned long) (in /home/johnny/ACE/trunk/TAO/tao/libTAO.so.2.1.9)
==27870==    by 0xC405534: TestTopicDataReaderImpl::TestTopicDataReaderImpl() (in /home/johnny/ACE/trunk/CIAO/connectors/dds4ccm/tests/PSLDeadline/Base/libDDS_PSL_DeadlineTest_Base_stub.so.3.4.1)
==27870==    by 0xC4057AE: TestTopicTypeSupportImpl::create_datareader() (in /home/johnny/ACE/trunk/CIAO/connectors/dds4ccm/tests/PSLDeadline/Base/libDDS_PSL_DeadlineTest_Base_stub.so.3.4.1)
==27869==    by 0xB7537AF: Components::CCMObject::configuration_complete() (in /home/johnny/ACE/trunk/CIAO/ccm/libCCM_stub.so.1.1.9)
==27870==    by 0xDF5AD54: OpenDDS::DCPS::SubscriberImpl::create_datareader(DDS::TopicDescription*, DDS::DataReaderQos const&, DDS::DataReaderListener*, unsigned int) (in /home/johnny/ACE/OpenDDS/dds/libOpenDDS_Dcps.so.3.4.1)
==27869==    by 0x9C32FB4: CIAO::Component_Handler_i::instance_configured(Deployment::DeploymentPlan const&, unsigned int) (in /home/johnny/ACE/trunk/CIAO/ciao/Deployment/Handlers/libCIAO_Deployment_Handlers.so.1.1.9)
==27870==    by 0xF58AAD0: DDS_Subscriber_Base_T<CIAO_PSL_DeadlineTest_PSLDeadlineConnector_DDS_Event_Impl::CCM_PSL_DeadlineTest_PSLDeadlineConnector_DDS_Event_Traits::push_consumer_traits, TestTopicDataReader, TestTopic, TAO::DCPS::ZeroCopyDataSeq<TestTopic, 20ul> >::configuration_complete(DDS::Topic*, DDS::Subscriber*, char const*, OpenDDS::DCPS::QOS_XML_Loader*) (in /home/johnny/ACE/trunk/CIAO/connectors/dds4ccm/tests/PSLDeadline/Connector/libDDS_PSL_DeadlineTest_Connector_exec.so.3.4.1)
==27869==    by 0x59044E4: DAnCE::Instance_Configured::invoke(DAnCE::InstanceDeploymentHandler*) (in /home/johnny/ACE/trunk/DAnCE/dance/LocalityManager/Scheduler/libDAnCE_Deployment_Scheduler.so.1.1.9)
==27870==    by 0xF58E353: DDS_Event_Connector_T<CIAO_PSL_DeadlineTest_PSLDeadlineConnector_DDS_Event_Impl::CCM_PSL_DeadlineTest_PSLDeadlineConnector_DDS_Event_Traits, CIAO_PSL_DeadlineTest_PSLDeadlineConnector_DDS_Event_Impl::TestTopic_DDS_Traits, false, TAO::DCPS::ZeroCopyDataSeq<TestTopic, 20ul> >::do_configuration_complete() (in /home/johnny/ACE/trunk/CIAO/connectors/dds4ccm/tests/PSLDeadline/Connector/libDDS_PSL_DeadlineTest_Connector_exec.so.3.4.1)
==27869==    by 0x58FF845: DAnCE::Action_Base::call() (in /home/johnny/ACE/trunk/DAnCE/dance/LocalityManager/Scheduler/libDAnCE_Deployment_Scheduler.so.1.1.9)
==27870==    by 0xF58E697: DDS_Event_Connector_T<CIAO_PSL_DeadlineTest_PSLDeadlineConnector_DDS_Event_Impl::CCM_PSL_DeadlineTest_PSLDeadlineConnector_DDS_Event_Traits, CIAO_PSL_DeadlineTest_PSLDeadlineConnector_DDS_Event_Impl::TestTopic_DDS_Traits, false, TAO::DCPS::ZeroCopyDataSeq<TestTopic, 20ul> >::configuration_complete() (in /home/johnny/ACE/trunk/CIAO/connectors/dds4ccm/tests/PSLDeadline/Connector/libDDS_PSL_DeadlineTest_Connector_exec.so.3.4.1)
==27869==    by 0x58FC63D: DAnCE::Deployment_Scheduler::perform_work() (in /home/johnny/ACE/trunk/DAnCE/dance/LocalityManager/Scheduler/libDAnCE_Deployment_Scheduler.so.1.1.9)
==27870==    by 0xF09F004: CIAO::Session_Servant_Impl_T<POA_PSL_DeadlineTest::PSLDeadlineConnector::DDS_Event, PSL_DeadlineTest::PSLDeadlineConnector::CCM_DDS_Event, CIAO_PSL_DeadlineTest_PSLDeadlineConnector_DDS_Event_Impl::DDS_Event_Context_T<CIAO::Session_Container, CIAO::Session_Context_Impl_T<PSL_DeadlineTest::PSLDeadlineConnector::CCM_DDS_Event_Context, PSL_DeadlineTest::PSLDeadlineConnector::DDS_Event> > >::configuration_complete() (in /home/johnny/ACE/trunk/CIAO/connectors/dds4ccm/tests/PSLDeadline/Connector/libDDS_PSL_DeadlineTest_Connector_svnt.so.3.4.1)
==27869==    by 0x58FC888: DAnCE::Deployment_Completion::single_threaded_wait_on_completion(ACE_Time_Value*) (in /home/johnny/ACE/trunk/DAnCE/dance/LocalityManager/Scheduler/libDAnCE_Deployment_Scheduler.so.1.1.9)
==27870==    by 0x6E05AAD: TAO::Upcall_Wrapper::upcall(TAO_ServerRequest&, TAO::Argument* const*, unsigned long, TAO::Upcall_Command&, TAO::Portable_Server::Servant_Upcall*, CORBA::TypeCode* const*, unsigned int) (in /home/johnny/ACE/trunk/TAO/tao/PortableServer/libTAO_PortableServer.so.2.1.9)
==27869==    by 0x58FC984: DAnCE::Deployment_Completion::wait_on_completion(ACE_Time_Value*) (in /home/johnny/ACE/trunk/DAnCE/dance/LocalityManager/Scheduler/libDAnCE_Deployment_Scheduler.so.1.1.9)
==27870==    by 0xA6C241E: POA_Components::CCMObject::configuration_complete_skel(TAO_ServerRequest&, TAO::Portable_Server::Servant_Upcall*, TAO_ServantBase*) (in /home/johnny/ACE/trunk/CIAO/ccm/libCCM_svnt.so.1.1.9)
==27869== 
==27870==    by 0x6DFD63E: TAO_ServantBase::synchronous_upcall_dispatch(TAO_ServerRequest&, TAO::Portable_Server::Servant_Upcall*, TAO_ServantBase*) (in /home/johnny/ACE/trunk/TAO/tao/PortableServer/libTAO_PortableServer.so.2.1.9)
==27870==    by 0x6DD2FFD: TAO_Object_Adapter::dispatch_servant(TAO::ObjectKey const&, TAO_ServerRequest&, TAO_Pseudo_Out_T<CORBA::Object>) (in /home/johnny/ACE/trunk/TAO/tao/PortableServer/libTAO_PortableServer.so.2.1.9)
==27870==    by 0x6DD3193: TAO_Object_Adapter::dispatch(TAO::ObjectKey&, TAO_ServerRequest&, TAO_Pseudo_Out_T<CORBA::Object>) (in /home/johnny/ACE/trunk/TAO/tao/PortableServer/libTAO_PortableServer.so.2.1.9)
==27870==    by 0x7A008F9: TAO_Adapter_Registry::dispatch(TAO::ObjectKey&, TAO_ServerRequest&, TAO_Pseudo_Out_T<CORBA::Object>) (in /home/johnny/ACE/trunk/TAO/tao/libTAO.so.2.1.9)
==27870==    by 0x7A6D263: TAO_Request_Dispatcher::dispatch(TAO_ORB_Core*, TAO_ServerRequest&, TAO_Pseudo_Out_T<CORBA::Object>) (in /home/johnny/ACE/trunk/TAO/tao/libTAO.so.2.1.9)
==27870==    by 0x7A04414: TAO::Collocated_Invocation::invoke(TAO::Collocation_Strategy) (in /home/johnny/ACE/trunk/TAO/tao/libTAO.so.2.1.9)
==27870==    by 0x7A33CCB: TAO::Invocation_Adapter::invoke_collocated_i(TAO_Stub*, TAO_Operation_Details&, TAO_Pseudo_Var_T<CORBA::Object>&, TAO::Collocation_Strategy) (in /home/johnny/ACE/trunk/TAO/tao/libTAO.so.2.1.9)
==27870==    by 0x7A343CD: TAO::Invocation_Adapter::invoke_i(TAO_Stub*, TAO_Operation_Details&) (in /home/johnny/ACE/trunk/TAO/tao/libTAO.so.2.1.9)
==27870==    by 0x7A33420: TAO::Invocation_Adapter::invoke(TAO::Exception_Data*, unsigned long) (in /home/johnny/ACE/trunk/TAO/tao/libTAO.so.2.1.9)
==27870==    by 0xB7537AF: Components::CCMObject::configuration_complete() (in /home/johnny/ACE/trunk/CIAO/ccm/libCCM_stub.so.1.1.9)
==27869== 128 bytes in 1 blocks are still reachable in loss record 71 of 147
==27870==    by 0x9C32FB4: CIAO::Component_Handler_i::instance_configured(Deployment::DeploymentPlan const&, unsigned int) (in /home/johnny/ACE/trunk/CIAO/ciao/Deployment/Handlers/libCIAO_Deployment_Handlers.so.1.1.9)
==27869==    at 0x4C2B9CB: operator new(unsigned long, std::nothrow_t const&) (in /usr/lib64/valgrind/vgpreload_memcheck-amd64-linux.so)
==27870==    by 0x59044E4: DAnCE::Instance_Configured::invoke(DAnCE::InstanceDeploymentHandler*) (in /home/johnny/ACE/trunk/DAnCE/dance/LocalityManager/Scheduler/libDAnCE_Deployment_Scheduler.so.1.1.9)
==27869==    by 0x7DF59AA: ACE_OS_Object_Manager::init() (in /home/johnny/ACE/trunk/ACE/ace/libACE.so.6.1.9)
==27870==    by 0x58FF845: DAnCE::Action_Base::call() (in /home/johnny/ACE/trunk/DAnCE/dance/LocalityManager/Scheduler/libDAnCE_Deployment_Scheduler.so.1.1.9)
==27869==    by 0x7DF5B69: ACE_OS_Object_Manager::ACE_OS_Object_Manager() (in /home/johnny/ACE/trunk/ACE/ace/libACE.so.6.1.9)
==27870== 
==27869==    by 0x7DF5C10: ACE_OS_Object_Manager::instance() (in /home/johnny/ACE/trunk/ACE/ace/libACE.so.6.1.9)
==27869==    by 0x7DF40D4: ACE_Object_Manager::init() (in /home/johnny/ACE/trunk/ACE/ace/libACE.so.6.1.9)
==27869==    by 0x7DF4567: ACE_Object_Manager::ACE_Object_Manager() (in /home/johnny/ACE/trunk/ACE/ace/libACE.so.6.1.9)
==27869==    by 0x7DF4630: ACE_Object_Manager::instance() (in /home/johnny/ACE/trunk/ACE/ace/libACE.so.6.1.9)
==27869==    by 0x7D8CF5F: _GLOBAL__sub_I_Object_Manager.cpp (in /home/johnny/ACE/trunk/ACE/ace/libACE.so.6.1.9)
==27869==    by 0x400E7B5: call_init (dl-init.c:85)
